2025-09-22 22:17:26.111 Df TimedancersMeditation[24374:1a76c] [com.apple.securityd:SecError] SecTrustReportNetworkingAnalytics failed with error: -4
2025-09-22 22:17:26.111 A  TimedancersMeditation[24374:1a76c] (Security) SecTrustReportNetworkingAnalytics
2025-09-22 22:17:26.111 I  TimedancersMeditation[24374:1a7d0] [com.apple.network:connection] nw_connection_create_with_id [C3] create connection to Hostname#e1683dcb:19000
2025-09-22 22:17:26.111 Df TimedancersMeditation[24374:1a7d0] [com.apple.CFNetwork:Default] Connection 3: starting, TC(0x0)
2025-09-22 22:17:26.111 Df TimedancersMeditation[24374:1a7d0] [com.apple.network:connection] [C3 FFAC36E5-CD57-4F44-A047-58C56050AA32 Hostname#e1683dcb:19000 tcp, url: http://localhost:19000/status, definite, attribution: developer, context: com.apple.CFNetwork.NSURLSession.{19242CD7-A13E-49E0-84B0-1448496F6F37}{(null)}{Y}{2}{0x0} (private), proc: A3E2F401-DEA3-304B-AA25-D962D687F5D0] start
2025-09-22 22:17:26.111 Df TimedancersMeditation[24374:1a76c] [com.apple.securityd:SecError] SecTrustReportNetworkingAnalytics failed with error: -4
2025-09-22 22:17:26.111 A  TimedancersMeditation[24374:1a76c] (Security) SecTrustReportNetworkingAnalytics
2025-09-22 22:17:26.111 Df TimedancersMeditation[24374:1a76c] [com.apple.securityd:SecError] SecTrustReportNetworkingAnalytics failed with error: -4
2025-09-22 22:17:26.111 A  TimedancersMeditation[24374:1a76c] (Security) SecTrustReportNetworkingAnalytics
2025-09-22 22:17:26.111 Df TimedancersMeditation[24374:1a76c] [com.apple.securityd:SecError] SecTrustReportNetworkingAnalytics failed with error: -4
2025-09-22 22:17:26.111 A  TimedancersMeditation[24374:1a76c] (Security) SecTrustReportNetworkingAnalytics
2025-09-22 22:17:26.111 Df TimedancersMeditation[24374:1a76c] [com.apple.securityd:SecError] SecTrustReportNetworkingAnalytics failed with error: -4
2025-09-22 22:17:26.111 A  TimedancersMeditation[24374:1a76c] (Security) SecTrustReportNetworkingAnalytics
2025-09-22 22:17:26.112 Df TimedancersMeditation[24374:1a76c] [com.apple.securityd:SecError] SecTrustReportNetworkingAnalytics failed with error: -4
2025-09-22 22:17:26.111 I  TimedancersMeditation[24374:1a7d0] [com.apple.network:connection] nw_endpoint_handler_start [C3 Hostname#e1683dcb:19000 initial parent-flow ((null))]
2025-09-22 22:17:26.112 Df TimedancersMeditation[24374:1a7d0] [com.apple.network:connection] [C3 Hostname#e1683dcb:19000 initial parent-flow ((null))] event: path:start @0.001s
2025-09-22 22:17:26.112 Db TimedancersMeditation[24374:1a705] [com.apple.CFBundle:strings] Bundle: CFBundle 0x600003b28540 </Library/Developer/CoreSimulator/Volumes/iOS_22E238/Library/Developer/CoreSimulator/Profiles/Runtimes/iOS 18.4.simruntime/Contents/Resources/RuntimeRoot/System/Library/PrivateFrameworks/UIKitCore.framework> (not loaded), key: More, value: More, table: Localizable, localizationNames: (null), result: More
2025-09-22 22:17:26.113 Db TimedancersMeditation[24374:1a7d0] [com.apple.network:connection] nw_endpoint_handler_path_change [C3 Hostname#e1683dcb:19000 waiting parent-flow (satisfied (Path is satisfied), interface: en0[802.11], uses wifi)]
2025-09-22 22:17:26.113 Db TimedancersMeditation[24374:1a7d0] [com.apple.networkextension:] ne_tracker_check_is_hostname_blocked() proceeding with the in_the_app check for hostname: localhost
2025-09-22 22:17:26.113 Db TimedancersMeditation[24374:1a7d0] [com.apple.CFBundle:resources] Resource lookup at CFBundle 0x600003b081c0 </Users/russellbrown/Library/Developer/CoreSimulator/Devices/A90F393D-72AC-4F90-BBE5-9C3B184A3157/data/Containers/Bundle/Application/808C49C9-28EB-4834-AD26-7F94CC7D88E1/TimedancersMeditation.app> (executable, loaded)
	Request       : InfoPlist type: strings
	Result        : None
2025-09-22 22:17:26.113 Db TimedancersMeditation[24374:1a7d0] [com.apple.CFBundle:resources] Resource lookup at CFBundle 0x600003b081c0 </Users/russellbrown/Library/Developer/CoreSimulator/Devices/A90F393D-72AC-4F90-BBE5-9C3B184A3157/data/Containers/Bundle/Application/808C49C9-28EB-4834-AD26-7F94CC7D88E1/TimedancersMeditation.app> (executable, loaded)
	Request       : InfoPlist type: stringsdict
	Result        : None
2025-09-22 22:17:26.113 Db TimedancersMeditation[24374:1a7d0] [com.apple.networkextension:] ne_tracker_check_is_hostname_blocked(): hostname localhost is not a tracker. Returning: ne_tracker_status_none
2025-09-22 22:17:26.113 Df TimedancersMeditation[24374:1a7d0] [com.apple.network:connection] [C3 Hostname#e1683dcb:19000 waiting parent-flow (satisfied (Path is satisfied), interface: en0[802.11], uses wifi)] event: path:satisfied @0.002s, uuid: 009C637F-5DF1-470E-AEDC-346560EF1AFF
2025-09-22 22:17:26.113 I  TimedancersMeditation[24374:1a7d0] [com.apple.network:connection] nw_connection_endpoint_report_on_nw_queue_block_invoke [C3 Hostname#e1683dcb:19000 waiting parent-flow (satisfied (Path is satisfied), interface: en0[802.11], uses wifi)] skipping state update
2025-09-22 22:17:26.113 Db TimedancersMeditation[24374:1a7d0] [com.apple.network:] nw_endpoint_proxy_handler_should_use_proxy Looking up proxy for hostname: localhost, ifindex: 0
2025-09-22 22:17:26.113 Db TimedancersMeditation[24374:1a7d0] [com.apple.SystemConfiguration:SCPreferences] create <SCPreferences 0x106d3b910 [0x1e6ebb4f0]> {name = SCDynamicStoreCopyProxiesWithOptions, id = /Library/Managed Preferences/mobile/com.apple.SystemConfiguration.plist, path = /Library/Managed Preferences/mobile/com.apple.SystemConfiguration.plist}
2025-09-22 22:17:26.113 Db TimedancersMeditation[24374:1a7d0] [com.apple.SystemConfiguration:SCPreferences] SCPreferences() access: /Library/Managed Preferences/mobile/com.apple.SystemConfiguration.plist, size=0
2025-09-22 22:17:26.113 Db TimedancersMeditation[24374:1a7d0] [com.apple.SystemConfiguration:SCPreferences] release <SCPreferences 0x106d3b910 [0x1e6ebb4f0]> {name = SCDynamicStoreCopyProxiesWithOptions, id = /Library/Managed Preferences/mobile/com.apple.SystemConfiguration.plist, path = /Library/Managed Preferences/mobile/com.apple.SystemConfiguration.plist, accessed}
2025-09-22 22:17:26.113 Db TimedancersMeditation[24374:1a7d0] [com.apple.network:connection] nw_endpoint_flow_attach_protocols [C3 Hostname#e1683dcb:19000 in_progress parent-flow (satisfied (Path is satisfied), interface: en0[802.11], uses wifi)]
2025-09-22 22:17:26.113 Db TimedancersMeditation[24374:1a7d0] [com.apple.network:connection] nw_endpoint_flow_attach_protocols [C3 Hostname#e1683dcb:19000 in_progress parent-flow (satisfied (Path is satisfied), interface: en0[802.11], uses wifi)] stopping after adding persistent application protocols
2025-09-22 22:17:26.113 Db TimedancersMeditation[24374:1a7d0] [com.apple.network:connection] nw_endpoint_flow_setup_protocols [C3 Hostname#e1683dcb:19000 in_progress parent-flow (satisfied (Path is satisfied), interface: en0[802.11], uses wifi)] persistent protocol stack, starting
2025-09-22 22:17:26.113 Df TimedancersMeditation[24374:1a7d0] [com.apple.network:connection] [C3 Hostname#e1683dcb:19000 in_progress parent-flow (satisfied (Path is satisfied), interface: en0[802.11], uses wifi)] event: flow:start_connect @0.002s
2025-09-22 22:17:26.113 Df TimedancersMeditation[24374:1a7d0] [com.apple.network:connection] nw_connection_report_state_with_handler_on_nw_queue [C3] reporting state preparing
2025-09-22 22:17:26.113 I  TimedancersMeditation[24374:1a7d0] [com.apple.network:connection] nw_endpoint_flow_connect [C3 Hostname#e1683dcb:19000 in_progress parent-flow (satisfied (Path is satisfied), interface: en0[802.11], uses wifi)] connect bottom protocol
2025-09-22 22:17:26.113 Db TimedancersMeditation[24374:1a7d0] [com.apple.network:connection] nw_endpoint_flow_start_child [C3 Hostname#e1683dcb:19000 in_progress parent-flow (satisfied (Path is satisfied), interface: en0[802.11], uses wifi)] creating and starting child handler
2025-09-22 22:17:26.113 Db TimedancersMeditation[24374:1a7d0] [com.apple.network:] nw_endpoint_proxy_handler_should_use_proxy Looking up proxy for hostname: localhost, ifindex: 0
2025-09-22 22:17:26.113 Db TimedancersMeditation[24374:1a7d0] [com.apple.SystemConfiguration:SCPreferences] create <SCPreferences 0x106a30300 [0x1e6ebb4f0]> {name = SCDynamicStoreCopyProxiesWithOptions, id = /Library/Managed Preferences/mobile/com.apple.SystemConfiguration.plist, path = /Library/Managed Preferences/mobile/com.apple.SystemConfiguration.plist}
2025-09-22 22:17:26.113 Db TimedancersMeditation[24374:1a7d0] [com.apple.SystemConfiguration:SCPreferences] SCPreferences() access: /Library/Managed Preferences/mobile/com.apple.SystemConfiguration.plist, size=0
2025-09-22 22:17:26.113 Db TimedancersMeditation[24374:1a7d0] [com.apple.SystemConfiguration:SCPreferences] release <SCPreferences 0x106a30300 [0x1e6ebb4f0]> {name = SCDynamicStoreCopyProxiesWithOptions, id = /Library/Managed Preferences/mobile/com.apple.SystemConfiguration.plist, path = /Library/Managed Preferences/mobile/com.apple.SystemConfiguration.plist, accessed}
2025-09-22 22:17:26.114 Df TimedancersMeditation[24374:1a7d0] [com.apple.network:connection] [C3 Hostname#e1683dcb:19000 in_progress parent-flow (satisfied (Path is satisfied), interface: en0[802.11], uses wifi)] event: flow:start_child @0.002s
2025-09-22 22:17:26.114 I  TimedancersMeditation[24374:1a7d0] [com.apple.network:connection] nw_endpoint_handler_start [C3.1 Hostname#e1683dcb:19000 initial path ((null))]
2025-09-22 22:17:26.114 Db TimedancersMeditation[24374:1a7d0] [com.apple.network:connection] nw_endpoint_flow_receive_report [C3 Hostname#e1683dcb:19000 in_progress parent-flow (satisfied (Path is satisfied), interface: en0[802.11], uses wifi)] received child report: [C3.1 Hostname#e1683dcb:19000 initial path ((null))]
2025-09-22 22:17:26.114 Df TimedancersMeditation[24374:1a7d0] [com.apple.network:connection] [C3.1 Hostname#e1683dcb:19000 initial path ((null))] event: path:start @0.002s
2025-09-22 22:17:26.114 Db TimedancersMeditation[24374:1a7d0] [com.apple.network:connection] nw_endpoint_handler_path_change [C3.1 Hostname#e1683dcb:19000 waiting path (satisfied (Path is satisfied), interface: en0[802.11], uses wifi)]
2025-09-22 22:17:26.114 Db TimedancersMeditation[24374:1a7d0] [com.apple.networkextension:] ne_tracker_check_is_hostname_blocked() proceeding with the in_the_app check for hostname: localhost
2025-09-22 22:17:26.114 Db TimedancersMeditation[24374:1a705] [com.apple.CFBundle:strings] Bundle: CFBundle 0x600003b28540 </Library/Developer/CoreSimulator/Volumes/iOS_22E238/Library/Developer/CoreSimulator/Profiles/Runtimes/iOS 18.4.simruntime/Contents/Resources/RuntimeRoot/System/Library/PrivateFrameworks/UIKitCore.framework> (not loaded), key: More, value: More, table: Localizable, localizationNames: (null), result: More
2025-09-22 22:17:26.114 Db TimedancersMeditation[24374:1a7d0] [com.apple.CFBundle:resources] Resource lookup at CFBundle 0x600003b081c0 </Users/russellbrown/Library/Developer/CoreSimulator/Devices/A90F393D-72AC-4F90-BBE5-9C3B184A3157/data/Containers/Bundle/Application/808C49C9-28EB-4834-AD26-7F94CC7D88E1/TimedancersMeditation.app> (executable, loaded)
	Request       : InfoPlist type: strings
	Result        : None
2025-09-22 22:17:26.114 Db TimedancersMeditation[24374:1a7d0] [com.apple.CFBundle:resources] Resource lookup at CFBundle 0x600003b081c0 </Users/russellbrown/Library/Developer/CoreSimulator/Devices/A90F393D-72AC-4F90-BBE5-9C3B184A3157/data/Containers/Bundle/Application/808C49C9-28EB-4834-AD26-7F94CC7D88E1/TimedancersMeditation.app> (executable, loaded)
	Request       : InfoPlist type: stringsdict
	Result        : None
2025-09-22 22:17:26.114 Db TimedancersMeditation[24374:1a7d0] [com.apple.networkextension:] ne_tracker_check_is_hostname_blocked(): hostname localhost is not a tracker. Returning: ne_tracker_status_none
2025-09-22 22:17:26.114 Db TimedancersMeditation[24374:1a7d0] [com.apple.network:connection] nw_endpoint_flow_receive_report [C3 Hostname#e1683dcb:19000 in_progress parent-flow (satisfied (Path is satisfied), interface: en0[802.11], uses wifi)] received child report: [C3.1 Hostname#e1683dcb:19000 waiting path (satisfied (Path is satisfied), interface: en0[802.11], uses wifi)]
2025-09-22 22:17:26.114 Df TimedancersMeditation[24374:1a7d0] [com.apple.network:connection] [C3.1 Hostname#e1683dcb:19000 waiting path (satisfied (Path is satisfied), interface: en0[802.11], uses wifi)] event: path:satisfied @0.003s, uuid: 009C637F-5DF1-470E-AEDC-346560EF1AFF
2025-09-22 22:17:26.114 Db TimedancersMeditation[24374:1a7d0] [com.apple.network:] nw_endpoint_proxy_handler_should_use_proxy Looking up proxy for hostname: localhost, ifindex: 0
2025-09-22 22:17:26.114 Db TimedancersMeditation[24374:1a7d0] [com.apple.SystemConfiguration:SCPreferences] create <SCPreferences 0x106f05480 [0x1e6ebb4f0]> {name = SCDynamicStoreCopyProxiesWithOptions, id = /Library/Managed Preferences/mobile/com.apple.SystemConfiguration.plist, path = /Library/Managed Preferences/mobile/com.apple.SystemConfiguration.plist}
2025-09-22 22:17:26.115 Db TimedancersMeditation[24374:1a7d0] [com.apple.SystemConfiguration:SCPreferences] SCPreferences() access: /Library/Managed Preferences/mobile/com.apple.SystemConfiguration.plist, size=0
2025-09-22 22:17:26.115 Db TimedancersMeditation[24374:1a7d0] [com.apple.SystemConfiguration:SCPreferences] release <SCPreferences 0x106f05480 [0x1e6ebb4f0]> {name = SCDynamicStoreCopyProxiesWithOptions, id = /Library/Managed Preferences/mobile/com.apple.SystemConfiguration.plist, path = /Library/Managed Preferences/mobile/com.apple.SystemConfiguration.plist, accessed}
2025-09-22 22:17:26.116 Db TimedancersMeditation[24374:1a7d0] [com.apple.network:connection] -[NWConcrete_nw_endpoint_resolver startWithHandler:] [C3.1 Hostname#e1683dcb:19000 waiting resolver (satisfied (Path is satisfied), interface: en0[802.11], uses wifi)]
2025-09-22 22:17:26.116 Db TimedancersMeditation[24374:1a7d0] [com.apple.network:connection] nw_endpoint_flow_receive_report [C3 Hostname#e1683dcb:19000 in_progress parent-flow (satisfied (Path is satisfied), interface: en0[802.11], uses wifi)] received child report: [C3.1 Hostname#e1683dcb:19000 in_progress resolver (satisfied (Path is satisfied), interface: en0[802.11], uses wifi)]
2025-09-22 22:17:26.116 Df TimedancersMeditation[24374:1a7d0] [com.apple.network:connection] [C3.1 Hostname#e1683dcb:19000 in_progress resolver (satisfied (Path is satisfied), interface: en0[802.11], uses wifi)] event: resolver:start_dns @0.004s
2025-09-22 22:17:26.116 Db TimedancersMeditation[24374:1a7d4] [com.apple.BaseBoard:Common] [BSBlockSentinel:FBSScene] signaled! 2 of 2
2025-09-22 22:17:26.116 Db TimedancersMeditation[24374:1a7d4] [com.apple.BaseBoard:Common] [BSBlockSentinel:FBSScene] dealloc
2025-09-22 22:17:26.116 Db TimedancersMeditation[24374:1a7d4] [com.apple.BaseBoard:Common] [BSBlockSentinel:FBSScene] signaled! 2 of 2
2025-09-22 22:17:26.116 Db TimedancersMeditation[24374:1a7d4] [com.apple.BaseBoard:Common] [BSBlockSentinel:FBSScene] dealloc
2025-09-22 22:17:26.116 Db TimedancersMeditation[24374:1a7d4] [com.apple.BaseBoard:Common] [BSBlockSentinel:FBSScene] signaled! 2 of 2
2025-09-22 22:17:26.116 Db TimedancersMeditation[24374:1a7d4] [com.apple.BaseBoard:Common] [BSBlockSentinel:FBSScene] dealloc
2025-09-22 22:17:26.116 Db TimedancersMeditation[24374:1a7d0] [com.apple.networkextension:] ne_tracker_check_is_hostname_blocked() proceeding with the in_the_app check for hostname: localhost
2025-09-22 22:17:26.116 Db TimedancersMeditation[24374:1a7d0] [com.apple.CFBundle:resources] Resource lookup at CFBundle 0x600003b081c0 </Users/russellbrown/Library/Developer/CoreSimulator/Devices/A90F393D-72AC-4F90-BBE5-9C3B184A3157/data/Containers/Bundle/Application/808C49C9-28EB-4834-AD26-7F94CC7D88E1/TimedancersMeditation.app> (executable, loaded)
	Request       : InfoPlist type: strings
	Result        : None
2025-09-22 22:17:26.116 Db TimedancersMeditation[24374:1a7d0] [com.apple.CFBundle:resources] Resource lookup at CFBundle 0x600003b081c0 </Users/russellbrown/Library/Developer/CoreSimulator/Devices/A90F393D-72AC-4F90-BBE5-9C3B184A3157/data/Containers/Bundle/Application/808C49C9-28EB-4834-AD26-7F94CC7D88E1/TimedancersMeditation.app> (executable, loaded)
	Request       : InfoPlist type: stringsdict
	Result        : None
2025-09-22 22:17:26.116 Db TimedancersMeditation[24374:1a7d0] [com.apple.networkextension:] ne_tracker_check_is_hostname_blocked(): hostname localhost is not a tracker. Returning: ne_tracker_status_none
2025-09-22 22:17:26.117 I  TimedancersMeditation[24374:1a7d0] [com.apple.network:connection] nw_resolver_create_dns_service_locked [C3.1] Starting host resolution Hostname#e1683dcb:19000, flags 0xc000d000 proto 0
2025-09-22 22:17:26.117 Df TimedancersMeditation[24374:1a7d0] [com.apple.CFNetwork:Default] Task <1F45E226-CA3A-4CFE-9827-B1A04012ED4B>.<6> setting up Connection 3
2025-09-22 22:17:26.117 Db TimedancersMeditation[24374:1a7d0] [com.apple.network:activity] Returning should log: 0 for activity cfnetwork:foreground_task
2025-09-22 22:17:26.117 I  TimedancersMeditation[24374:1a7d0] [com.apple.network:connection] nw_connection_create_with_id [C4] create connection to Hostname#e1683dcb:8082
2025-09-22 22:17:26.117 Df TimedancersMeditation[24374:1a7d0] [com.apple.CFNetwork:Default] Connection 4: starting, TC(0x0)
2025-09-22 22:17:26.117 Df TimedancersMeditation[24374:1a7d0] [com.apple.network:connection] [C4 DA4813EC-331C-4129-B844-0EB931A2D9F1 Hostname#e1683dcb:8082 tcp, url: http://localhost:8082/status, definite, attribution: developer, context: com.apple.CFNetwork.NSURLSession.{19242CD7-A13E-49E0-84B0-1448496F6F37}{(null)}{Y}{2}{0x0} (private), proc: A3E2F401-DEA3-304B-AA25-D962D687F5D0] start
2025-09-22 22:17:26.117 I  TimedancersMeditation[24374:1a7d0] [com.apple.network:connection] nw_endpoint_handler_start [C4 Hostname#e1683dcb:8082 initial parent-flow ((null))]
2025-09-22 22:17:26.117 Df TimedancersMeditation[24374:1a7d0] [com.apple.network:connection] [C4 Hostname#e1683dcb:8082 initial parent-flow ((null))] event: path:start @0.000s
2025-09-22 22:17:26.117 Db TimedancersMeditation[24374:1a7d0] [com.apple.network:connection] nw_endpoint_handler_path_change [C4 Hostname#e1683dcb:8082 waiting parent-flow (satisfied (Path is satisfied), interface: en0[802.11], uses wifi)]
2025-09-22 22:17:26.117 Db TimedancersMeditation[24374:1a7d0] [com.apple.networkextension:] ne_tracker_check_is_hostname_blocked() proceeding with the in_the_app check for hostname: localhost
2025-09-22 22:17:26.117 Db TimedancersMeditation[24374:1a7d0] [com.apple.CFBundle:resources] Resource lookup at CFBundle 0x600003b081c0 </Users/russellbrown/Library/Developer/CoreSimulator/Devices/A90F393D-72AC-4F90-BBE5-9C3B184A3157/data/Containers/Bundle/Application/808C49C9-28EB-4834-AD26-7F94CC7D88E1/TimedancersMeditation.app> (executable, loaded)
	Request       : InfoPlist type: strings
	Result        : None
2025-09-22 22:17:26.119 Db TimedancersMeditation[24374:1a7d0] [com.apple.CFBundle:resources] Resource lookup at CFBundle 0x600003b081c0 </Users/russellbrown/Library/Developer/CoreSimulator/Devices/A90F393D-72AC-4F90-BBE5-9C3B184A3157/data/Containers/Bundle/Application/808C49C9-28EB-4834-AD26-7F94CC7D88E1/TimedancersMeditation.app> (executable, loaded)
	Request       : InfoPlist type: stringsdict
	Result        : None
2025-09-22 22:17:26.119 Db TimedancersMeditation[24374:1a7d0] [com.apple.networkextension:] ne_tracker_check_is_hostname_blocked(): hostname localhost is not a tracker. Returning: ne_tracker_status_none
2025-09-22 22:17:26.119 Df TimedancersMeditation[24374:1a7d0] [com.apple.network:connection] [C4 Hostname#e1683dcb:8082 waiting parent-flow (satisfied (Path is satisfied), interface: en0[802.11], uses wifi)] event: path:satisfied @0.001s, uuid: 7F9229DF-4C73-4EEE-BC02-7657734244EC
2025-09-22 22:17:26.119 I  TimedancersMeditation[24374:1a7d0] [com.apple.network:connection] nw_connection_endpoint_report_on_nw_queue_block_invoke [C4 Hostname#e1683dcb:8082 waiting parent-flow (satisfied (Path is satisfied), interface: en0[802.11], uses wifi)] skipping state update
2025-09-22 22:17:26.119 Db TimedancersMeditation[24374:1a7d0] [com.apple.network:] nw_endpoint_proxy_handler_should_use_proxy Looking up proxy for hostname: localhost, ifindex: 0
2025-09-22 22:17:26.119 Db TimedancersMeditation[24374:1a7d0] [com.apple.SystemConfiguration:SCPreferences] create <SCPreferences 0x106b0da50 [0x1e6ebb4f0]> {name = SCDynamicStoreCopyProxiesWithOptions, id = /Library/Managed Preferences/mobile/com.apple.SystemConfiguration.plist, path = /Library/Managed Preferences/mobile/com.apple.SystemConfiguration.plist}
2025-09-22 22:17:26.119 Db TimedancersMeditation[24374:1a7d0] [com.apple.SystemConfiguration:SCPreferences] SCPreferences() access: /Library/Managed Preferences/mobile/com.apple.SystemConfiguration.plist, size=0
2025-09-22 22:17:26.119 Db TimedancersMeditation[24374:1a7d0] [com.apple.SystemConfiguration:SCPreferences] release <SCPreferences 0x106b0da50 [0x1e6ebb4f0]> {name = SCDynamicStoreCopyProxiesWithOptions, id = /Library/Managed Preferences/mobile/com.apple.SystemConfiguration.plist, path = /Library/Managed Preferences/mobile/com.apple.SystemConfiguration.plist, accessed}
2025-09-22 22:17:26.119 Db TimedancersMeditation[24374:1a7d0] [com.apple.network:connection] nw_endpoint_flow_attach_protocols [C4 Hostname#e1683dcb:8082 in_progress parent-flow (satisfied (Path is satisfied), interface: en0[802.11], uses wifi)]
2025-09-22 22:17:26.119 Db TimedancersMeditation[24374:1a7d0] [com.apple.network:connection] nw_endpoint_flow_attach_protocols [C4 Hostname#e1683dcb:8082 in_progress parent-flow (satisfied (Path is satisfied), interface: en0[802.11], uses wifi)] stopping after adding persistent application protocols
2025-09-22 22:17:26.119 Db TimedancersMeditation[24374:1a7d0] [com.apple.network:connection] nw_endpoint_flow_setup_protocols [C4 Hostname#e1683dcb:8082 in_progress parent-flow (satisfied (Path is satisfied), interface: en0[802.11], uses wifi)] persistent protocol stack, starting
2025-09-22 22:17:26.119 Df TimedancersMeditation[24374:1a7d0] [com.apple.network:connection] [C4 Hostname#e1683dcb:8082 in_progress parent-flow (satisfied (Path is satisfied), interface: en0[802.11], uses wifi)] event: flow:start_connect @0.001s
2025-09-22 22:17:26.119 Df TimedancersMeditation[24374:1a7d0] [com.apple.network:connection] nw_connection_report_state_with_handler_on_nw_queue [C4] reporting state preparing
2025-09-22 22:17:26.119 I  TimedancersMeditation[24374:1a7d0] [com.apple.network:connection] nw_endpoint_flow_connect [C4 Hostname#e1683dcb:8082 in_progress parent-flow (satisfied (Path is satisfied), interface: en0[802.11], uses wifi)] connect bottom protocol
2025-09-22 22:17:26.119 Db TimedancersMeditation[24374:1a7d0] [com.apple.network:connection] nw_endpoint_flow_start_child [C4 Hostname#e1683dcb:8082 in_progress parent-flow (satisfied (Path is satisfied), interface: en0[802.11], uses wifi)] creating and starting child handler
2025-09-22 22:17:26.119 Db TimedancersMeditation[24374:1a7d0] [com.apple.network:] nw_endpoint_proxy_handler_should_use_proxy Looking up proxy for hostname: localhost, ifindex: 0
2025-09-22 22:17:26.119 Db TimedancersMeditation[24374:1a7d0] [com.apple.SystemConfiguration:SCPreferences] create <SCPreferences 0x106c1a750 [0x1e6ebb4f0]> {name = SCDynamicStoreCopyProxiesWithOptions, id = /Library/Managed Preferences/mobile/com.apple.SystemConfiguration.plist, path = /Library/Managed Preferences/mobile/com.apple.SystemConfiguration.plist}
2025-09-22 22:17:26.119 Db TimedancersMeditation[24374:1a7d0] [com.apple.SystemConfiguration:SCPreferences] SCPreferences() access: /Library/Managed Preferences/mobile/com.apple.SystemConfiguration.plist, size=0
2025-09-22 22:17:26.119 Db TimedancersMeditation[24374:1a7d0] [com.apple.SystemConfiguration:SCPreferences] release <SCPreferences 0x106c1a750 [0x1e6ebb4f0]> {name = SCDynamicStoreCopyProxiesWithOptions, id = /Library/Managed Preferences/mobile/com.apple.SystemConfiguration.plist, path = /Library/Managed Preferences/mobile/com.apple.SystemConfiguration.plist, accessed}
2025-09-22 22:17:26.122 Df TimedancersMeditation[24374:1a7d0] [com.apple.network:connection] [C4 Hostname#e1683dcb:8082 in_progress parent-flow (satisfied (Path is satisfied), interface: en0[802.11], uses wifi)] event: flow:start_child @0.005s
2025-09-22 22:17:26.122 I  TimedancersMeditation[24374:1a7d0] [com.apple.network:connection] nw_endpoint_handler_start [C4.1 Hostname#e1683dcb:8082 initial path ((null))]
2025-09-22 22:17:26.122 Db TimedancersMeditation[24374:1a7d0] [com.apple.network:connection] nw_endpoint_flow_receive_report [C4 Hostname#e1683dcb:8082 in_progress parent-flow (satisfied (Path is satisfied), interface: en0[802.11], uses wifi)] received child report: [C4.1 Hostname#e1683dcb:8082 initial path ((null))]
2025-09-22 22:17:26.122 Df TimedancersMeditation[24374:1a7d0] [com.apple.network:connection] [C4.1 Hostname#e1683dcb:8082 initial path ((null))] event: path:start @0.005s
2025-09-22 22:17:26.122 Db TimedancersMeditation[24374:1a7d0] [com.apple.network:connection] nw_endpoint_handler_path_change [C4.1 Hostname#e1683dcb:8082 waiting path (satisfied (Path is satisfied), interface: en0[802.11], uses wifi)]
2025-09-22 22:17:26.122 Db TimedancersMeditation[24374:1a7d0] [com.apple.networkextension:] ne_tracker_check_is_hostname_blocked() proceeding with the in_the_app check for hostname: localhost
2025-09-22 22:17:26.122 Db TimedancersMeditation[24374:1a7d0] [com.apple.CFBundle:resources] Resource lookup at CFBundle 0x600003b081c0 </Users/russellbrown/Library/Developer/CoreSimulator/Devices/A90F393D-72AC-4F90-BBE5-9C3B184A3157/data/Containers/Bundle/Application/808C49C9-28EB-4834-AD26-7F94CC7D88E1/TimedancersMeditation.app> (executable, loaded)
	Request       : InfoPlist type: strings
	Result        : None
2025-09-22 22:17:26.123 Db TimedancersMeditation[24374:1a7d0] [com.apple.CFBundle:resources] Resource lookup at CFBundle 0x600003b081c0 </Users/russellbrown/Library/Developer/CoreSimulator/Devices/A90F393D-72AC-4F90-BBE5-9C3B184A3157/data/Containers/Bundle/Application/808C49C9-28EB-4834-AD26-7F94CC7D88E1/TimedancersMeditation.app> (executable, loaded)
	Request       : InfoPlist type: stringsdict
	Result        : None
2025-09-22 22:17:26.123 Db TimedancersMeditation[24374:1a7d0] [com.apple.networkextension:] ne_tracker_check_is_hostname_blocked(): hostname localhost is not a tracker. Returning: ne_tracker_status_none
2025-09-22 22:17:26.123 Db TimedancersMeditation[24374:1a7d0] [com.apple.network:connection] nw_endpoint_flow_receive_report [C4 Hostname#e1683dcb:8082 in_progress parent-flow (satisfied (Path is satisfied), interface: en0[802.11], uses wifi)] received child report: [C4.1 Hostname#e1683dcb:8082 waiting path (satisfied (Path is satisfied), interface: en0[802.11], uses wifi)]
2025-09-22 22:17:26.123 Df TimedancersMeditation[24374:1a7d0] [com.apple.network:connection] [C4.1 Hostname#e1683dcb:8082 waiting path (satisfied (Path is satisfied), interface: en0[802.11], uses wifi)] event: path:satisfied @0.006s, uuid: 7F9229DF-4C73-4EEE-BC02-7657734244EC
2025-09-22 22:17:26.123 Db TimedancersMeditation[24374:1a7d0] [com.apple.network:] nw_endpoint_proxy_handler_should_use_proxy Looking up proxy for hostname: localhost, ifindex: 0
2025-09-22 22:17:26.123 Db TimedancersMeditation[24374:1a7d0] [com.apple.SystemConfiguration:SCPreferences] create <SCPreferences 0x106c1a750 [0x1e6ebb4f0]> {name = SCDynamicStoreCopyProxiesWithOptions, id = /Library/Managed Preferences/mobile/com.apple.SystemConfiguration.plist, path = /Library/Managed Preferences/mobile/com.apple.SystemConfiguration.plist}
2025-09-22 22:17:26.124 Db TimedancersMeditation[24374:1a7d0] [com.apple.SystemConfiguration:SCPreferences] SCPreferences() access: /Library/Managed Preferences/mobile/com.apple.SystemConfiguration.plist, size=0
2025-09-22 22:17:26.124 Db TimedancersMeditation[24374:1a7d0] [com.apple.SystemConfiguration:SCPreferences] release <SCPreferences 0x106c1a750 [0x1e6ebb4f0]> {name = SCDynamicStoreCopyProxiesWithOptions, id = /Library/Managed Preferences/mobile/com.apple.SystemConfiguration.plist, path = /Library/Managed Preferences/mobile/com.apple.SystemConfiguration.plist, accessed}
2025-09-22 22:17:26.124 Db TimedancersMeditation[24374:1a7d0] [com.apple.network:connection] -[NWConcrete_nw_endpoint_resolver startWithHandler:] [C4.1 Hostname#e1683dcb:8082 waiting resolver (satisfied (Path is satisfied), interface: en0[802.11], uses wifi)]
2025-09-22 22:17:26.124 Db TimedancersMeditation[24374:1a7d0] [com.apple.network:connection] nw_endpoint_flow_receive_report [C4 Hostname#e1683dcb:8082 in_progress parent-flow (satisfied (Path is satisfied), interface: en0[802.11], uses wifi)] received child report: [C4.1 Hostname#e1683dcb:8082 in_progress resolver (satisfied (Path is satisfied), interface: en0[802.11], uses wifi)]
2025-09-22 22:17:26.124 Df TimedancersMeditation[24374:1a7d0] [com.apple.network:connection] [C4.1 Hostname#e1683dcb:8082 in_progress resolver (satisfied (Path is satisfied), interface: en0[802.11], uses wifi)] event: resolver:start_dns @0.006s
2025-09-22 22:17:26.124 Db TimedancersMeditation[24374:1a7d0] [com.apple.networkextension:] ne_tracker_check_is_hostname_blocked() proceeding with the in_the_app check for hostname: localhost
2025-09-22 22:17:26.124 Db TimedancersMeditation[24374:1a7d0] [com.apple.CFBundle:resources] Resource lookup at CFBundle 0x600003b081c0 </Users/russellbrown/Library/Developer/CoreSimulator/Devices/A90F393D-72AC-4F90-BBE5-9C3B184A3157/data/Containers/Bundle/Application/808C49C9-28EB-4834-AD26-7F94CC7D88E1/TimedancersMeditation.app> (executable, loaded)
	Request       : InfoPlist type: strings
	Result        : None
2025-09-22 22:17:26.124 Db TimedancersMeditation[24374:1a7d0] [com.apple.CFBundle:resources] Resource lookup at CFBundle 0x600003b081c0 </Users/russellbrown/Library/Developer/CoreSimulator/Devices/A90F393D-72AC-4F90-BBE5-9C3B184A3157/data/Containers/Bundle/Application/808C49C9-28EB-4834-AD26-7F94CC7D88E1/TimedancersMeditation.app> (executable, loaded)
	Request       : InfoPlist type: stringsdict
	Result        : None
2025-09-22 22:17:26.124 Db TimedancersMeditation[24374:1a7d0] [com.apple.networkextension:] ne_tracker_check_is_hostname_blocked(): hostname localhost is not a tracker. Returning: ne_tracker_status_none
2025-09-22 22:17:26.124 I  TimedancersMeditation[24374:1a7d0] [com.apple.network:connection] nw_resolver_create_dns_service_locked [C4.1] Starting host resolution Hostname#e1683dcb:8082, flags 0xc000d000 proto 0
2025-09-22 22:17:26.124 Df TimedancersMeditation[24374:1a7d0] [com.apple.CFNetwork:Default] Task <0C18C4AB-2CF7-467C-B0CF-9773C07F45C4>.<2> setting up Connection 4
2025-09-22 22:17:26.124 Db TimedancersMeditation[24374:1a7d0] [com.apple.network:activity] Returning should log: 0 for activity cfnetwork:foreground_task
2025-09-22 22:17:26.124 I  TimedancersMeditation[24374:1a7d0] [com.apple.network:connection] nw_connection_create_with_id [C5] create connection to Hostname#e1683dcb:19002
2025-09-22 22:17:26.124 Df TimedancersMeditation[24374:1a7d0] [com.apple.CFNetwork:Default] Connection 5: starting, TC(0x0)
2025-09-22 22:17:26.124 Df TimedancersMeditation[24374:1a7d0] [com.apple.network:connection] [C5 FA078DA5-0A15-4947-89E1-8430DF57CBA4 Hostname#e1683dcb:19002 tcp, url: http://localhost:19002/status, definite, attribution: developer, context: com.apple.CFNetwork.NSURLSession.{19242CD7-A13E-49E0-84B0-1448496F6F37}{(null)}{Y}{2}{0x0} (private), proc: A3E2F401-DEA3-304B-AA25-D962D687F5D0] start
2025-09-22 22:17:26.124 I  TimedancersMeditation[24374:1a7d0] [com.apple.network:connection] nw_endpoint_handler_start [C5 Hostname#e1683dcb:19002 initial parent-flow ((null))]
2025-09-22 22:17:26.125 Df TimedancersMeditation[24374:1a7d0] [com.apple.network:connection] [C5 Hostname#e1683dcb:19002 initial parent-flow ((null))] event: path:start @0.000s
2025-09-22 22:17:26.125 Db TimedancersMeditation[24374:1a7d0] [com.apple.network:connection] nw_endpoint_handler_path_change [C5 Hostname#e1683dcb:19002 waiting parent-flow (satisfied (Path is satisfied), interface: en0[802.11], uses wifi)]
2025-09-22 22:17:26.125 Db TimedancersMeditation[24374:1a7d0] [com.apple.networkextension:] ne_tracker_check_is_hostname_blocked() proceeding with the in_the_app check for hostname: localhost
2025-09-22 22:17:26.125 Db TimedancersMeditation[24374:1a7d0] [com.apple.CFBundle:resources] Resource lookup at CFBundle 0x600003b081c0 </Users/russellbrown/Library/Developer/CoreSimulator/Devices/A90F393D-72AC-4F90-BBE5-9C3B184A3157/data/Containers/Bundle/Application/808C49C9-28EB-4834-AD26-7F94CC7D88E1/TimedancersMeditation.app> (executable, loaded)
	Request       : InfoPlist type: strings
	Result        : None
2025-09-22 22:17:26.125 Db TimedancersMeditation[24374:1a7d0] [com.apple.CFBundle:resources] Resource lookup at CFBundle 0x600003b081c0 </Users/russellbrown/Library/Developer/CoreSimulator/Devices/A90F393D-72AC-4F90-BBE5-9C3B184A3157/data/Containers/Bundle/Application/808C49C9-28EB-4834-AD26-7F94CC7D88E1/TimedancersMeditation.app> (executable, loaded)
	Request       : InfoPlist type: stringsdict
	Result        : None
2025-09-22 22:17:26.125 Db TimedancersMeditation[24374:1a7d0] [com.apple.networkextension:] ne_tracker_check_is_hostname_blocked(): hostname localhost is not a tracker. Returning: ne_tracker_status_none
2025-09-22 22:17:26.125 Df TimedancersMeditation[24374:1a7d0] [com.apple.network:connection] [C5 Hostname#e1683dcb:19002 waiting parent-flow (satisfied (Path is satisfied), interface: en0[802.11], uses wifi)] event: path:satisfied @0.000s, uuid: C90B1852-2A1C-494F-8206-35FF925FC406
2025-09-22 22:17:26.125 I  TimedancersMeditation[24374:1a7d0] [com.apple.network:connection] nw_connection_endpoint_report_on_nw_queue_block_invoke [C5 Hostname#e1683dcb:19002 waiting parent-flow (satisfied (Path is satisfied), interface: en0[802.11], uses wifi)] skipping state update
2025-09-22 22:17:26.125 Db TimedancersMeditation[24374:1a7d0] [com.apple.network:] nw_endpoint_proxy_handler_should_use_proxy Looking up proxy for hostname: localhost, ifindex: 0
2025-09-22 22:17:26.125 Db TimedancersMeditation[24374:1a7d0] [com.apple.SystemConfiguration:SCPreferences] create <SCPreferences 0x106d3b200 [0x1e6ebb4f0]> {name = SCDynamicStoreCopyProxiesWithOptions, id = /Library/Managed Preferences/mobile/com.apple.SystemConfiguration.plist, path = /Library/Managed Preferences/mobile/com.apple.SystemConfiguration.plist}
2025-09-22 22:17:26.126 Db TimedancersMeditation[24374:1a7d0] [com.apple.SystemConfiguration:SCPreferences] SCPreferences() access: /Library/Managed Preferences/mobile/com.apple.SystemConfiguration.plist, size=0
2025-09-22 22:17:26.126 Db TimedancersMeditation[24374:1a7d0] [com.apple.SystemConfiguration:SCPreferences] release <SCPreferences 0x106d3b200 [0x1e6ebb4f0]> {name = SCDynamicStoreCopyProxiesWithOptions, id = /Library/Managed Preferences/mobile/com.apple.SystemConfiguration.plist, path = /Library/Managed Preferences/mobile/com.apple.SystemConfiguration.plist, accessed}
2025-09-22 22:17:26.126 Db TimedancersMeditation[24374:1a7d0] [com.apple.network:connection] nw_endpoint_flow_attach_protocols [C5 Hostname#e1683dcb:19002 in_progress parent-flow (satisfied (Path is satisfied), interface: en0[802.11], uses wifi)]
2025-09-22 22:17:26.126 Db TimedancersMeditation[24374:1a7d0] [com.apple.network:connection] nw_endpoint_flow_attach_protocols [C5 Hostname#e1683dcb:19002 in_progress parent-flow (satisfied (Path is satisfied), interface: en0[802.11], uses wifi)] stopping after adding persistent application protocols
2025-09-22 22:17:26.126 Db TimedancersMeditation[24374:1a7d0] [com.apple.network:connection] nw_endpoint_flow_setup_protocols [C5 Hostname#e1683dcb:19002 in_progress parent-flow (satisfied (Path is satisfied), interface: en0[802.11], uses wifi)] persistent protocol stack, starting
2025-09-22 22:17:26.126 Df TimedancersMeditation[24374:1a7d0] [com.apple.network:connection] [C5 Hostname#e1683dcb:19002 in_progress parent-flow (satisfied (Path is satisfied), interface: en0[802.11], uses wifi)] event: flow:start_connect @0.001s
2025-09-22 22:17:26.126 Df TimedancersMeditation[24374:1a7d0] [com.apple.network:connection] nw_connection_report_state_with_handler_on_nw_queue [C5] reporting state preparing
2025-09-22 22:17:26.126 I  TimedancersMeditation[24374:1a7d0] [com.apple.network:connection] nw_endpoint_flow_connect [C5 Hostname#e1683dcb:19002 in_progress parent-flow (satisfied (Path is satisfied), interface: en0[802.11], uses wifi)] connect bottom protocol
2025-09-22 22:17:26.126 Db TimedancersMeditation[24374:1a7d0] [com.apple.network:connection] nw_endpoint_flow_start_child [C5 Hostname#e1683dcb:19002 in_progress parent-flow (satisfied (Path is satisfied), interface: en0[802.11], uses wifi)] creating and starting child handler
2025-09-22 22:17:26.126 Db TimedancersMeditation[24374:1a7d0] [com.apple.network:] nw_endpoint_proxy_handler_should_use_proxy Looking up proxy for hostname: localhost, ifindex: 0
2025-09-22 22:17:26.126 Db TimedancersMeditation[24374:1a7d0] [com.apple.SystemConfiguration:SCPreferences] create <SCPreferences 0x106b18a60 [0x1e6ebb4f0]> {name = SCDynamicStoreCopyProxiesWithOptions, id = /Library/Managed Preferences/mobile/com.apple.SystemConfiguration.plist, path = /Library/Managed Preferences/mobile/com.apple.SystemConfiguration.plist}
2025-09-22 22:17:26.126 Db TimedancersMeditation[24374:1a7d0] [com.apple.SystemConfiguration:SCPreferences] SCPreferences() access: /Library/Managed Preferences/mobile/com.apple.SystemConfiguration.plist, size=0
2025-09-22 22:17:26.126 Db TimedancersMeditation[24374:1a7d0] [com.apple.SystemConfiguration:SCPreferences] release <SCPreferences 0x106b18a60 [0x1e6ebb4f0]> {name = SCDynamicStoreCopyProxiesWithOptions, id = /Library/Managed Preferences/mobile/com.apple.SystemConfiguration.plist, path = /Library/Managed Preferences/mobile/com.apple.SystemConfiguration.plist, accessed}
2025-09-22 22:17:26.126 Df TimedancersMeditation[24374:1a7d0] [com.apple.network:connection] [C5 Hostname#e1683dcb:19002 in_progress parent-flow (satisfied (Path is satisfied), interface: en0[802.11], uses wifi)] event: flow:start_child @0.001s
2025-09-22 22:17:26.126 I  TimedancersMeditation[24374:1a7d0] [com.apple.network:connection] nw_endpoint_handler_start [C5.1 Hostname#e1683dcb:19002 initial path ((null))]
2025-09-22 22:17:26.126 Db TimedancersMeditation[24374:1a7d0] [com.apple.network:connection] nw_endpoint_flow_receive_report [C5 Hostname#e1683dcb:19002 in_progress parent-flow (satisfied (Path is satisfied), interface: en0[802.11], uses wifi)] received child report: [C5.1 Hostname#e1683dcb:19002 initial path ((null))]
2025-09-22 22:17:26.126 Df TimedancersMeditation[24374:1a7d0] [com.apple.network:connection] [C5.1 Hostname#e1683dcb:19002 initial path ((null))] event: path:start @0.001s
2025-09-22 22:17:26.126 Db TimedancersMeditation[24374:1a7d0] [com.apple.network:connection] nw_endpoint_handler_path_change [C5.1 Hostname#e1683dcb:19002 waiting path (satisfied (Path is satisfied), interface: en0[802.11], uses wifi)]
2025-09-22 22:17:26.126 Db TimedancersMeditation[24374:1a7d0] [com.apple.networkextension:] ne_tracker_check_is_hostname_blocked() proceeding with the in_the_app check for hostname: localhost
2025-09-22 22:17:26.127 Db TimedancersMeditation[24374:1a7d0] [com.apple.CFBundle:resources] Resource lookup at CFBundle 0x600003b081c0 </Users/russellbrown/Library/Developer/CoreSimulator/Devices/A90F393D-72AC-4F90-BBE5-9C3B184A3157/data/Containers/Bundle/Application/808C49C9-28EB-4834-AD26-7F94CC7D88E1/TimedancersMeditation.app> (executable, loaded)
	Request       : InfoPlist type: strings
	Result        : None
2025-09-22 22:17:26.127 Db TimedancersMeditation[24374:1a7d0] [com.apple.CFBundle:resources] Resource lookup at CFBundle 0x600003b081c0 </Users/russellbrown/Library/Developer/CoreSimulator/Devices/A90F393D-72AC-4F90-BBE5-9C3B184A3157/data/Containers/Bundle/Application/808C49C9-28EB-4834-AD26-7F94CC7D88E1/TimedancersMeditation.app> (executable, loaded)
	Request       : InfoPlist type: stringsdict
	Result        : None
2025-09-22 22:17:26.127 Db TimedancersMeditation[24374:1a7d0] [com.apple.networkextension:] ne_tracker_check_is_hostname_blocked(): hostname localhost is not a tracker. Returning: ne_tracker_status_none
2025-09-22 22:17:26.127 Db TimedancersMeditation[24374:1a7d0] [com.apple.network:connection] nw_endpoint_flow_receive_report [C5 Hostname#e1683dcb:19002 in_progress parent-flow (satisfied (Path is satisfied), interface: en0[802.11], uses wifi)] received child report: [C5.1 Hostname#e1683dcb:19002 waiting path (satisfied (Path is satisfied), interface: en0[802.11], uses wifi)]
2025-09-22 22:17:26.127 Df TimedancersMeditation[24374:1a7d0] [com.apple.network:connection] [C5.1 Hostname#e1683dcb:19002 waiting path (satisfied (Path is satisfied), interface: en0[802.11], uses wifi)] event: path:satisfied @0.002s, uuid: C90B1852-2A1C-494F-8206-35FF925FC406
2025-09-22 22:17:26.127 Db TimedancersMeditation[24374:1a7d0] [com.apple.network:] nw_endpoint_proxy_handler_should_use_proxy Looking up proxy for hostname: localhost, ifindex: 0
2025-09-22 22:17:26.127 Db TimedancersMeditation[24374:1a7d0] [com.apple.SystemConfiguration:SCPreferences] create <SCPreferences 0x106a30300 [0x1e6ebb4f0]> {name = SCDynamicStoreCopyProxiesWithOptions, id = /Library/Managed Preferences/mobile/com.apple.SystemConfiguration.plist, path = /Library/Managed Preferences/mobile/com.apple.SystemConfiguration.plist}
2025-09-22 22:17:26.127 Db TimedancersMeditation[24374:1a7d0] [com.apple.SystemConfiguration:SCPreferences] SCPreferences() access: /Library/Managed Preferences/mobile/com.apple.SystemConfiguration.plist, size=0
2025-09-22 22:17:26.127 Db TimedancersMeditation[24374:1a7d0] [com.apple.SystemConfiguration:SCPreferences] release <SCPreferences 0x106a30300 [0x1e6ebb4f0]> {name = SCDynamicStoreCopyProxiesWithOptions, id = /Library/Managed Preferences/mobile/com.apple.SystemConfiguration.plist, path = /Library/Managed Preferences/mobile/com.apple.SystemConfiguration.plist, accessed}
2025-09-22 22:17:26.128 Db TimedancersMeditation[24374:1a7d0] [com.apple.network:connection] -[NWConcrete_nw_endpoint_resolver startWithHandler:] [C5.1 Hostname#e1683dcb:19002 waiting resolver (satisfied (Path is satisfied), interface: en0[802.11], uses wifi)]
2025-09-22 22:17:26.128 Db TimedancersMeditation[24374:1a7d0] [com.apple.network:connection] nw_endpoint_flow_receive_report [C5 Hostname#e1683dcb:19002 in_progress parent-flow (satisfied (Path is satisfied), interface: en0[802.11], uses wifi)] received child report: [C5.1 Hostname#e1683dcb:19002 in_progress resolver (satisfied (Path is satisfied), interface: en0[802.11], uses wifi)]
2025-09-22 22:17:26.128 Df TimedancersMeditation[24374:1a7d0] [com.apple.network:connection] [C5.1 Hostname#e1683dcb:19002 in_progress resolver (satisfied (Path is satisfied), interface: en0[802.11], uses wifi)] event: resolver:start_dns @0.003s
2025-09-22 22:17:26.128 Db TimedancersMeditation[24374:1a7d0] [com.apple.networkextension:] ne_tracker_check_is_hostname_blocked() proceeding with the in_the_app check for hostname: localhost
2025-09-22 22:17:26.128 Db TimedancersMeditation[24374:1a7d0] [com.apple.CFBundle:resources] Resource lookup at CFBundle 0x600003b081c0 </Users/russellbrown/Library/Developer/CoreSimulator/Devices/A90F393D-72AC-4F90-BBE5-9C3B184A3157/data/Containers/Bundle/Application/808C49C9-28EB-4834-AD26-7F94CC7D88E1/TimedancersMeditation.app> (executable, loaded)
	Request       : InfoPlist type: strings
	Result        : None
2025-09-22 22:17:26.128 Db TimedancersMeditation[24374:1a7d0] [com.apple.CFBundle:resources] Resource lookup at CFBundle 0x600003b081c0 </Users/russellbrown/Library/Developer/CoreSimulator/Devices/A90F393D-72AC-4F90-BBE5-9C3B184A3157/data/Containers/Bundle/Application/808C49C9-28EB-4834-AD26-7F94CC7D88E1/TimedancersMeditation.app> (executable, loaded)
	Request       : InfoPlist type: stringsdict
	Result        : None
2025-09-22 22:17:26.128 Db TimedancersMeditation[24374:1a7d0] [com.apple.networkextension:] ne_tracker_check_is_hostname_blocked(): hostname localhost is not a tracker. Returning: ne_tracker_status_none
2025-09-22 22:17:26.128 I  TimedancersMeditation[24374:1a7d0] [com.apple.network:connection] nw_resolver_create_dns_service_locked [C5.1] Starting host resolution Hostname#e1683dcb:19002, flags 0xc000d000 proto 0
2025-09-22 22:17:26.128 Df TimedancersMeditation[24374:1a7d0] [com.apple.CFNetwork:Default] Task <9944354B-1B6A-4B10-BE07-CEE1589348B2>.<8> setting up Connection 5
2025-09-22 22:17:26.128 Db TimedancersMeditation[24374:1a7d0] [com.apple.network:activity] Returning should log: 0 for activity cfnetwork:foreground_task
2025-09-22 22:17:26.128 I  TimedancersMeditation[24374:1a7d0] [com.apple.network:connection] nw_connection_create_with_id [C6] create connection to Hostname#e1683dcb:19001
2025-09-22 22:17:26.128 Df TimedancersMeditation[24374:1a7d0] [com.apple.CFNetwork:Default] Connection 6: starting, TC(0x0)
2025-09-22 22:17:26.128 Df TimedancersMeditation[24374:1a7d0] [com.apple.network:connection] [C6 2234905C-AE42-4C9A-A7DE-07D64A8918BD Hostname#e1683dcb:19001 tcp, url: http://localhost:19001/status, definite, attribution: developer, context: com.apple.CFNetwork.NSURLSession.{19242CD7-A13E-49E0-84B0-1448496F6F37}{(null)}{Y}{2}{0x0} (private), proc: A3E2F401-DEA3-304B-AA25-D962D687F5D0] start
2025-09-22 22:17:26.128 I  TimedancersMeditation[24374:1a7d0] [com.apple.network:connection] nw_endpoint_handler_start [C6 Hostname#e1683dcb:19001 initial parent-flow ((null))]
2025-09-22 22:17:26.128 Df TimedancersMeditation[24374:1a7d0] [com.apple.network:connection] [C6 Hostname#e1683dcb:19001 initial parent-flow ((null))] event: path:start @0.000s
2025-09-22 22:17:26.128 Db TimedancersMeditation[24374:1a7d0] [com.apple.network:connection] nw_endpoint_handler_path_change [C6 Hostname#e1683dcb:19001 waiting parent-flow (satisfied (Path is satisfied), interface: en0[802.11], uses wifi)]
2025-09-22 22:17:26.128 Db TimedancersMeditation[24374:1a7d0] [com.apple.networkextension:] ne_tracker_check_is_hostname_blocked() proceeding with the in_the_app check for hostname: localhost
2025-09-22 22:17:26.128 Db TimedancersMeditation[24374:1a7d0] [com.apple.CFBundle:resources] Resource lookup at CFBundle 0x600003b081c0 </Users/russellbrown/Library/Developer/CoreSimulator/Devices/A90F393D-72AC-4F90-BBE5-9C3B184A3157/data/Containers/Bundle/Application/808C49C9-28EB-4834-AD26-7F94CC7D88E1/TimedancersMeditation.app> (executable, loaded)
	Request       : InfoPlist type: strings
	Result        : None
2025-09-22 22:17:26.128 Db TimedancersMeditation[24374:1a7d0] [com.apple.CFBundle:resources] Resource lookup at CFBundle 0x600003b081c0 </Users/russellbrown/Library/Developer/CoreSimulator/Devices/A90F393D-72AC-4F90-BBE5-9C3B184A3157/data/Containers/Bundle/Application/808C49C9-28EB-4834-AD26-7F94CC7D88E1/TimedancersMeditation.app> (executable, loaded)
	Request       : InfoPlist type: stringsdict
	Result        : None
2025-09-22 22:17:26.128 Db TimedancersMeditation[24374:1a7d0] [com.apple.networkextension:] ne_tracker_check_is_hostname_blocked(): hostname localhost is not a tracker. Returning: ne_tracker_status_none
2025-09-22 22:17:26.128 Df TimedancersMeditation[24374:1a7d0] [com.apple.network:connection] [C6 Hostname#e1683dcb:19001 waiting parent-flow (satisfied (Path is satisfied), interface: en0[802.11], uses wifi)] event: path:satisfied @0.000s, uuid: 61D35185-29B7-4F7E-9975-E978DD8CC550
2025-09-22 22:17:26.129 I  TimedancersMeditation[24374:1a7d0] [com.apple.network:connection] nw_connection_endpoint_report_on_nw_queue_block_invoke [C6 Hostname#e1683dcb:19001 waiting parent-flow (satisfied (Path is satisfied), interface: en0[802.11], uses wifi)] skipping state update
2025-09-22 22:17:26.129 Db TimedancersMeditation[24374:1a7d0] [com.apple.network:] nw_endpoint_proxy_handler_should_use_proxy Looking up proxy for hostname: localhost, ifindex: 0
2025-09-22 22:17:26.129 Db TimedancersMeditation[24374:1a7d0] [com.apple.SystemConfiguration:SCPreferences] create <SCPreferences 0x10a50dd70 [0x1e6ebb4f0]> {name = SCDynamicStoreCopyProxiesWithOptions, id = /Library/Managed Preferences/mobile/com.apple.SystemConfiguration.plist, path = /Library/Managed Preferences/mobile/com.apple.SystemConfiguration.plist}
2025-09-22 22:17:26.129 Db TimedancersMeditation[24374:1a7d0] [com.apple.SystemConfiguration:SCPreferences] SCPreferences() access: /Library/Managed Preferences/mobile/com.apple.SystemConfiguration.plist, size=0
2025-09-22 22:17:26.129 Db TimedancersMeditation[24374:1a7d0] [com.apple.SystemConfiguration:SCPreferences] release <SCPreferences 0x10a50dd70 [0x1e6ebb4f0]> {name = SCDynamicStoreCopyProxiesWithOptions, id = /Library/Managed Preferences/mobile/com.apple.SystemConfiguration.plist, path = /Library/Managed Preferences/mobile/com.apple.SystemConfiguration.plist, accessed}
2025-09-22 22:17:26.129 Db TimedancersMeditation[24374:1a7d0] [com.apple.network:connection] nw_endpoint_flow_attach_protocols [C6 Hostname#e1683dcb:19001 in_progress parent-flow (satisfied (Path is satisfied), interface: en0[802.11], uses wifi)]
2025-09-22 22:17:26.129 Db TimedancersMeditation[24374:1a7d0] [com.apple.network:connection] nw_endpoint_flow_attach_protocols [C6 Hostname#e1683dcb:19001 in_progress parent-flow (satisfied (Path is satisfied), interface: en0[802.11], uses wifi)] stopping after adding persistent application protocols
2025-09-22 22:17:26.129 Db TimedancersMeditation[24374:1a7d0] [com.apple.network:connection] nw_endpoint_flow_setup_protocols [C6 Hostname#e1683dcb:19001 in_progress parent-flow (satisfied (Path is satisfied), interface: en0[802.11], uses wifi)] persistent protocol stack, starting
