2025-09-22 22:17:25.832 Db TimedancersMeditation[24374:1a705] [com.apple.CFBundle:resources] Resource lookup at CFBundle 0x600003b081c0 </Users/russellbrown/Library/Developer/CoreSimulator/Devices/A90F393D-72AC-4F90-BBE5-9C3B184A3157/data/Containers/Bundle/Application/808C49C9-28EB-4834-AD26-7F94CC7D88E1/TimedancersMeditation.app> (executable, loaded)
	Request       : InfoPlist type: strings
	Result        : None
2025-09-22 22:17:25.833 Db TimedancersMeditation[24374:1a705] [com.apple.CFBundle:resources] Resource lookup at CFBundle 0x600003b081c0 </Users/russellbrown/Library/Developer/CoreSimulator/Devices/A90F393D-72AC-4F90-BBE5-9C3B184A3157/data/Containers/Bundle/Application/808C49C9-28EB-4834-AD26-7F94CC7D88E1/TimedancersMeditation.app> (executable, loaded)
	Request       : InfoPlist type: stringsdict
	Result        : None
2025-09-22 22:17:25.833 Db TimedancersMeditation[24374:1a705] [com.apple.CFBundle:resources] Resource lookup at CFBundle 0x600003b081c0 </Users/russellbrown/Library/Developer/CoreSimulator/Devices/A90F393D-72AC-4F90-BBE5-9C3B184A3157/data/Containers/Bundle/Application/808C49C9-28EB-4834-AD26-7F94CC7D88E1/TimedancersMeditation.app> (executable, loaded)
	Request       : InfoPlist type: strings
	Result        : None
2025-09-22 22:17:25.833 Db TimedancersMeditation[24374:1a705] [com.apple.CFBundle:resources] Resource lookup at CFBundle 0x600003b081c0 </Users/russellbrown/Library/Developer/CoreSimulator/Devices/A90F393D-72AC-4F90-BBE5-9C3B184A3157/data/Containers/Bundle/Application/808C49C9-28EB-4834-AD26-7F94CC7D88E1/TimedancersMeditation.app> (executable, loaded)
	Request       : InfoPlist type: stringsdict
	Result        : None
2025-09-22 22:17:25.833 Db TimedancersMeditation[24374:1a705] [com.apple.defaults:User Defaults] found no value for key expo.devlauncher.recentlyopenedapps in CFPrefsSearchListSource<0x600002c10180> (Domain: org.timedancers.meditation, Container: (null))
2025-09-22 22:17:25.833 Db TimedancersMeditation[24374:1a705] [com.apple.defaults:User Defaults] setting {
    "expo.devlauncher.recentlyopenedapps" =     {
    };
} in CFPrefsPlistSource<0x600002c10600> (Domain: org.timedancers.meditation, User: kCFPreferencesCurrentUser, ByHost: No, Container: (null), Contents Need Refresh: No)
2025-09-22 22:17:25.835 Db TimedancersMeditation[24374:1a705] [com.apple.defaults:User Defaults] looked up value 0 for key ReduceMotionEnabled in CFPrefsPlistSource<0x600002c04500> (Domain: com.apple.Accessibility, User: kCFPreferencesCurrentUser, ByHost: No, Container: (null), Contents Need Refresh: No) via CFPrefsSearchListSource<0x600002c04480> (Domain: com.apple.Accessibility, Container: (null))
2025-09-22 22:17:25.835 Db TimedancersMeditation[24374:1a705] [com.apple.Accessibility:AXSupportCommon] CF Read: domain = com.apple.Accessibility, preference = ReduceMotionEnabled, appID = (null) result = 0 (-1 - empty, 0 - false, 1 - true)
2025-09-22 22:17:25.835 Db TimedancersMeditation[24374:1a705] [com.apple.defaults:User Defaults] CFPrefsPlistSource<0x600002c10880> (Domain: org.timedancers.meditation, User: kCFPreferencesCurrentUser, ByHost: No, Container: /Users/russellbrown/Library/Developer/CoreSimulator/Devices/A90F393D-72AC-4F90-BBE5-9C3B184A3157/data, Contents Need Refresh: No) loaded: an empty base plist and no additional changes from the base plist
2025-09-22 22:17:25.835 Db TimedancersMeditation[24374:1a705] [com.apple.defaults:User Defaults] CFPrefsPlistSource<0x600002c10b00> (Domain: org.timedancers.meditation, User: kCFPreferencesCurrentUser, ByHost: Yes, Container: (null), Contents Need Refresh: No) loaded: an empty base plist and no additional changes from the base plist
2025-09-22 22:17:25.835 Db TimedancersMeditation[24374:1a705] [com.apple.defaults:User Defaults] found no value for key UITraitUsageTrackingLoggingEnabled in CFPrefsSearchListSource<0x600002c10180> (Domain: org.timedancers.meditation, Container: (null))
2025-09-22 22:17:25.835 Db TimedancersMeditation[24374:1a705] [com.apple.defaults:User Defaults] found no value for key _UIConstraintBasedLayout in CFPrefsSearchListSource<0x600002c10180> (Domain: org.timedancers.meditation, Container: (null))
2025-09-22 22:17:25.836 Db TimedancersMeditation[24374:1a705] [com.apple.defaults:User Defaults] setting new value 1 for key RCT_enableDev in CFPrefsSource<0x600001710700> (Domain: Volatile, User: , ByHost: No, Container: , Contents Need Refresh: No)
2025-09-22 22:17:25.836 Db TimedancersMeditation[24374:1a705] [com.apple.defaults:User Defaults] setting new value 0 for key RCT_enableMinification in CFPrefsSource<0x600001710700> (Domain: Volatile, User: , ByHost: No, Container: , Contents Need Refresh: No)
2025-09-22 22:17:25.837 Db TimedancersMeditation[24374:1a705] [com.apple.defaults:User Defaults] found no value for key RCT_jsLocation in CFPrefsSearchListSource<0x600002c10180> (Domain: org.timedancers.meditation, Container: (null))
2025-09-22 22:17:25.837 Db TimedancersMeditation[24374:1a705] [com.apple.defaults:User Defaults] found no value for key RCT_packager_scheme in CFPrefsSearchListSource<0x600002c10180> (Domain: org.timedancers.meditation, Container: (null))
2025-09-22 22:17:25.837 Db TimedancersMeditation[24374:1a705] [com.apple.defaults:User Defaults] found no value for key RCT_packager_scheme in CFPrefsSearchListSource<0x600002c10180> (Domain: org.timedancers.meditation, Container: (null))
2025-09-22 22:17:25.837 Db TimedancersMeditation[24374:1a705] [com.apple.SystemConfiguration:SCPreferences] create <SCPreferences 0x106b0bd70 [0x1e6ebb4f0]> {name = SCDynamicStoreCopyProxiesWithOptions, id = /Library/Managed Preferences/mobile/com.apple.SystemConfiguration.plist, path = /Library/Managed Preferences/mobile/com.apple.SystemConfiguration.plist}
2025-09-22 22:17:25.837 Db TimedancersMeditation[24374:1a705] [com.apple.SystemConfiguration:SCPreferences] SCPreferences() access: /Library/Managed Preferences/mobile/com.apple.SystemConfiguration.plist, size=0
2025-09-22 22:17:25.837 Db TimedancersMeditation[24374:1a705] [com.apple.SystemConfiguration:SCPreferences] release <SCPreferences 0x106b0bd70 [0x1e6ebb4f0]> {name = SCDynamicStoreCopyProxiesWithOptions, id = /Library/Managed Preferences/mobile/com.apple.SystemConfiguration.plist, path = /Library/Managed Preferences/mobile/com.apple.SystemConfiguration.plist, accessed}
2025-09-22 22:17:25.838 Db TimedancersMeditation[24374:1a705] [com.apple.network:] tcp_connection_create_with_endpoint_and_parameters 2 localhost 8081
2025-09-22 22:17:25.838 Db TimedancersMeditation[24374:1a705] [com.apple.network:] tcp_connection_set_usage_model 2 setting usage model to 1
2025-09-22 22:17:25.838 Db TimedancersMeditation[24374:1a705] [com.apple.CFBundle:resources] Resource lookup at CFBundle 0x600003b081c0 </Users/russellbrown/Library/Developer/CoreSimulator/Devices/A90F393D-72AC-4F90-BBE5-9C3B184A3157/data/Containers/Bundle/Application/808C49C9-28EB-4834-AD26-7F94CC7D88E1/TimedancersMeditation.app> (executable, loaded)
	Request       : InfoPlist type: strings
	Result        : None
2025-09-22 22:17:25.838 Db TimedancersMeditation[24374:1a705] [com.apple.CFBundle:resources] Resource lookup at CFBundle 0x600003b081c0 </Users/russellbrown/Library/Developer/CoreSimulator/Devices/A90F393D-72AC-4F90-BBE5-9C3B184A3157/data/Containers/Bundle/Application/808C49C9-28EB-4834-AD26-7F94CC7D88E1/TimedancersMeditation.app> (executable, loaded)
	Request       : InfoPlist type: stringsdict
	Result        : None
2025-09-22 22:17:25.838 Df TimedancersMeditation[24374:1a705] [com.apple.CFNetwork:Default] TCP Conn [2:0x600003300140] using empty proxy configuration
2025-09-22 22:17:25.838 Df TimedancersMeditation[24374:1a705] [com.apple.CFNetwork:Default] Stream client bypassing proxies on TCP Conn [2:0x600003300140]
2025-09-22 22:17:25.838 Df TimedancersMeditation[24374:1a705] [com.apple.CFNetwork:Default] TCP Conn 0x600003300140 started
2025-09-22 22:17:25.838 Db TimedancersMeditation[24374:1a705] [com.apple.network:] tcp_connection_start 2 starting
2025-09-22 22:17:25.838 I  TimedancersMeditation[24374:1a705] [com.apple.network:connection] nw_connection_create_with_id [C2] create connection to Hostname#e1683dcb:8081
2025-09-22 22:17:25.838 Db TimedancersMeditation[24374:1a705] [com.apple.network:] tcp_connection_start starting tc_nwconn=0x106b0d460
2025-09-22 22:17:25.838 Df TimedancersMeditation[24374:1a76a] [com.apple.network:connection] [C2 1F936500-8F94-4122-845B-46E7125E806E Hostname#e1683dcb:8081 tcp, definite, attribution: developer, context: Default Network Context (private), proc: A3E2F401-DEA3-304B-AA25-D962D687F5D0, no proxy, prohibit fallback, allow socket access] start
2025-09-22 22:17:25.838 I  TimedancersMeditation[24374:1a76a] [com.apple.network:connection] nw_endpoint_handler_start [C2 Hostname#e1683dcb:8081 initial parent-flow ((null))]
2025-09-22 22:17:25.838 Df TimedancersMeditation[24374:1a76a] [com.apple.network:connection] [C2 Hostname#e1683dcb:8081 initial parent-flow ((null))] event: path:start @0.000s
2025-09-22 22:17:25.838 Db TimedancersMeditation[24374:1a76a] [com.apple.network:connection] nw_endpoint_handler_path_change [C2 Hostname#e1683dcb:8081 waiting parent-flow (satisfied (Path is satisfied), interface: en0[802.11], uses wifi)]
2025-09-22 22:17:25.838 Db TimedancersMeditation[24374:1a76a] [com.apple.networkextension:] ne_tracker_check_is_hostname_blocked() proceeding with the in_the_app check for hostname: localhost
2025-09-22 22:17:25.838 Db TimedancersMeditation[24374:1a76a] [com.apple.CFBundle:resources] Resource lookup at CFBundle 0x600003b081c0 </Users/russellbrown/Library/Developer/CoreSimulator/Devices/A90F393D-72AC-4F90-BBE5-9C3B184A3157/data/Containers/Bundle/Application/808C49C9-28EB-4834-AD26-7F94CC7D88E1/TimedancersMeditation.app> (executable, loaded)
	Request       : InfoPlist type: strings
	Result        : None
2025-09-22 22:17:25.838 Db TimedancersMeditation[24374:1a76a] [com.apple.CFBundle:resources] Resource lookup at CFBundle 0x600003b081c0 </Users/russellbrown/Library/Developer/CoreSimulator/Devices/A90F393D-72AC-4F90-BBE5-9C3B184A3157/data/Containers/Bundle/Application/808C49C9-28EB-4834-AD26-7F94CC7D88E1/TimedancersMeditation.app> (executable, loaded)
	Request       : InfoPlist type: stringsdict
	Result        : None
2025-09-22 22:17:25.838 Db TimedancersMeditation[24374:1a76a] [com.apple.networkextension:] ne_tracker_check_is_hostname_blocked(): hostname localhost is not a tracker. Returning: ne_tracker_status_none
2025-09-22 22:17:25.838 Df TimedancersMeditation[24374:1a76a] [com.apple.network:connection] [C2 Hostname#e1683dcb:8081 waiting parent-flow (satisfied (Path is satisfied), interface: en0[802.11], uses wifi)] event: path:satisfied @0.000s, uuid: E6DF6D71-20EF-438F-8340-777A48ED0BB9
2025-09-22 22:17:25.838 I  TimedancersMeditation[24374:1a76a] [com.apple.network:connection] nw_connection_endpoint_report_on_nw_queue_block_invoke [C2 Hostname#e1683dcb:8081 waiting parent-flow (satisfied (Path is satisfied), interface: en0[802.11], uses wifi)] skipping state update
2025-09-22 22:17:25.838 Db TimedancersMeditation[24374:1a76a] [com.apple.network:connection] nw_endpoint_flow_attach_protocols [C2 Hostname#e1683dcb:8081 in_progress parent-flow (satisfied (Path is satisfied), interface: en0[802.11], uses wifi)]
2025-09-22 22:17:25.838 Db TimedancersMeditation[24374:1a76a] [com.apple.network:connection] nw_endpoint_flow_attach_protocols [C2 Hostname#e1683dcb:8081 in_progress parent-flow (satisfied (Path is satisfied), interface: en0[802.11], uses wifi)] stopping after adding persistent application protocols
2025-09-22 22:17:25.838 Db TimedancersMeditation[24374:1a76a] [com.apple.network:connection] nw_endpoint_flow_setup_protocols [C2 Hostname#e1683dcb:8081 in_progress parent-flow (satisfied (Path is satisfied), interface: en0[802.11], uses wifi)] persistent protocol stack, starting
2025-09-22 22:17:25.838 Df TimedancersMeditation[24374:1a76a] [com.apple.network:connection] [C2 Hostname#e1683dcb:8081 in_progress parent-flow (satisfied (Path is satisfied), interface: en0[802.11], uses wifi)] event: flow:start_connect @0.000s
2025-09-22 22:17:25.838 Df TimedancersMeditation[24374:1a76a] [com.apple.network:connection] nw_connection_report_state_with_handler_on_nw_queue [C2] reporting state preparing
2025-09-22 22:17:25.838 I  TimedancersMeditation[24374:1a76a] [com.apple.network:connection] nw_endpoint_flow_connect [C2 Hostname#e1683dcb:8081 in_progress parent-flow (satisfied (Path is satisfied), interface: en0[802.11], uses wifi)] connect bottom protocol
2025-09-22 22:17:25.838 Db TimedancersMeditation[24374:1a76a] [com.apple.network:connection] nw_endpoint_flow_start_child [C2 Hostname#e1683dcb:8081 in_progress parent-flow (satisfied (Path is satisfied), interface: en0[802.11], uses wifi)] creating and starting child handler
2025-09-22 22:17:25.838 Df TimedancersMeditation[24374:1a76a] [com.apple.network:connection] [C2 Hostname#e1683dcb:8081 in_progress parent-flow (satisfied (Path is satisfied), interface: en0[802.11], uses wifi)] event: flow:start_child @0.000s
2025-09-22 22:17:25.838 I  TimedancersMeditation[24374:1a76a] [com.apple.network:connection] nw_endpoint_handler_start [C2.1 Hostname#e1683dcb:8081 initial path ((null))]
2025-09-22 22:17:25.838 Db TimedancersMeditation[24374:1a76a] [com.apple.network:connection] nw_endpoint_flow_receive_report [C2 Hostname#e1683dcb:8081 in_progress parent-flow (satisfied (Path is satisfied), interface: en0[802.11], uses wifi)] received child report: [C2.1 Hostname#e1683dcb:8081 initial path ((null))]
2025-09-22 22:17:25.838 Df TimedancersMeditation[24374:1a76a] [com.apple.network:connection] [C2.1 Hostname#e1683dcb:8081 initial path ((null))] event: path:start @0.000s
2025-09-22 22:17:25.838 Db TimedancersMeditation[24374:1a76a] [com.apple.network:connection] nw_endpoint_handler_path_change [C2.1 Hostname#e1683dcb:8081 waiting path (satisfied (Path is satisfied), interface: en0[802.11], uses wifi)]
2025-09-22 22:17:25.838 Db TimedancersMeditation[24374:1a76a] [com.apple.networkextension:] ne_tracker_check_is_hostname_blocked() proceeding with the in_the_app check for hostname: localhost
2025-09-22 22:17:25.838 Db TimedancersMeditation[24374:1a76a] [com.apple.CFBundle:resources] Resource lookup at CFBundle 0x600003b081c0 </Users/russellbrown/Library/Developer/CoreSimulator/Devices/A90F393D-72AC-4F90-BBE5-9C3B184A3157/data/Containers/Bundle/Application/808C49C9-28EB-4834-AD26-7F94CC7D88E1/TimedancersMeditation.app> (executable, loaded)
	Request       : InfoPlist type: strings
	Result        : None
2025-09-22 22:17:25.838 Db TimedancersMeditation[24374:1a76a] [com.apple.CFBundle:resources] Resource lookup at CFBundle 0x600003b081c0 </Users/russellbrown/Library/Developer/CoreSimulator/Devices/A90F393D-72AC-4F90-BBE5-9C3B184A3157/data/Containers/Bundle/Application/808C49C9-28EB-4834-AD26-7F94CC7D88E1/TimedancersMeditation.app> (executable, loaded)
	Request       : InfoPlist type: stringsdict
	Result        : None
2025-09-22 22:17:25.838 Db TimedancersMeditation[24374:1a76a] [com.apple.networkextension:] ne_tracker_check_is_hostname_blocked(): hostname localhost is not a tracker. Returning: ne_tracker_status_none
2025-09-22 22:17:25.838 Db TimedancersMeditation[24374:1a76a] [com.apple.network:connection] nw_endpoint_flow_receive_report [C2 Hostname#e1683dcb:8081 in_progress parent-flow (satisfied (Path is satisfied), interface: en0[802.11], uses wifi)] received child report: [C2.1 Hostname#e1683dcb:8081 waiting path (satisfied (Path is satisfied), interface: en0[802.11], uses wifi)]
2025-09-22 22:17:25.838 Db TimedancersMeditation[24374:1a705] [com.apple.defaults:User Defaults] setting new value 0 for key EXDevMenuShowsAtLaunch in CFPrefsSource<0x600001710700> (Domain: Volatile, User: , ByHost: No, Container: , Contents Need Refresh: No)
2025-09-22 22:17:25.838 Df TimedancersMeditation[24374:1a76a] [com.apple.network:connection] [C2.1 Hostname#e1683dcb:8081 waiting path (satisfied (Path is satisfied), interface: en0[802.11], uses wifi)] event: path:satisfied @0.000s, uuid: E6DF6D71-20EF-438F-8340-777A48ED0BB9
2025-09-22 22:17:25.838 Db TimedancersMeditation[24374:1a705] [com.apple.defaults:User Defaults] setting new value 1 for key EXDevMenuKeyCommandsEnabled in CFPrefsSource<0x600001710700> (Domain: Volatile, User: , ByHost: No, Container: , Contents Need Refresh: No)
2025-09-22 22:17:25.838 Db TimedancersMeditation[24374:1a705] [com.apple.defaults:User Defaults] setting new value 1 for key EXDevMenuMotionGestureEnabled in CFPrefsSource<0x600001710700> (Domain: Volatile, User: , ByHost: No, Container: , Contents Need Refresh: No)
2025-09-22 22:17:25.838 Db TimedancersMeditation[24374:1a76a] [com.apple.network:connection] -[NWConcrete_nw_endpoint_resolver startWithHandler:] [C2.1 Hostname#e1683dcb:8081 waiting resolver (satisfied (Path is satisfied), interface: en0[802.11], uses wifi)]
2025-09-22 22:17:25.838 Db TimedancersMeditation[24374:1a705] [com.apple.defaults:User Defaults] setting new value 1 for key EXDevMenuTouchGestureEnabled in CFPrefsSource<0x600001710700> (Domain: Volatile, User: , ByHost: No, Container: , Contents Need Refresh: No)
2025-09-22 22:17:25.839 Db TimedancersMeditation[24374:1a705] [com.apple.defaults:User Defaults] setting new value 0 for key EXDevMenuIsOnboardingFinished in CFPrefsSource<0x600001710700> (Domain: Volatile, User: , ByHost: No, Container: , Contents Need Refresh: No)
2025-09-22 22:17:25.838 Db TimedancersMeditation[24374:1a76a] [com.apple.network:connection] nw_endpoint_flow_receive_report [C2 Hostname#e1683dcb:8081 in_progress parent-flow (satisfied (Path is satisfied), interface: en0[802.11], uses wifi)] received child report: [C2.1 Hostname#e1683dcb:8081 in_progress resolver (satisfied (Path is satisfied), interface: en0[802.11], uses wifi)]
2025-09-22 22:17:25.839 Df TimedancersMeditation[24374:1a76a] [com.apple.network:connection] [C2.1 Hostname#e1683dcb:8081 in_progress resolver (satisfied (Path is satisfied), interface: en0[802.11], uses wifi)] event: resolver:start_dns @0.000s
2025-09-22 22:17:25.839 Db TimedancersMeditation[24374:1a705] [com.apple.defaults:User Defaults] looked up value 1 for key EXDevMenuMotionGestureEnabled in CFPrefsSource<0x600001710700> (Domain: Volatile, User: , ByHost: No, Container: , Contents Need Refresh: No) via CFPrefsSearchListSource<0x600002c10180> (Domain: org.timedancers.meditation, Container: (null))
2025-09-22 22:17:25.839 Db TimedancersMeditation[24374:1a705] [com.apple.defaults:User Defaults] looked up value 1 for key EXDevMenuTouchGestureEnabled in CFPrefsSource<0x600001710700> (Domain: Volatile, User: , ByHost: No, Container: , Contents Need Refresh: No) via CFPrefsSearchListSource<0x600002c10180> (Domain: org.timedancers.meditation, Container: (null))
2025-09-22 22:17:25.839 Db TimedancersMeditation[24374:1a76a] [com.apple.networkextension:] ne_tracker_check_is_hostname_blocked() proceeding with the in_the_app check for hostname: localhost
2025-09-22 22:17:25.839 Db TimedancersMeditation[24374:1a76a] [com.apple.CFBundle:resources] Resource lookup at CFBundle 0x600003b081c0 </Users/russellbrown/Library/Developer/CoreSimulator/Devices/A90F393D-72AC-4F90-BBE5-9C3B184A3157/data/Containers/Bundle/Application/808C49C9-28EB-4834-AD26-7F94CC7D88E1/TimedancersMeditation.app> (executable, loaded)
	Request       : InfoPlist type: strings
	Result        : None
2025-09-22 22:17:25.839 Db TimedancersMeditation[24374:1a76a] [com.apple.CFBundle:resources] Resource lookup at CFBundle 0x600003b081c0 </Users/russellbrown/Library/Developer/CoreSimulator/Devices/A90F393D-72AC-4F90-BBE5-9C3B184A3157/data/Containers/Bundle/Application/808C49C9-28EB-4834-AD26-7F94CC7D88E1/TimedancersMeditation.app> (executable, loaded)
	Request       : InfoPlist type: stringsdict
	Result        : None
2025-09-22 22:17:25.839 Db TimedancersMeditation[24374:1a76a] [com.apple.networkextension:] ne_tracker_check_is_hostname_blocked(): hostname localhost is not a tracker. Returning: ne_tracker_status_none
2025-09-22 22:17:25.839 Db TimedancersMeditation[24374:1a705] [com.apple.defaults:User Defaults] looked up value 1 for key EXDevMenuKeyCommandsEnabled in CFPrefsSource<0x600001710700> (Domain: Volatile, User: , ByHost: No, Container: , Contents Need Refresh: No) via CFPrefsSearchListSource<0x600002c10180> (Domain: org.timedancers.meditation, Container: (null))
2025-09-22 22:17:25.839 I  TimedancersMeditation[24374:1a76a] [com.apple.network:connection] nw_resolver_create_dns_service_locked [C2.1] Starting host resolution Hostname#e1683dcb:8081, flags 0xc000d000 proto 0
2025-09-22 22:17:25.839 Db TimedancersMeditation[24374:1a705] [com.apple.defaults:User Defaults] found no value for key EXDevMenuDisableAutoLaunch in CFPrefsSearchListSource<0x600002c10180> (Domain: org.timedancers.meditation, Container: (null))
2025-09-22 22:17:25.839 I  TimedancersMeditation[24374:1a76a] [com.apple.network:connection] nw_resolver_host_resolve_callback [C2.1] flags=0x40000003 ifindex=4294967295 error=NoError(0) hostname=localhost. addr=IPv6#e826993e ttl=1
2025-09-22 22:17:25.839 I  TimedancersMeditation[24374:1a76a] [com.apple.network:connection] nw_resolver_host_resolve_callback [C2.1] flags=0x40000002 ifindex=4294967295 error=NoError(0) hostname=localhost. addr=IPv4#b71ba7e5 ttl=1
2025-09-22 22:17:25.839 Db TimedancersMeditation[24374:1a76a] [com.apple.network:] sa_dst_compare_rfc6724 Rule 6, prefer d2, d2 precedence 50 > d1 precedence 35
2025-09-22 22:17:25.839 Db TimedancersMeditation[24374:1a76a] [com.apple.network:] sa_dst_compare_internal <private>@0 < <private>@0
2025-09-22 22:17:25.839 Db TimedancersMeditation[24374:1a76a] [com.apple.network:connection] nw_endpoint_resolver_update [C2.1 Hostname#e1683dcb:8081 in_progress resolver (satisfied (Path is satisfied), interface: en0[802.11], uses wifi)] resolver is complete
2025-09-22 22:17:25.839 Df TimedancersMeditation[24374:1a76a] [com.apple.network:connection] nw_endpoint_resolver_update [C2.1 Hostname#e1683dcb:8081 in_progress resolver (satisfied (Path is satisfied), interface: en0[802.11], uses wifi)] Adding endpoint handler for ::1.8081
2025-09-22 22:17:25.839 Df TimedancersMeditation[24374:1a76a] [com.apple.network:connection] nw_endpoint_resolver_update [C2.1 Hostname#e1683dcb:8081 in_progress resolver (satisfied (Path is satisfied), interface: en0[802.11], uses wifi)] Adding endpoint handler for 127.0.0.1:8081
2025-09-22 22:17:25.839 Db TimedancersMeditation[24374:1a76a] [com.apple.network:connection] nw_endpoint_resolver_update [C2.1 Hostname#e1683dcb:8081 in_progress resolver (satisfied (Path is satisfied), interface: en0[802.11], uses wifi)] Updated endpoint list is (::1.8081,127.0.0.1:8081)
2025-09-22 22:17:25.839 Db TimedancersMeditation[24374:1a76a] [com.apple.network:connection] nw_endpoint_flow_receive_report [C2 Hostname#e1683dcb:8081 in_progress parent-flow (satisfied (Path is satisfied), interface: en0[802.11], uses wifi)] received child report: [C2.1 Hostname#e1683dcb:8081 in_progress resolver (satisfied (Path is satisfied), interface: en0[802.11], uses wifi)]
2025-09-22 22:17:25.839 Df TimedancersMeditation[24374:1a76a] [com.apple.network:connection] [C2.1 Hostname#e1683dcb:8081 in_progress resolver (satisfied (Path is satisfied), interface: en0[802.11], uses wifi)] event: resolver:receive_dns @0.001s
2025-09-22 22:17:25.839 I  TimedancersMeditation[24374:1a76a] [com.apple.network:connection] nw_endpoint_resolver_start_next_child [C2.1 Hostname#e1683dcb:8081 in_progress resolver (satisfied (Path is satisfied), interface: en0[802.11], uses wifi)] starting child endpoint ::1.8081
2025-09-22 22:17:25.839 I  TimedancersMeditation[24374:1a76a] [com.apple.network:connection] nw_endpoint_handler_start [C2.1.1 ::1.8081 initial path ((null))]
2025-09-22 22:17:25.839 Db TimedancersMeditation[24374:1a76a] [com.apple.network:connection] nw_endpoint_resolver_receive_report [C2.1 Hostname#e1683dcb:8081 in_progress resolver (satisfied (Path is satisfied), interface: en0[802.11], uses wifi)] received child report: [C2.1.1 ::1.8081 initial path ((null))]
2025-09-22 22:17:25.839 Db TimedancersMeditation[24374:1a76a] [com.apple.network:connection] nw_endpoint_flow_receive_report [C2 Hostname#e1683dcb:8081 in_progress parent-flow (satisfied (Path is satisfied), interface: en0[802.11], uses wifi)] received child report: [C2.1.1 ::1.8081 initial path ((null))]
2025-09-22 22:17:25.839 Df TimedancersMeditation[24374:1a76a] [com.apple.network:connection] [C2.1.1 ::1.8081 initial path ((null))] event: path:start @0.001s
2025-09-22 22:17:25.839 Db TimedancersMeditation[24374:1a76a] [com.apple.network:connection] nw_endpoint_handler_path_change [C2.1.1 ::1.8081 waiting path (satisfied (Path is satisfied), interface: lo0)]
2025-09-22 22:17:25.839 Db TimedancersMeditation[24374:1a76a] [com.apple.network:connection] nw_endpoint_resolver_receive_report [C2.1 Hostname#e1683dcb:8081 in_progress resolver (satisfied (Path is satisfied), interface: en0[802.11], uses wifi)] received child report: [C2.1.1 ::1.8081 waiting path (satisfied (Path is satisfied), interface: lo0)]
2025-09-22 22:17:25.839 Db TimedancersMeditation[24374:1a76a] [com.apple.network:connection] nw_endpoint_flow_receive_report [C2 Hostname#e1683dcb:8081 in_progress parent-flow (satisfied (Path is satisfied), interface: en0[802.11], uses wifi)] received child report: [C2.1.1 ::1.8081 waiting path (satisfied (Path is satisfied), interface: lo0)]
2025-09-22 22:17:25.839 Df TimedancersMeditation[24374:1a76a] [com.apple.network:connection] [C2.1.1 ::1.8081 waiting path (satisfied (Path is satisfied), interface: lo0)] event: path:satisfied @0.001s, uuid: 47ECE968-B585-4F85-B87B-6496BD309DC4
2025-09-22 22:17:25.839 I  TimedancersMeditation[24374:1a76a] [com.apple.network:connection] nw_endpoint_flow_setup_protocols [C2.1.1 ::1.8081 in_progress socket-flow (satisfied (Path is satisfied), interface: lo0)] setup flow id 1320274B-9E78-441F-9719-62DC0A0F2046
2025-09-22 22:17:25.839 Db TimedancersMeditation[24374:1a76a] [com.apple.network:connection] nw_endpoint_flow_attach_protocols [C2.1.1 ::1.8081 in_progress socket-flow (satisfied (Path is satisfied), interface: lo0)]
2025-09-22 22:17:25.839 Db TimedancersMeditation[24374:1a76a] [com.apple.network:] nw_fd_wrapper_create Created <fd_wrapper 10, guarded: false>
2025-09-22 22:17:25.839 Df TimedancersMeditation[24374:1a76a] [com.apple.network:connection] nw_socket_initialize_socket [C2.1.1:1] Not guarding fd 10
2025-09-22 22:17:25.839 Db TimedancersMeditation[24374:1a76a] [com.apple.network:connection] nw_endpoint_flow_attach_protocols [C2.1.1 ::1.8081 in_progress socket-flow (satisfied (Path is satisfied), interface: lo0)] Attached socket protocol
2025-09-22 22:17:25.839 Db TimedancersMeditation[24374:1a76a] [com.apple.network:connection] nw_endpoint_flow_setup_protocols [C2.1.1 ::1.8081 in_progress socket-flow (satisfied (Path is satisfied), interface: lo0)] leaf flow starting
2025-09-22 22:17:25.839 Db TimedancersMeditation[24374:1a76a] [com.apple.network:connection] nw_endpoint_resolver_receive_report [C2.1 Hostname#e1683dcb:8081 in_progress resolver (satisfied (Path is satisfied), interface: en0[802.11], uses wifi)] received child report: [C2.1.1 ::1.8081 in_progress socket-flow (satisfied (Path is satisfied), interface: lo0)]
2025-09-22 22:17:25.839 Db TimedancersMeditation[24374:1a76a] [com.apple.network:connection] nw_endpoint_flow_receive_report [C2 Hostname#e1683dcb:8081 in_progress parent-flow (satisfied (Path is satisfied), interface: en0[802.11], uses wifi)] received child report: [C2.1.1 ::1.8081 in_progress socket-flow (satisfied (Path is satisfied), interface: lo0)]
2025-09-22 22:17:25.839 Df TimedancersMeditation[24374:1a76a] [com.apple.network:connection] [C2.1.1 ::1.8081 in_progress socket-flow (satisfied (Path is satisfied), interface: lo0)] event: flow:start_connect @0.001s
2025-09-22 22:17:25.839 I  TimedancersMeditation[24374:1a76a] [com.apple.network:connection] nw_endpoint_resolver_start_next_child [C2.1 Hostname#e1683dcb:8081 in_progress resolver (satisfied (Path is satisfied), interface: en0[802.11], uses wifi)] starting next child endpoint in 100ms
2025-09-22 22:17:25.839 Db TimedancersMeditation[24374:1a76a] [com.apple.network:connection] nw_socket_handle_socket_event [C2.1.1:1] Event mask: 0x1007
2025-09-22 22:17:25.840 Df TimedancersMeditation[24374:1a76a] [com.apple.network:connection] nw_socket_handle_socket_event [C2.1.1:1] Socket received CONNRESET event
2025-09-22 22:17:25.840 Df TimedancersMeditation[24374:1a76a] [com.apple.network:connection] nw_socket_handle_socket_event [C2.1.1:1] Socket received DISCONNECTED event
2025-09-22 22:17:25.840 E  TimedancersMeditation[24374:1a76a] [com.apple.network:connection] nw_socket_handle_socket_event [C2.1.1:1] Socket SO_ERROR [61: Connection refused]
2025-09-22 22:17:25.840 I  TimedancersMeditation[24374:1a76a] [com.apple.network:connection] nw_flow_error [C2.1.1 ::1.8081 in_progress socket-flow (satisfied (Path is satisfied), interface: lo0)] Output protocol (socket) sent error: Connection refused
2025-09-22 22:17:25.840 E  TimedancersMeditation[24374:1a76a] [com.apple.network:connection] nw_protocol_socket_set_no_wake_from_sleep [C2.1.1:1] setsockopt SO_NOWAKEFROMSLEEP failed [22: Invalid argument]
2025-09-22 22:17:25.840 E  TimedancersMeditation[24374:1a76a] [com.apple.network:] nw_protocol_socket_set_no_wake_from_sleep setsockopt SO_NOWAKEFROMSLEEP failed [22: Invalid argument]
2025-09-22 22:17:25.840 E  TimedancersMeditation[24374:1a76a] [com.apple.network:connection] nw_endpoint_flow_failed_with_error [C2.1.1 ::1.8081 in_progress socket-flow (satisfied (Path is satisfied), interface: lo0)] already failing, returning
2025-09-22 22:17:25.840 Db TimedancersMeditation[24374:1a76a] [com.apple.network:connection] nw_endpoint_resolver_receive_report [C2.1 Hostname#e1683dcb:8081 in_progress resolver (satisfied (Path is satisfied), interface: en0[802.11], uses wifi)] received child report: [C2.1.1 ::1.8081 failed socket-flow (satisfied (Path is satisfied), interface: lo0)]
2025-09-22 22:17:25.840 Db TimedancersMeditation[24374:1a76a] [com.apple.network:connection] nw_endpoint_flow_receive_report [C2 Hostname#e1683dcb:8081 in_progress parent-flow (satisfied (Path is satisfied), interface: en0[802.11], uses wifi)] received child report: [C2.1.1 ::1.8081 failed socket-flow (satisfied (Path is satisfied), interface: lo0)]
2025-09-22 22:17:25.840 Df TimedancersMeditation[24374:1a76a] [com.apple.network:connection] [C2.1.1 ::1.8081 failed socket-flow (satisfied (Path is satisfied), interface: lo0)] event: flow:failed_connect @0.001s, error Connection refused
2025-09-22 22:17:25.840 I  TimedancersMeditation[24374:1a76a] [com.apple.network:connection] nw_endpoint_resolver_receive_report [C2.1 Hostname#e1683dcb:8081 in_progress resolver (satisfied (Path is satisfied), interface: en0[802.11], uses wifi)] all started children failed, start next child.
2025-09-22 22:17:25.840 Db TimedancersMeditation[24374:1a76a] [com.apple.network:] nw_fd_wrapper_close closed <fd_wrapper 10, guarded: false>
2025-09-22 22:17:25.840 I  TimedancersMeditation[24374:1a76a] [com.apple.network:connection] nw_endpoint_resolver_start_next_child [C2.1 Hostname#e1683dcb:8081 in_progress resolver (satisfied (Path is satisfied), interface: en0[802.11], uses wifi)] starting child endpoint 127.0.0.1:8081
2025-09-22 22:17:25.840 I  TimedancersMeditation[24374:1a76a] [com.apple.network:connection] nw_endpoint_handler_start [C2.1.2 127.0.0.1:8081 initial path ((null))]
2025-09-22 22:17:25.840 Db TimedancersMeditation[24374:1a76a] [com.apple.network:connection] nw_endpoint_resolver_receive_report [C2.1 Hostname#e1683dcb:8081 in_progress resolver (satisfied (Path is satisfied), interface: en0[802.11], uses wifi)] received child report: [C2.1.2 127.0.0.1:8081 initial path ((null))]
2025-09-22 22:17:25.840 Db TimedancersMeditation[24374:1a76a] [com.apple.network:connection] nw_endpoint_flow_receive_report [C2 Hostname#e1683dcb:8081 in_progress parent-flow (satisfied (Path is satisfied), interface: en0[802.11], uses wifi)] received child report: [C2.1.2 127.0.0.1:8081 initial path ((null))]
2025-09-22 22:17:25.840 Df TimedancersMeditation[24374:1a76a] [com.apple.network:connection] [C2.1.2 127.0.0.1:8081 initial path ((null))] event: path:start @0.001s
2025-09-22 22:17:25.840 Db TimedancersMeditation[24374:1a76a] [com.apple.network:connection] nw_endpoint_handler_path_change [C2.1.2 127.0.0.1:8081 waiting path (satisfied (Path is satisfied), interface: lo0)]
2025-09-22 22:17:25.840 Db TimedancersMeditation[24374:1a76a] [com.apple.network:connection] nw_endpoint_resolver_receive_report [C2.1 Hostname#e1683dcb:8081 in_progress resolver (satisfied (Path is satisfied), interface: en0[802.11], uses wifi)] received child report: [C2.1.2 127.0.0.1:8081 waiting path (satisfied (Path is satisfied), interface: lo0)]
2025-09-22 22:17:25.840 Db TimedancersMeditation[24374:1a76a] [com.apple.network:connection] nw_endpoint_flow_receive_report [C2 Hostname#e1683dcb:8081 in_progress parent-flow (satisfied (Path is satisfied), interface: en0[802.11], uses wifi)] received child report: [C2.1.2 127.0.0.1:8081 waiting path (satisfied (Path is satisfied), interface: lo0)]
2025-09-22 22:17:25.840 Db TimedancersMeditation[24374:1a705] [com.apple.defaults:User Defaults] found no value for key LogUIPresentationController in CFPrefsSearchListSource<0x600002c08880> (Domain: com.apple.UIKit, Container: (null))
2025-09-22 22:17:25.840 Df TimedancersMeditation[24374:1a76a] [com.apple.network:connection] [C2.1.2 127.0.0.1:8081 waiting path (satisfied (Path is satisfied), interface: lo0)] event: path:satisfied @0.002s, uuid: 54F472C4-A540-42C8-A5E5-D13EE5D9B8EF
2025-09-22 22:17:25.840 I  TimedancersMeditation[24374:1a76a] [com.apple.network:connection] nw_endpoint_flow_setup_protocols [C2.1.2 127.0.0.1:8081 in_progress socket-flow (satisfied (Path is satisfied), interface: lo0)] setup flow id 0570D4ED-B7A7-4BC9-9330-34953AA44E4C
2025-09-22 22:17:25.840 Db TimedancersMeditation[24374:1a76a] [com.apple.network:connection] nw_endpoint_flow_attach_protocols [C2.1.2 127.0.0.1:8081 in_progress socket-flow (satisfied (Path is satisfied), interface: lo0)]
2025-09-22 22:17:25.840 Db TimedancersMeditation[24374:1a76a] [com.apple.network:] nw_fd_wrapper_create Created <fd_wrapper 10, guarded: false>
2025-09-22 22:17:25.840 I  TimedancersMeditation[24374:1a705] [com.apple.Accessibility:AXAppAccessibility] Presentation controller doesn't modalize: <_UIRootPresentationController: 0x106d0f970>
2025-09-22 22:17:25.840 Df TimedancersMeditation[24374:1a76a] [com.apple.network:connection] nw_socket_initialize_socket [C2.1.2:1] Not guarding fd 10
2025-09-22 22:17:25.840 Db TimedancersMeditation[24374:1a76a] [com.apple.network:connection] nw_endpoint_flow_attach_protocols [C2.1.2 127.0.0.1:8081 in_progress socket-flow (satisfied (Path is satisfied), interface: lo0)] Attached socket protocol
2025-09-22 22:17:25.840 Db TimedancersMeditation[24374:1a76a] [com.apple.network:connection] nw_endpoint_flow_setup_protocols [C2.1.2 127.0.0.1:8081 in_progress socket-flow (satisfied (Path is satisfied), interface: lo0)] leaf flow starting
2025-09-22 22:17:25.840 Db TimedancersMeditation[24374:1a76a] [com.apple.network:connection] nw_endpoint_resolver_receive_report [C2.1 Hostname#e1683dcb:8081 in_progress resolver (satisfied (Path is satisfied), interface: en0[802.11], uses wifi)] received child report: [C2.1.2 127.0.0.1:8081 in_progress socket-flow (satisfied (Path is satisfied), interface: lo0)]
2025-09-22 22:17:25.840 Db TimedancersMeditation[24374:1a76a] [com.apple.network:connection] nw_endpoint_flow_receive_report [C2 Hostname#e1683dcb:8081 in_progress parent-flow (satisfied (Path is satisfied), interface: en0[802.11], uses wifi)] received child report: [C2.1.2 127.0.0.1:8081 in_progress socket-flow (satisfied (Path is satisfied), interface: lo0)]
2025-09-22 22:17:25.840 Df TimedancersMeditation[24374:1a76a] [com.apple.network:connection] [C2.1.2 127.0.0.1:8081 in_progress socket-flow (satisfied (Path is satisfied), interface: lo0)] event: flow:start_connect @0.002s
2025-09-22 22:17:25.840 Db TimedancersMeditation[24374:1a705] [com.apple.defaults:User Defaults] found no value for key UseSingleSystemColor in CFPrefsSearchListSource<0x600002c04480> (Domain: com.apple.Accessibility, Container: (null))
2025-09-22 22:17:25.840 Db TimedancersMeditation[24374:1a705] [com.apple.Accessibility:AXSupportCommon] CF Read: domain = com.apple.Accessibility, preference = UseSingleSystemColor, appID = (null) result = (null) (-1 - empty, 0 - false, 1 - true)
2025-09-22 22:17:25.840 I  TimedancersMeditation[24374:1a76a] [com.apple.network:connection] nw_endpoint_resolver_start_next_child [C2.1 Hostname#e1683dcb:8081 in_progress resolver (satisfied (Path is satisfied), interface: en0[802.11], uses wifi)] starting next child endpoint in 100ms
2025-09-22 22:17:25.840 Db TimedancersMeditation[24374:1a705] [com.apple.defaults:User Defaults] found no value for key UseSingleSystemColor in CFPrefsPlistSource<0x600002c04800> (Domain: com.apple.Accessibility, User: kCFPreferencesCurrentUser, ByHost: No, Container: /Users/russellbrown/Library/Developer/CoreSimulator/Devices/A90F393D-72AC-4F90-BBE5-9C3B184A3157/data, Contents Need Refresh: No)
2025-09-22 22:17:25.840 Db TimedancersMeditation[24374:1a76a] [com.apple.network:connection] nw_socket_handle_socket_event [C2.1.2:1] Event mask: 0x1007
2025-09-22 22:17:25.840 Df TimedancersMeditation[24374:1a76a] [com.apple.network:connection] nw_socket_handle_socket_event [C2.1.2:1] Socket received CONNRESET event
2025-09-22 22:17:25.840 Db TimedancersMeditation[24374:1a705] [com.apple.defaults:User Defaults] found no value for key UIViewShowAlignmentRects in CFPrefsSearchListSource<0x600002c10180> (Domain: org.timedancers.meditation, Container: (null))
2025-09-22 22:17:25.840 Df TimedancersMeditation[24374:1a76a] [com.apple.network:connection] nw_socket_handle_socket_event [C2.1.2:1] Socket received DISCONNECTED event
2025-09-22 22:17:25.840 E  TimedancersMeditation[24374:1a76a] [com.apple.network:connection] nw_socket_handle_socket_event [C2.1.2:1] Socket SO_ERROR [61: Connection refused]
2025-09-22 22:17:25.840 I  TimedancersMeditation[24374:1a76a] [com.apple.network:connection] nw_flow_error [C2.1.2 127.0.0.1:8081 in_progress socket-flow (satisfied (Path is satisfied), interface: lo0)] Output protocol (socket) sent error: Connection refused
2025-09-22 22:17:25.840 Df TimedancersMeditation[24374:1a705] [com.apple.FrontBoard:SceneExtension] Realizing settings extension <_UIApplicationSceneDisplaySettings> on FBSSceneSettings
2025-09-22 22:17:25.840 E  TimedancersMeditation[24374:1a76a] [com.apple.network:connection] nw_protocol_socket_set_no_wake_from_sleep [C2.1.2:1] setsockopt SO_NOWAKEFROMSLEEP failed [22: Invalid argument]
2025-09-22 22:17:25.841 E  TimedancersMeditation[24374:1a76a] [com.apple.network:] nw_protocol_socket_set_no_wake_from_sleep setsockopt SO_NOWAKEFROMSLEEP failed [22: Invalid argument]
2025-09-22 22:17:25.841 E  TimedancersMeditation[24374:1a76a] [com.apple.network:connection] nw_endpoint_flow_failed_with_error [C2.1.2 127.0.0.1:8081 in_progress socket-flow (satisfied (Path is satisfied), interface: lo0)] already failing, returning
2025-09-22 22:17:25.841 Db TimedancersMeditation[24374:1a76a] [com.apple.network:connection] nw_endpoint_resolver_receive_report [C2.1 Hostname#e1683dcb:8081 in_progress resolver (satisfied (Path is satisfied), interface: en0[802.11], uses wifi)] received child report: [C2.1.2 127.0.0.1:8081 failed socket-flow (satisfied (Path is satisfied), interface: lo0)]
2025-09-22 22:17:25.841 Db TimedancersMeditation[24374:1a705] [com.apple.FrontBoard:SceneExtension] registering method "displayBasedSafeAreaInsetsValue" from extension <_UIApplicationSceneDisplaySettings> on class "FBSSceneSettings"
2025-09-22 22:17:25.841 Db TimedancersMeditation[24374:1a705] [com.apple.FrontBoard:SceneExtension] registering method "setDisplayBasedSafeAreaInsetsValue:" from extension <_UIApplicationSceneDisplaySettings> on class "FBSSceneSettings"
2025-09-22 22:17:25.841 Db TimedancersMeditation[24374:1a76a] [com.apple.network:connection] nw_endpoint_flow_receive_report [C2 Hostname#e1683dcb:8081 in_progress parent-flow (satisfied (Path is satisfied), interface: en0[802.11], uses wifi)] received child report: [C2.1.2 127.0.0.1:8081 failed socket-flow (satisfied (Path is satisfied), interface: lo0)]
2025-09-22 22:17:25.841 Df TimedancersMeditation[24374:1a76a] [com.apple.network:connection] [C2.1.2 127.0.0.1:8081 failed socket-flow (satisfied (Path is satisfied), interface: lo0)] event: flow:failed_connect @0.002s, error Connection refused
2025-09-22 22:17:25.841 I  TimedancersMeditation[24374:1a76a] [com.apple.network:connection] nw_endpoint_resolver_receive_report [C2.1 Hostname#e1683dcb:8081 in_progress resolver (satisfied (Path is satisfied), interface: en0[802.11], uses wifi)] all children failed
2025-09-22 22:17:25.841 Db TimedancersMeditation[24374:1a76a] [com.apple.network:connection] nw_endpoint_flow_receive_report [C2 Hostname#e1683dcb:8081 in_progress parent-flow (satisfied (Path is satisfied), interface: en0[802.11], uses wifi)] received child report: [C2.1 Hostname#e1683dcb:8081 failed resolver (satisfied (Path is satisfied), interface: en0[802.11], uses wifi)]
2025-09-22 22:17:25.841 Df TimedancersMeditation[24374:1a76a] [com.apple.network:connection] [C2.1 Hostname#e1683dcb:8081 failed resolver (satisfied (Path is satisfied), interface: en0[802.11], uses wifi)] event: resolver:children_failed @0.002s
2025-09-22 22:17:25.841 I  TimedancersMeditation[24374:1a76a] [com.apple.network:connection] nw_endpoint_flow_receive_report [C2 Hostname#e1683dcb:8081 in_progress parent-flow (satisfied (Path is satisfied), interface: en0[802.11], uses wifi)] child failed
2025-09-22 22:17:25.841 Db TimedancersMeditation[24374:1a705] [com.apple.defaults:User Defaults] found no value for key UIViewLocalizeOverrideLayoutEngine in CFPrefsSearchListSource<0x600002c10180> (Domain: org.timedancers.meditation, Container: (null))
2025-09-22 22:17:25.841 I  TimedancersMeditation[24374:1a76a] [com.apple.network:connection] nw_endpoint_handler_cancel [C2.1 Hostname#e1683dcb:8081 failed resolver (satisfied (Path is satisfied), interface: en0[802.11], uses wifi)]
2025-09-22 22:17:25.841 I  TimedancersMeditation[24374:1a76a] [com.apple.network:connection] nw_endpoint_handler_cancel [C2.1.1 ::1.8081 failed socket-flow (satisfied (Path is satisfied), interface: lo0)]
2025-09-22 22:17:25.841 I  TimedancersMeditation[24374:1a76a] [com.apple.network:connection] nw_association_schedule_deactivation <nw_association ::1.8081> will become dormant after 10000ms of inactivity
2025-09-22 22:17:25.841 Db TimedancersMeditation[24374:1a76a] [com.apple.network:connection] nw_flow_cancel_read_write_requests [C2.1.1 ::1.8081 cancelled socket-flow ((null))] cancelling read/write requests
2025-09-22 22:17:25.841 I  TimedancersMeditation[24374:1a76a] [com.apple.network:connection] nw_endpoint_handler_cancel [C2.1.2 127.0.0.1:8081 failed socket-flow (satisfied (Path is satisfied), interface: lo0)]
2025-09-22 22:17:25.841 I  TimedancersMeditation[24374:1a76a] [com.apple.network:connection] nw_association_schedule_deactivation <nw_association 127.0.0.1:8081> will become dormant after 10000ms of inactivity
2025-09-22 22:17:25.841 E  TimedancersMeditation[24374:1a76a] [com.apple.network:connection] nw_endpoint_flow_failed_with_error [C2.1.2 127.0.0.1:8081 cancelled socket-flow ((null))] already failing, returning
2025-09-22 22:17:25.841 Db TimedancersMeditation[24374:1a76a] [com.apple.network:connection] nw_flow_cancel_read_write_requests [C2.1.2 127.0.0.1:8081 cancelled socket-flow ((null))] cancelling read/write requests
2025-09-22 22:17:25.841 Db TimedancersMeditation[24374:1a76a] [com.apple.network:connection] nw_resolver_cancel [C2.1] 0x10690e6f0
2025-09-22 22:17:25.841 Df TimedancersMeditation[24374:1a76a] [com.apple.network:connection] [C2 Hostname#e1683dcb:8081 failed parent-flow (satisfied (Path is satisfied), interface: en0[802.11], uses wifi)] event: flow:child_failed @0.003s
2025-09-22 22:17:25.841 Df TimedancersMeditation[24374:1a76a] [com.apple.network:connection] nw_connection_report_state_with_handler_on_nw_queue [C2] reporting state failed error Connection refused
2025-09-22 22:17:25.841 Db TimedancersMeditation[24374:1a76c] [com.apple.network:] tcp_connection_start_block_invoke 2 sending event TCP_CONNECTION_EVENT_DISCONNECTED in response to state failed and error Connection refused
2025-09-22 22:17:25.841 Db TimedancersMeditation[24374:1a76c] [com.apple.network:] tcp_connection_fillout_event_locked 2 event: TCP_CONNECTION_EVENT_DISCONNECTED, reason: nw_connection event, should deliver: true
2025-09-22 22:17:25.841 Df TimedancersMeditation[24374:1a76c] [com.apple.CFNetwork:Default] TCP Conn 0x600003300140 event 3. err: 61
2025-09-22 22:17:25.841 Db TimedancersMeditation[24374:1a76a] [com.apple.network:] nw_fd_wrapper_close closed <fd_wrapper 10, guarded: false>
2025-09-22 22:17:25.841 E  TimedancersMeditation[24374:1a76c] [com.apple.network:connection] nw_connection_get_connected_socket_block_invoke [C2] Client called nw_connection_get_connected_socket on unconnected nw_connection
2025-09-22 22:17:25.841 Db TimedancersMeditation[24374:1a76c] [com.apple.network:] tcp_connection_get_socket 2 dupfd: -1, takeownership: true
2025-09-22 22:17:25.841 Df TimedancersMeditation[24374:1a76c] [com.apple.CFNetwork:Default] TCP Conn 0x600003300140 complete. fd: -1, err: 61
2025-09-22 22:17:25.841 Db TimedancersMeditation[24374:1a705] [com.apple.CFBundle:resources] Language lookup at CFBundle 0x600003b0c700 </Library/Developer/CoreSimulator/Volumes/iOS_22E238/Library/Developer/CoreSimulator/Profiles/Runtimes/iOS 18.4.simruntime/Contents/Resources/RuntimeRoot/System/Library/PrivateFrameworks/UIKitCore.framework/BoundingPathData.bundle> (not loaded)
	Localizations : [en]
	Dev language  : en
	User prefs    : [en-US]
	Main bundle   : [en]
	Allow mixed   : 0 
	Result        : [en]
2025-09-22 22:17:25.841 E  TimedancersMeditation[24374:1a76c] [com.apple.CFNetwork:Default] TCP Conn 0x600003300140 Failed : error 0:61 [61]
2025-09-22 22:17:25.841 Db TimedancersMeditation[24374:1a7cb] [com.apple.network:] tcp_connection_cancel 2
2025-09-22 22:17:25.841 Df TimedancersMeditation[24374:1a7cb] [com.apple.CFNetwork:Default] TCP Conn 0x600003300140 canceled
2025-09-22 22:17:25.841 Db TimedancersMeditation[24374:1a705] [com.apple.CFBundle:resources] Resource lookup at CFBundle 0x600003b0c700 </Library/Developer/CoreSimulator/Volumes/iOS_22E238/Library/Developer/CoreSimulator/Profiles/Runtimes/iOS 18.4.simruntime/Contents/Resources/RuntimeRoot/System/Library/PrivateFrameworks/UIKitCore.framework/BoundingPathData.bundle> (not loaded)
	Request       : Assets type: car
	Result        : file:///Library/Developer/CoreSimulator/Volumes/iOS_22E238/Library/Developer/CoreSimulator/Profiles/Runtimes/iOS%2018.4.simruntime/Contents/Resources/RuntimeRoot/System/Library/PrivateFrameworks/UIKitCore.framework/BoundingPathData.bundle/Assets.car
2025-09-22 22:17:25.841 Db TimedancersMeditation[24374:1a76a] [com.apple.CFBundle:loading] dyld image path for pointer 0x1803df014 is /Library/Developer/CoreSimulator/Volumes/iOS_22E238/Library/Developer/CoreSimulator/Profiles/Runtimes/iOS 18.4.simruntime/Contents/Resources/RuntimeRoot/System/Library/Frameworks/CoreFoundation.framework/CoreFoundation
2025-09-22 22:17:25.841 Df TimedancersMeditation[24374:1a76c] [com.apple.network:connection] [C2 1F936500-8F94-4122-845B-46E7125E806E Hostname#e1683dcb:8081 tcp, legacy-socket, definite, attribution: developer] cancel
2025-09-22 22:17:25.842 Df TimedancersMeditation[24374:1a76c] [com.apple.network:connection] [C2 Hostname#e1683dcb:8081 tcp, legacy-socket, definite, attribution: developer] cancelled
2025-09-22 22:17:25.842 I  TimedancersMeditation[24374:1a76c] [com.apple.network:connection] nw_endpoint_handler_cancel [C2 Hostname#e1683dcb:8081 failed parent-flow (satisfied (Path is satisfied), interface: en0[802.11], uses wifi)]
2025-09-22 22:17:25.842 I  TimedancersMeditation[24374:1a76c] [com.apple.network:connection] nw_association_schedule_deactivation <nw_association Hostname#e1683dcb:8081> will become dormant after 10000ms of inactivity
2025-09-22 22:17:25.842 Db TimedancersMeditation[24374:1a76c] [com.apple.network:connection] nw_flow_cancel_read_write_requests [C2 Hostname#e1683dcb:8081 cancelled parent-flow ((null))] cancelling read/write requests
2025-09-22 22:17:25.842 Db TimedancersMeditation[24374:1a705] [com.apple.defaults:User Defaults] found no value for key CUIShowDebugLogs in CFPrefsSearchListSource<0x600002c10180> (Domain: org.timedancers.meditation, Container: (null))
2025-09-22 22:17:25.842 Df TimedancersMeditation[24374:1a76c] [com.apple.network:connection] nw_connection_report_state_with_handler_on_nw_queue [C2] reporting state cancelled error Connection refused
2025-09-22 22:17:25.842 Db TimedancersMeditation[24374:1a7bf] [com.apple.CFNetwork:Default] TCP Conn 0x600003300140 released
2025-09-22 22:17:25.842 Db TimedancersMeditation[24374:1a7bf] [com.apple.network:] -[NWConcrete_tcp_connection dealloc] 2
2025-09-22 22:17:25.842 I  TimedancersMeditation[24374:1a7bf] [com.apple.network:connection] [C2 Hostname#e1683dcb:8081 tcp, legacy-socket, definite, attribution: developer] dealloc
2025-09-22 22:17:25.842 Db TimedancersMeditation[24374:1a705] [com.apple.defaults:User Defaults] found no value for key UIViewControllerDetachedInheritsContentOverlayInsetsFromSuperview in CFPrefsSearchListSource<0x600002c10180> (Domain: org.timedancers.meditation, Container: (null))
