2025-09-22 23:30:06.197 Db TimedancersMeditation[33623:29eee] [com.apple.defaults:User Defaults] found no value for key UseDesktopNavigationBar in CFPrefsSearchListSource<0x600002c00300> (Domain: org.timedancers.meditation, Container: (null))
2025-09-22 23:30:06.197 Db TimedancersMeditation[33623:29f42] [com.apple.defaults:User Defaults] found no value for key AvoidConcurrentKVOForAVPlayerCurrentItem in CFPrefsSearchListSource<0x600002c83500> (Domain: com.apple.avfoundation, Container: (null))
2025-09-22 23:30:06.203 Db TimedancersMeditation[33623:29f42] [com.apple.defaults:User Defaults] found no value for key avblockserializer_trace in CFPrefsSearchListSource<0x600002c83500> (Domain: com.apple.avfoundation, Container: (null))
2025-09-22 23:30:06.203 Db TimedancersMeditation[33623:29f42] [com.apple.defaults:User Defaults] found no value for key avblockserializer_trace in CFPrefsSearchListSource<0x600002c83500> (Domain: com.apple.avfoundation, Container: (null))
2025-09-22 23:30:06.203 Db TimedancersMeditation[33623:29eee] [com.apple.defaults:User Defaults] found no value for key UIStackViewHorizontalBaselineAlignmentAdjustsForAbsentBaselineInformation in CFPrefsSearchListSource<0x600002c00300> (Domain: org.timedancers.meditation, Container: (null))
2025-09-22 23:30:06.204 Db TimedancersMeditation[33623:29eee] [com.apple.CFBundle:strings] Bundle: CFBundle 0x600003b0c540 </Library/Developer/CoreSimulator/Volumes/iOS_22E238/Library/Developer/CoreSimulator/Profiles/Runtimes/iOS 18.4.simruntime/Contents/Resources/RuntimeRoot/System/Library/PrivateFrameworks/UIKitCore.framework> (not loaded), key: CONTEXT_MENU_LOADING, value: Loading, table: Localizable, localizationNames: (null), result: Loading
2025-09-22 23:30:06.204 Db TimedancersMeditation[33623:29f42] [com.apple.defaults:User Defaults] found no value for key avplaybackcoordinator_trace in CFPrefsSearchListSource<0x600002c83500> (Domain: com.apple.avfoundation, Container: (null))
2025-09-22 23:30:06.204 Db TimedancersMeditation[33623:29eee] [com.apple.defaults:User Defaults] found no value for key UILayoutConstraintDebuggingMaximumLayoutDescriptionLength in CFPrefsSearchListSource<0x600002c00300> (Domain: org.timedancers.meditation, Container: (null))
2025-09-22 23:30:06.204 Db TimedancersMeditation[33623:29f42] [com.apple.defaults:User Defaults] found no value for key avplaybackcoordinator_trace in CFPrefsSearchListSource<0x600002c83500> (Domain: com.apple.avfoundation, Container: (null))
2025-09-22 23:30:06.204 Db TimedancersMeditation[33623:29f1e] [com.apple.CFBundle:loading] dlfcn load framework CFBundle 0x600003b0dc00 </Library/Developer/CoreSimulator/Volumes/iOS_22E238/Library/Developer/CoreSimulator/Profiles/Runtimes/iOS 18.4.simruntime/Contents/Resources/RuntimeRoot/System/Library/AccessibilityBundles/TemplateKit.axbundle> (framework, not loaded), dlopen of /Library/Developer/CoreSimulator/Volumes/iOS_22E238/Library/Developer/CoreSimulator/Profiles/Runtimes/iOS 18.4.simruntime/Contents/Resources/RuntimeRoot/System/Library/AccessibilityBundles/TemplateKit.axbundle/TemplateKit mode 0x109 returns handle 0x772fdd1
2025-09-22 23:30:06.204 Db TimedancersMeditation[33623:29f42] [com.apple.defaults:User Defaults] found no value for key avapplicationstatemonitor_trace in CFPrefsSearchListSource<0x600002c83500> (Domain: com.apple.avfoundation, Container: (null))
2025-09-22 23:30:06.204 Db TimedancersMeditation[33623:29f42] [com.apple.defaults:User Defaults] found no value for key avapplicationstatemonitor_trace in CFPrefsSearchListSource<0x600002c83500> (Domain: com.apple.avfoundation, Container: (null))
2025-09-22 23:30:06.205 Db TimedancersMeditation[33623:29f1e] [com.apple.defaults:User Defaults] found no value for key UseNewAXBundleLoader in CFPrefsSearchListSource<0x600002c02200> (Domain: com.apple.Accessibility, Container: /Users/russellbrown/Library/Developer/CoreSimulator/Devices/A90F393D-72AC-4F90-BBE5-9C3B184A3157/data)
2025-09-22 23:30:06.205 Db TimedancersMeditation[33623:29f42] [com.apple.runningboard:process] Decoded RBSProcessHandle with IPC ID 64d8ff700008357
2025-09-22 23:30:06.205 Df TimedancersMeditation[33623:29f42] [com.apple.runningboard:connection] Creating side-channel connection to com.apple.runningboard
2025-09-22 23:30:06.205 Db TimedancersMeditation[33623:29f1e] [com.apple.defaults:User Defaults] found no value for key UseNewAXBundleLoader in CFPrefsSearchListSource<0x600002c04f00> (Domain: com.apple.Accessibility, Container: (null))
2025-09-22 23:30:06.205 Db TimedancersMeditation[33623:29eee] [com.apple.CFBundle:loading] dyld image path for pointer 0x19a9bb218 is /Library/Developer/CoreSimulator/Volumes/iOS_22E238/Library/Developer/CoreSimulator/Profiles/Runtimes/iOS 18.4.simruntime/Contents/Resources/RuntimeRoot/System/Library/PrivateFrameworks/CoreMaterial.framework/CoreMaterial
2025-09-22 23:30:06.205 Df TimedancersMeditation[33623:29f42] [com.apple.xpc:connection] [0x600003d24c30] activating connection: mach=true listener=false peer=false name=com.apple.runningboard
2025-09-22 23:30:06.205 Db TimedancersMeditation[33623:29eee] [com.apple.CFBundle:loading] dlfcn check load bundle CFBundle 0x600003b0d7a0 </Library/Developer/CoreSimulator/Volumes/iOS_22E238/Library/Developer/CoreSimulator/Profiles/Runtimes/iOS 18.4.simruntime/Contents/Resources/RuntimeRoot/System/Library/PrivateFrameworks/CoreMaterial.framework> (not loaded), dlopen of /Library/Developer/CoreSimulator/Volumes/iOS_22E238/Library/Developer/CoreSimulator/Profiles/Runtimes/iOS 18.4.simruntime/Contents/Resources/RuntimeRoot/System/Library/PrivateFrameworks/CoreMaterial.framework/CoreMaterial mode 0x115 getting handle 0x2a421
2025-09-22 23:30:06.206 Db TimedancersMeditation[33623:29eee] [com.apple.CFBundle:resources] Language lookup at CFBundle 0x600003b0d7a0 </Library/Developer/CoreSimulator/Volumes/iOS_22E238/Library/Developer/CoreSimulator/Profiles/Runtimes/iOS 18.4.simruntime/Contents/Resources/RuntimeRoot/System/Library/PrivateFrameworks/CoreMaterial.framework> (framework, loaded)
	Localizations : [English]
	Dev language  : English
	User prefs    : [en-US]
	Main bundle   : [en]
	Allow mixed   : 0 
	Result        : [English]
2025-09-22 23:30:06.206 Df TimedancersMeditation[33623:29f42] [com.apple.runningboard:process] Hit the server for a process handle 64d8ff700008357 that resolved to: [app<org.timedancers.meditation((null))>:33623]
2025-09-22 23:30:06.206 Db TimedancersMeditation[33623:29eee] [com.apple.CFBundle:resources] Resource lookup at CFBundle 0x600003b0d7a0 </Library/Developer/CoreSimulator/Volumes/iOS_22E238/Library/Developer/CoreSimulator/Profiles/Runtimes/iOS 18.4.simruntime/Contents/Resources/RuntimeRoot/System/Library/PrivateFrameworks/CoreMaterial.framework> (framework, loaded)
	Request       :  type: materialrecipe
	Result        : knowledgePlattersSheerDark.materialrecipe -- file:///Library/Developer/CoreSimulator/Volumes/iOS_22E238/Library/Developer/CoreSimulator/Profiles/Runtimes/iOS%2018.4.simruntime/Contents/Resources/RuntimeRoot/System/Library/PrivateFrameworks/CoreMaterial.framework/, platformContentUltraThinLight.materialrecipe -- file:///Library/Developer/CoreSimulator/Volumes/iOS_22E238/Library/Developer/CoreSimulator/Profiles/Runtimes/iOS%2018.4.simruntime/Contents/Resources/RuntimeRoot/System/Library/PrivateFrameworks/CoreMaterial.framework/, ambientCompact.materialrecipe -- file:///Library/Developer/CoreSimulator/Volumes/iOS_22E238/Library/Developer/CoreSimulator/Profiles/Runtimes/iOS%2018.4.simruntime/Contents/Resources/RuntimeRoo<>
2025-09-22 23:30:06.206 Db TimedancersMeditation[33623:29eee] [com.apple.CFBundle:resources] Resource lookup at CFBundle 0x600003b0d7a0 </Library/Developer/CoreSimulator/Volumes/iOS_22E238/Library/Developer/CoreSimulator/Profiles/Runtimes/iOS 18.4.simruntime/Contents/Resources/RuntimeRoot/System/Library/PrivateFrameworks/CoreMaterial.framework> (framework, loaded)
	Request       :  type: descendantrecipe
	Result        : platformContentThickLightShadowed.descendantrecipe -- file:///Library/Developer/CoreSimulator/Volumes/iOS_22E238/Library/Developer/CoreSimulator/Profiles/Runtimes/iOS%2018.4.simruntime/Contents/Resources/RuntimeRoot/System/Library/PrivateFrameworks/CoreMaterial.framework/, modulesSheer.descendantrecipe -- file:///Library/Developer/CoreSimulator/Volumes/iOS_22E238/Library/Developer/CoreSimulator/Profiles/Runtimes/iOS%2018.4.simruntime/Contents/Resources/RuntimeRoot/System/Library/PrivateFrameworks/CoreMaterial.framework/, modulesBackgroundSheer.descendantrecipe -- file:///Library/Developer/CoreSimulator/Volumes/iOS_22E238/Library/Developer/CoreSimulator/Profiles/Runtimes/iOS%2018.4.simruntime/Contents/Resources/Runt<>
2025-09-22 23:30:06.206 Db TimedancersMeditation[33623:29f42] [com.apple.defaults:User Defaults] found no value for key avplayer_logperformance in CFPrefsSearchListSource<0x600002c83500> (Domain: com.apple.avfoundation, Container: (null))
2025-09-22 23:30:06.206 Db TimedancersMeditation[33623:29eee] [com.apple.CFBundle:resources] Resource lookup at CFBundle 0x600003b0d7a0 </Library/Developer/CoreSimulator/Volumes/iOS_22E238/Library/Developer/CoreSimulator/Profiles/Runtimes/iOS 18.4.simruntime/Contents/Resources/RuntimeRoot/System/Library/PrivateFrameworks/CoreMaterial.framework> (framework, loaded)
	Request       : platformChromeLight type: descendantrecipe
	Result        : None
2025-09-22 23:30:06.206 Df TimedancersMeditation[33623:29f42] [com.apple.coremedia:] <<<< AVPlayer >>>> -[AVPlayer _runOnIvarAccessQueueOperationThatMayChangeCurrentItemWithPreflightBlock:modificationBlock:error:]_block_invoke_2: currentItem KVO: P/XP will willChange AVPlayer.currentItem
2025-09-22 23:30:06.206 Db TimedancersMeditation[33623:29eee] [com.apple.CFBundle:resources] Resource lookup at CFBundle 0x600003b0d7a0 </Library/Developer/CoreSimulator/Volumes/iOS_22E238/Library/Developer/CoreSimulator/Profiles/Runtimes/iOS 18.4.simruntime/Contents/Resources/RuntimeRoot/System/Library/PrivateFrameworks/CoreMaterial.framework> (framework, loaded)
	Request       : platformChromeLight type: materialrecipe
	Result        : file:///Library/Developer/CoreSimulator/Volumes/iOS_22E238/Library/Developer/CoreSimulator/Profiles/Runtimes/iOS%2018.4.simruntime/Contents/Resources/RuntimeRoot/System/Library/PrivateFrameworks/CoreMaterial.framework/platformChromeLight.materialrecipe
2025-09-22 23:30:06.206 Df TimedancersMeditation[33623:29f42] [com.apple.coremedia:] <<<< AVPlayer >>>> -[AVPlayer _runOnIvarAccessQueueOperationThatMayChangeCurrentItemWithPreflightBlock:modificationBlock:error:]_block_invoke: currentItem KVO: P/XP did willChange AVPlayer.currentItem
2025-09-22 23:30:06.207 Df TimedancersMeditation[33623:29f42] [com.apple.coremedia:] <<<< AVPlayer >>>> -[AVPlayer _setCurrentItem:]: currentItem KVO: P/XP updating current item from (null) to I/DPJ.01
2025-09-22 23:30:06.207 Df TimedancersMeditation[33623:29f42] [com.apple.coremedia:] <<<< AVPlayer >>>> -[AVPlayer _runOnIvarAccessQueueOperationThatMayChangeCurrentItemWithPreflightBlock:modificationBlock:error:]_block_invoke: P/XP setting timeControlStatus=0, reasonForWaitingToPlay=(null)
2025-09-22 23:30:06.206 Db TimedancersMeditation[33623:29f1e] [com.apple.CFBundle:loading] dlfcn check load bundle CFBundle 0x600003b181c0 </Library/Developer/CoreSimulator/Volumes/iOS_22E238/Library/Developer/CoreSimulator/Profiles/Runtimes/iOS 18.4.simruntime/Contents/Resources/RuntimeRoot/System/Library/AccessibilityBundles/LinkPresentation.axbundle> (not loaded), dlopen of /Library/Developer/CoreSimulator/Volumes/iOS_22E238/Library/Developer/CoreSimulator/Profiles/Runtimes/iOS 18.4.simruntime/Contents/Resources/RuntimeRoot/System/Library/AccessibilityBundles/LinkPresentation.axbundle/LinkPresentation mode 0x115 no handle
2025-09-22 23:30:06.207 Df TimedancersMeditation[33623:29f42] [com.apple.coremedia:] <<<< AVPlayer >>>> -[AVPlayer _runOnIvarAccessQueueOperationThatMayChangeCurrentItemWithPreflightBlock:modificationBlock:error:]_block_invoke: currentItem KVO: P/XP will didChange AVPlayer.currentItem
2025-09-22 23:30:06.213 Df TimedancersMeditation[33623:29f42] [com.apple.coremedia:] <<<< AVPlayer >>>> -[AVPlayer _runOnIvarAccessQueueOperationThatMayChangeCurrentItemWithPreflightBlock:modificationBlock:error:]_block_invoke: currentItem KVO: P/XP did didChange AVPlayer.currentItem
2025-09-22 23:30:06.214 Db TimedancersMeditation[33623:29eee] [com.apple.CFBundle:strings] Bundle: CFBundle 0x600003b0c540 </Library/Developer/CoreSimulator/Volumes/iOS_22E238/Library/Developer/CoreSimulator/Profiles/Runtimes/iOS 18.4.simruntime/Contents/Resources/RuntimeRoot/System/Library/PrivateFrameworks/UIKitCore.framework> (not loaded), key: CONTEXT_MENU_LOADING, value: Loading, table: Localizable, localizationNames: (null), result: Loading
2025-09-22 23:30:06.215 Db TimedancersMeditation[33623:29f1e] [com.apple.CFBundle:loading] dlfcn load framework CFBundle 0x600003b181c0 </Library/Developer/CoreSimulator/Volumes/iOS_22E238/Library/Developer/CoreSimulator/Profiles/Runtimes/iOS 18.4.simruntime/Contents/Resources/RuntimeRoot/System/Library/AccessibilityBundles/LinkPresentation.axbundle> (framework, not loaded), dlopen of /Library/Developer/CoreSimulator/Volumes/iOS_22E238/Library/Developer/CoreSimulator/Profiles/Runtimes/iOS 18.4.simruntime/Contents/Resources/RuntimeRoot/System/Library/AccessibilityBundles/LinkPresentation.axbundle/LinkPresentation mode 0x109 returns handle 0x77280e1
2025-09-22 23:30:06.215 Db TimedancersMeditation[33623:29eee] [com.apple.CFBundle:strings] Bundle: CFBundle 0x600003b0c540 </Library/Developer/CoreSimulator/Volumes/iOS_22E238/Library/Developer/CoreSimulator/Profiles/Runtimes/iOS 18.4.simruntime/Contents/Resources/RuntimeRoot/System/Library/PrivateFrameworks/UIKitCore.framework> (not loaded), key: CONTEXT_MENU_LOADING, value: Loading, table: Localizable, localizationNames: (null), result: Loading
2025-09-22 23:30:06.215 Db TimedancersMeditation[33623:29f1e] [com.apple.defaults:User Defaults] found no value for key UseNewAXBundleLoader in CFPrefsSearchListSource<0x600002c02200> (Domain: com.apple.Accessibility, Container: /Users/russellbrown/Library/Developer/CoreSimulator/Devices/A90F393D-72AC-4F90-BBE5-9C3B184A3157/data)
2025-09-22 23:30:06.216 Db TimedancersMeditation[33623:29f1e] [com.apple.defaults:User Defaults] found no value for key UseNewAXBundleLoader in CFPrefsSearchListSource<0x600002c04f00> (Domain: com.apple.Accessibility, Container: (null))
2025-09-22 23:30:06.216 Db TimedancersMeditation[33623:29eee] [com.apple.CFBundle:strings] Bundle: CFBundle 0x600003b0c540 </Library/Developer/CoreSimulator/Volumes/iOS_22E238/Library/Developer/CoreSimulator/Profiles/Runtimes/iOS 18.4.simruntime/Contents/Resources/RuntimeRoot/System/Library/PrivateFrameworks/UIKitCore.framework> (not loaded), key: CONTEXT_MENU_LOADING, value: Loading, table: Localizable, localizationNames: (null), result: Loading
2025-09-22 23:30:06.216 Db TimedancersMeditation[33623:29eee] [com.apple.CFBundle:strings] Bundle: CFBundle 0x600003b0c540 </Library/Developer/CoreSimulator/Volumes/iOS_22E238/Library/Developer/CoreSimulator/Profiles/Runtimes/iOS 18.4.simruntime/Contents/Resources/RuntimeRoot/System/Library/PrivateFrameworks/UIKitCore.framework> (not loaded), key: CONTEXT_MENU_LOADING, value: Loading, table: Localizable, localizationNames: (null), result: Loading
2025-09-22 23:30:06.217 Df TimedancersMeditation[33623:29f42] [com.apple.coremedia:] <<< URLAsset >>> FigAssetCreateWithURL: Called for asset 0x600001892240 by client [], url [0x60000265d6e0] <redacted> createFlags 0x8 optionsDict (null)
2025-09-22 23:30:06.218 Df TimedancersMeditation[33623:29f42] [com.apple.coremedia:playback-memory] <<< FigOSTransactionsUtilities >>> FigOSTransactionCreateWithProcessName: [Fig Transaction] Added transaction weak reference holder <0x6000002bbb40>: 1758580206 URLAsset withURL 33623:TimedancersMeditation  2927828622623546665
2025-09-22 23:30:06.218 Df TimedancersMeditation[33623:29f42] [com.apple.coremedia:] <<<< FigCustomURLHandling >>>> FigCustomURLLoaderCreate: newLoader: 0x600002998a80
2025-09-22 23:30:06.218 Df TimedancersMeditation[33623:29f42] [com.apple.coremedia:] <<<< FigCustomURLHandling >>>> FigCustomURLHandlerCreate: newHandler: com.apple.avfoundation.customurl.cfurlconnection.0x600002c87380 options: {
    "CURLHOption_OKToLogURLs" = 0;
}
2025-09-22 23:30:06.218 Df TimedancersMeditation[33623:29f42] [com.apple.coremedia:] <<<< FigCustomURLHandling >>>> curll_installHandler: 0x600002998aa0: handler: 0x600002c87380 priority: 100
2025-09-22 23:30:06.218 Df TimedancersMeditation[33623:29f42] [com.apple.coremedia:] <<<< FigCustomURLHandling >>>> FigCustomURLHandlerCreate: newHandler: com.apple.avfoundation.authkeychain.0x600002c87480 options: {
    "CURLHOption_OKToLogURLs" = 0;
}
2025-09-22 23:30:06.218 Df TimedancersMeditation[33623:29f42] [com.apple.coremedia:] <<<< FigCustomURLHandling >>>> curll_installHandler: 0x600002998aa0: handler: 0x600002c87480 priority: 800
2025-09-22 23:30:06.218 Db TimedancersMeditation[33623:29f42] [com.apple.defaults:User Defaults] found no value for key AvoidConcurrentKVOForAVPlayerCurrentItem in CFPrefsSearchListSource<0x600002c83500> (Domain: com.apple.avfoundation, Container: (null))
2025-09-22 23:30:06.218 Db TimedancersMeditation[33623:29f42] [com.apple.defaults:User Defaults] found no value for key avplayer_logperformance in CFPrefsSearchListSource<0x600002c83500> (Domain: com.apple.avfoundation, Container: (null))
2025-09-22 23:30:06.218 Db TimedancersMeditation[33623:29f1e] [com.apple.CFBundle:loading] dlfcn check load bundle CFBundle 0x600003b24380 </Library/Developer/CoreSimulator/Volumes/iOS_22E238/Library/Developer/CoreSimulator/Profiles/Runtimes/iOS 18.4.simruntime/Contents/Resources/RuntimeRoot/System/Library/AccessibilityBundles/iTunesStoreFramework.axbundle> (not loaded), dlopen of /Library/Developer/CoreSimulator/Volumes/iOS_22E238/Library/Developer/CoreSimulator/Profiles/Runtimes/iOS 18.4.simruntime/Contents/Resources/RuntimeRoot/System/Library/AccessibilityBundles/iTunesStoreFramework.axbundle/iTunesStoreFramework mode 0x115 no handle
2025-09-22 23:30:06.218 Df TimedancersMeditation[33623:29f42] [com.apple.coremedia:] <<<< AVPlayer >>>> -[AVPlayer _runOnIvarAccessQueueOperationThatMayChangeCurrentItemWithPreflightBlock:modificationBlock:error:]_block_invoke_2: currentItem KVO: P/XQ will willChange AVPlayer.currentItem
2025-09-22 23:30:06.218 Df TimedancersMeditation[33623:29f42] [com.apple.coremedia:] <<<< AVPlayer >>>> -[AVPlayer _runOnIvarAccessQueueOperationThatMayChangeCurrentItemWithPreflightBlock:modificationBlock:error:]_block_invoke: currentItem KVO: P/XQ did willChange AVPlayer.currentItem
2025-09-22 23:30:06.218 Df TimedancersMeditation[33623:29f42] [com.apple.coremedia:] <<<< AVPlayer >>>> -[AVPlayer _setCurrentItem:]: currentItem KVO: P/XQ updating current item from (null) to I/DTD.01
2025-09-22 23:30:06.224 Df TimedancersMeditation[33623:29f42] [com.apple.coremedia:] <<<< AVPlayer >>>> -[AVPlayer _runOnIvarAccessQueueOperationThatMayChangeCurrentItemWithPreflightBlock:modificationBlock:error:]_block_invoke: P/XQ setting timeControlStatus=0, reasonForWaitingToPlay=(null)
2025-09-22 23:30:06.224 Df TimedancersMeditation[33623:29f42] [com.apple.coremedia:] <<<< AVPlayer >>>> -[AVPlayer _runOnIvarAccessQueueOperationThatMayChangeCurrentItemWithPreflightBlock:modificationBlock:error:]_block_invoke: currentItem KVO: P/XQ will didChange AVPlayer.currentItem
2025-09-22 23:30:06.224 Db TimedancersMeditation[33623:29eee] [com.apple.CFBundle:strings] Bundle: CFBundle 0x600003b0c540 </Library/Developer/CoreSimulator/Volumes/iOS_22E238/Library/Developer/CoreSimulator/Profiles/Runtimes/iOS 18.4.simruntime/Contents/Resources/RuntimeRoot/System/Library/PrivateFrameworks/UIKitCore.framework> (not loaded), key: CONTEXT_MENU_LOADING, value: Loading, table: Localizable, localizationNames: (null), result: Loading
2025-09-22 23:30:06.224 Df TimedancersMeditation[33623:29f42] [com.apple.coremedia:] <<<< AVPlayer >>>> -[AVPlayer _runOnIvarAccessQueueOperationThatMayChangeCurrentItemWithPreflightBlock:modificationBlock:error:]_block_invoke: currentItem KVO: P/XQ did didChange AVPlayer.currentItem
2025-09-22 23:30:06.224 Db TimedancersMeditation[33623:29eee] [com.apple.CFBundle:strings] Bundle: CFBundle 0x600003b0c540 </Library/Developer/CoreSimulator/Volumes/iOS_22E238/Library/Developer/CoreSimulator/Profiles/Runtimes/iOS 18.4.simruntime/Contents/Resources/RuntimeRoot/System/Library/PrivateFrameworks/UIKitCore.framework> (not loaded), key: CONTEXT_MENU_LOADING, value: Loading, table: Localizable, localizationNames: (null), result: Loading
2025-09-22 23:30:06.225 Db TimedancersMeditation[33623:29f1e] [com.apple.CFBundle:loading] dlfcn load framework CFBundle 0x600003b24380 </Library/Developer/CoreSimulator/Volumes/iOS_22E238/Library/Developer/CoreSimulator/Profiles/Runtimes/iOS 18.4.simruntime/Contents/Resources/RuntimeRoot/System/Library/AccessibilityBundles/iTunesStoreFramework.axbundle> (framework, not loaded), dlopen of /Library/Developer/CoreSimulator/Volumes/iOS_22E238/Library/Developer/CoreSimulator/Profiles/Runtimes/iOS 18.4.simruntime/Contents/Resources/RuntimeRoot/System/Library/AccessibilityBundles/iTunesStoreFramework.axbundle/iTunesStoreFramework mode 0x109 returns handle 0x7728401
2025-09-22 23:30:06.225 Db TimedancersMeditation[33623:29f1e] [com.apple.defaults:User Defaults] found no value for key UseNewAXBundleLoader in CFPrefsSearchListSource<0x600002c02200> (Domain: com.apple.Accessibility, Container: /Users/russellbrown/Library/Developer/CoreSimulator/Devices/A90F393D-72AC-4F90-BBE5-9C3B184A3157/data)
2025-09-22 23:30:06.225 Db TimedancersMeditation[33623:29f1e] [com.apple.defaults:User Defaults] found no value for key UseNewAXBundleLoader in CFPrefsSearchListSource<0x600002c04f00> (Domain: com.apple.Accessibility, Container: (null))
2025-09-22 23:30:06.225 Db TimedancersMeditation[33623:29eee] [com.apple.CFBundle:strings] Bundle: CFBundle 0x600003b0c540 </Library/Developer/CoreSimulator/Volumes/iOS_22E238/Library/Developer/CoreSimulator/Profiles/Runtimes/iOS 18.4.simruntime/Contents/Resources/RuntimeRoot/System/Library/PrivateFrameworks/UIKitCore.framework> (not loaded), key: CONTEXT_MENU_LOADING, value: Loading, table: Localizable, localizationNames: (null), result: Loading
2025-09-22 23:30:06.226 Db TimedancersMeditation[33623:29eee] [com.apple.CFBundle:strings] Bundle: CFBundle 0x600003b0c540 </Library/Developer/CoreSimulator/Volumes/iOS_22E238/Library/Developer/CoreSimulator/Profiles/Runtimes/iOS 18.4.simruntime/Contents/Resources/RuntimeRoot/System/Library/PrivateFrameworks/UIKitCore.framework> (not loaded), key: CONTEXT_MENU_LOADING, value: Loading, table: Localizable, localizationNames: (null), result: Loading
2025-09-22 23:30:06.227 Db TimedancersMeditation[33623:29eee] [com.apple.CFBundle:strings] Bundle: CFBundle 0x600003b0c540 </Library/Developer/CoreSimulator/Volumes/iOS_22E238/Library/Developer/CoreSimulator/Profiles/Runtimes/iOS 18.4.simruntime/Contents/Resources/RuntimeRoot/System/Library/PrivateFrameworks/UIKitCore.framework> (not loaded), key: CONTEXT_MENU_LOADING, value: Loading, table: Localizable, localizationNames: (null), result: Loading
2025-09-22 23:30:06.227 Db TimedancersMeditation[33623:29f1e] [com.apple.CFBundle:loading] dlfcn check load bundle CFBundle 0x600003b1ce00 </Library/Developer/CoreSimulator/Volumes/iOS_22E238/Library/Developer/CoreSimulator/Profiles/Runtimes/iOS 18.4.simruntime/Contents/Resources/RuntimeRoot/System/Library/AccessibilityBundles/ProxCardKit.axbundle> (not loaded), dlopen of /Library/Developer/CoreSimulator/Volumes/iOS_22E238/Library/Developer/CoreSimulator/Profiles/Runtimes/iOS 18.4.simruntime/Contents/Resources/RuntimeRoot/System/Library/AccessibilityBundles/ProxCardKit.axbundle/ProxCardKit mode 0x115 no handle
2025-09-22 23:30:06.227 Df TimedancersMeditation[33623:29f42] [com.apple.coremedia:] <<< URLAsset >>> FigAssetCreateWithURL: Called for asset 0x6000018a4140 by client [], url [0x600002670a80] <redacted> createFlags 0x8 optionsDict (null)
2025-09-22 23:30:06.232 Df TimedancersMeditation[33623:29f42] [com.apple.coremedia:playback-memory] <<< FigOSTransactionsUtilities >>> FigOSTransactionCreateWithProcessName: [Fig Transaction] Added transaction weak reference holder <0x6000002ccfe0>: 1758580206 URLAsset withURL 33623:TimedancersMeditation  2927828587994453800
2025-09-22 23:30:06.232 Df TimedancersMeditation[33623:29f42] [com.apple.coremedia:] <<<< FigCustomURLHandling >>>> FigCustomURLLoaderCreate: newLoader: 0x6000029a1c70
2025-09-22 23:30:06.233 Db TimedancersMeditation[33623:29eee] [com.apple.CFBundle:strings] Bundle: CFBundle 0x600003b0c540 </Library/Developer/CoreSimulator/Volumes/iOS_22E238/Library/Developer/CoreSimulator/Profiles/Runtimes/iOS 18.4.simruntime/Contents/Resources/RuntimeRoot/System/Library/PrivateFrameworks/UIKitCore.framework> (not loaded), key: CONTEXT_MENU_LOADING, value: Loading, table: Localizable, localizationNames: (null), result: Loading
2025-09-22 23:30:06.233 Df TimedancersMeditation[33623:29f42] [com.apple.coremedia:] <<<< FigCustomURLHandling >>>> FigCustomURLHandlerCreate: newHandler: com.apple.avfoundation.customurl.cfurlconnection.0x600002c91800 options: {
    "CURLHOption_OKToLogURLs" = 0;
}
2025-09-22 23:30:06.233 Df TimedancersMeditation[33623:29f42] [com.apple.coremedia:] <<<< FigCustomURLHandling >>>> curll_installHandler: 0x6000029a1c90: handler: 0x600002c91800 priority: 100
2025-09-22 23:30:06.233 Df TimedancersMeditation[33623:29f42] [com.apple.coremedia:] <<<< FigCustomURLHandling >>>> FigCustomURLHandlerCreate: newHandler: com.apple.avfoundation.authkeychain.0x600002c91900 options: {
    "CURLHOption_OKToLogURLs" = 0;
}
2025-09-22 23:30:06.233 Df TimedancersMeditation[33623:29f42] [com.apple.coremedia:] <<<< FigCustomURLHandling >>>> curll_installHandler: 0x6000029a1c90: handler: 0x600002c91900 priority: 800
2025-09-22 23:30:06.233 Db TimedancersMeditation[33623:29f42] [com.apple.defaults:User Defaults] found no value for key AvoidConcurrentKVOForAVPlayerCurrentItem in CFPrefsSearchListSource<0x600002c83500> (Domain: com.apple.avfoundation, Container: (null))
2025-09-22 23:30:06.233 Db TimedancersMeditation[33623:29f42] [com.apple.defaults:User Defaults] found no value for key avplayer_logperformance in CFPrefsSearchListSource<0x600002c83500> (Domain: com.apple.avfoundation, Container: (null))
2025-09-22 23:30:06.233 Df TimedancersMeditation[33623:29f42] [com.apple.coremedia:] <<<< AVPlayer >>>> -[AVPlayer _runOnIvarAccessQueueOperationThatMayChangeCurrentItemWithPreflightBlock:modificationBlock:error:]_block_invoke_2: currentItem KVO: P/QJ will willChange AVPlayer.currentItem
2025-09-22 23:30:06.233 Df TimedancersMeditation[33623:29f42] [com.apple.coremedia:] <<<< AVPlayer >>>> -[AVPlayer _runOnIvarAccessQueueOperationThatMayChangeCurrentItemWithPreflightBlock:modificationBlock:error:]_block_invoke: currentItem KVO: P/QJ did willChange AVPlayer.currentItem
2025-09-22 23:30:06.233 Df TimedancersMeditation[33623:29f42] [com.apple.coremedia:] <<<< AVPlayer >>>> -[AVPlayer _setCurrentItem:]: currentItem KVO: P/QJ updating current item from (null) to I/ECA.01
2025-09-22 23:30:06.233 Db TimedancersMeditation[33623:29f1e] [com.apple.CFBundle:loading] dlfcn load framework CFBundle 0x600003b1ce00 </Library/Developer/CoreSimulator/Volumes/iOS_22E238/Library/Developer/CoreSimulator/Profiles/Runtimes/iOS 18.4.simruntime/Contents/Resources/RuntimeRoot/System/Library/AccessibilityBundles/ProxCardKit.axbundle> (framework, not loaded), dlopen of /Library/Developer/CoreSimulator/Volumes/iOS_22E238/Library/Developer/CoreSimulator/Profiles/Runtimes/iOS 18.4.simruntime/Contents/Resources/RuntimeRoot/System/Library/AccessibilityBundles/ProxCardKit.axbundle/ProxCardKit mode 0x109 returns handle 0x7728711
2025-09-22 23:30:06.233 Df TimedancersMeditation[33623:29f42] [com.apple.coremedia:] <<<< AVPlayer >>>> -[AVPlayer _runOnIvarAccessQueueOperationThatMayChangeCurrentItemWithPreflightBlock:modificationBlock:error:]_block_invoke: P/QJ setting timeControlStatus=0, reasonForWaitingToPlay=(null)
2025-09-22 23:30:06.233 Db TimedancersMeditation[33623:29eee] [com.apple.CFBundle:strings] Bundle: CFBundle 0x600003b0c540 </Library/Developer/CoreSimulator/Volumes/iOS_22E238/Library/Developer/CoreSimulator/Profiles/Runtimes/iOS 18.4.simruntime/Contents/Resources/RuntimeRoot/System/Library/PrivateFrameworks/UIKitCore.framework> (not loaded), key: CONTEXT_MENU_LOADING, value: Loading, table: Localizable, localizationNames: (null), result: Loading
2025-09-22 23:30:06.233 Df TimedancersMeditation[33623:29f42] [com.apple.coremedia:] <<<< AVPlayer >>>> -[AVPlayer _runOnIvarAccessQueueOperationThatMayChangeCurrentItemWithPreflightBlock:modificationBlock:error:]_block_invoke: currentItem KVO: P/QJ will didChange AVPlayer.currentItem
2025-09-22 23:30:06.233 Df TimedancersMeditation[33623:29f42] [com.apple.coremedia:] <<<< AVPlayer >>>> -[AVPlayer _runOnIvarAccessQueueOperationThatMayChangeCurrentItemWithPreflightBlock:modificationBlock:error:]_block_invoke: currentItem KVO: P/QJ did didChange AVPlayer.currentItem
2025-09-22 23:30:06.233 Db TimedancersMeditation[33623:29f1e] [com.apple.defaults:User Defaults] found no value for key UseNewAXBundleLoader in CFPrefsSearchListSource<0x600002c02200> (Domain: com.apple.Accessibility, Container: /Users/russellbrown/Library/Developer/CoreSimulator/Devices/A90F393D-72AC-4F90-BBE5-9C3B184A3157/data)
2025-09-22 23:30:06.233 Db TimedancersMeditation[33623:29f1e] [com.apple.defaults:User Defaults] found no value for key UseNewAXBundleLoader in CFPrefsSearchListSource<0x600002c04f00> (Domain: com.apple.Accessibility, Container: (null))
2025-09-22 23:30:06.234 Df TimedancersMeditation[33623:29f42] [com.apple.coremedia:] <<< URLAsset >>> FigAssetCreateWithURL: Called for asset 0x6000018a1340 by client [], url [0x60000265ed00] <redacted> createFlags 0x8 optionsDict (null)
2025-09-22 23:30:06.234 Df TimedancersMeditation[33623:29f42] [com.apple.coremedia:playback-memory] <<< FigOSTransactionsUtilities >>> FigOSTransactionCreateWithProcessName: [Fig Transaction] Added transaction weak reference holder <0x6000002d1640>: 1758580206 URLAsset withURL 33623:TimedancersMeditation  2927828622623546665
2025-09-22 23:30:06.234 Df TimedancersMeditation[33623:29f42] [com.apple.coremedia:] <<<< FigCustomURLHandling >>>> FigCustomURLLoaderCreate: newLoader: 0x600002998230
2025-09-22 23:30:06.234 Df TimedancersMeditation[33623:29f42] [com.apple.coremedia:] <<<< FigCustomURLHandling >>>> FigCustomURLHandlerCreate: newHandler: com.apple.avfoundation.customurl.cfurlconnection.0x600002c95600 options: {
    "CURLHOption_OKToLogURLs" = 0;
}
2025-09-22 23:30:06.234 Df TimedancersMeditation[33623:29f42] [com.apple.coremedia:] <<<< FigCustomURLHandling >>>> curll_installHandler: 0x600002998250: handler: 0x600002c95600 priority: 100
2025-09-22 23:30:06.234 Df TimedancersMeditation[33623:29f42] [com.apple.coremedia:] <<<< FigCustomURLHandling >>>> FigCustomURLHandlerCreate: newHandler: com.apple.avfoundation.authkeychain.0x600002c95700 options: {
    "CURLHOption_OKToLogURLs" = 0;
}
2025-09-22 23:30:06.234 Df TimedancersMeditation[33623:29f42] [com.apple.coremedia:] <<<< FigCustomURLHandling >>>> curll_installHandler: 0x600002998250: handler: 0x600002c95700 priority: 800
2025-09-22 23:30:06.234 Db TimedancersMeditation[33623:29f42] [com.apple.defaults:User Defaults] found no value for key AvoidConcurrentKVOForAVPlayerCurrentItem in CFPrefsSearchListSource<0x600002c83500> (Domain: com.apple.avfoundation, Container: (null))
2025-09-22 23:30:06.234 Db TimedancersMeditation[33623:29f42] [com.apple.defaults:User Defaults] found no value for key avplayer_logperformance in CFPrefsSearchListSource<0x600002c83500> (Domain: com.apple.avfoundation, Container: (null))
2025-09-22 23:30:06.234 Db TimedancersMeditation[33623:29eee] [com.apple.defaults:User Defaults] found no value for key NSStringDrawingDefaultRenderers in CFPrefsSearchListSource<0x600002c00300> (Domain: org.timedancers.meditation, Container: (null))
2025-09-22 23:30:06.234 Df TimedancersMeditation[33623:29f42] [com.apple.coremedia:] <<<< AVPlayer >>>> -[AVPlayer _runOnIvarAccessQueueOperationThatMayChangeCurrentItemWithPreflightBlock:modificationBlock:error:]_block_invoke_2: currentItem KVO: P/IH will willChange AVPlayer.currentItem
2025-09-22 23:30:06.234 Db TimedancersMeditation[33623:29eee] [com.apple.defaults:User Defaults] found no value for key _NSCoreTypesetterForcesNonSimpleLayout in CFPrefsSearchListSource<0x600002c00300> (Domain: org.timedancers.meditation, Container: (null))
2025-09-22 23:30:06.234 Df TimedancersMeditation[33623:29f42] [com.apple.coremedia:] <<<< AVPlayer >>>> -[AVPlayer _runOnIvarAccessQueueOperationThatMayChangeCurrentItemWithPreflightBlock:modificationBlock:error:]_block_invoke: currentItem KVO: P/IH did willChange AVPlayer.currentItem
2025-09-22 23:30:06.234 Df TimedancersMeditation[33623:29f42] [com.apple.coremedia:] <<<< AVPlayer >>>> -[AVPlayer _setCurrentItem:]: currentItem KVO: P/IH updating current item from (null) to I/KFE.01
2025-09-22 23:30:06.234 Df TimedancersMeditation[33623:29f42] [com.apple.coremedia:] <<<< AVPlayer >>>> -[AVPlayer _runOnIvarAccessQueueOperationThatMayChangeCurrentItemWithPreflightBlock:modificationBlock:error:]_block_invoke: P/IH setting timeControlStatus=0, reasonForWaitingToPlay=(null)
2025-09-22 23:30:06.234 Df TimedancersMeditation[33623:29f42] [com.apple.coremedia:] <<<< AVPlayer >>>> -[AVPlayer _runOnIvarAccessQueueOperationThatMayChangeCurrentItemWithPreflightBlock:modificationBlock:error:]_block_invoke: currentItem KVO: P/IH will didChange AVPlayer.currentItem
2025-09-22 23:30:06.234 Df TimedancersMeditation[33623:29f42] [com.apple.coremedia:] <<<< AVPlayer >>>> -[AVPlayer _runOnIvarAccessQueueOperationThatMayChangeCurrentItemWithPreflightBlock:modificationBlock:error:]_block_invoke: currentItem KVO: P/IH did didChange AVPlayer.currentItem
2025-09-22 23:30:06.234 Db TimedancersMeditation[33623:29eee] [com.apple.CFBundle:strings] Bundle: CFBundle 0x600003b0c540 </Library/Developer/CoreSimulator/Volumes/iOS_22E238/Library/Developer/CoreSimulator/Profiles/Runtimes/iOS 18.4.simruntime/Contents/Resources/RuntimeRoot/System/Library/PrivateFrameworks/UIKitCore.framework> (not loaded), key: CONTEXT_MENU_LOADING, value: Loading, table: Localizable, localizationNames: (null), result: Loading
2025-09-22 23:30:06.234 Db TimedancersMeditation[33623:29f1e] [com.apple.CFBundle:loading] dlfcn check load bundle CFBundle 0x600003b2c1c0 </Library/Developer/CoreSimulator/Volumes/iOS_22E238/Library/Developer/CoreSimulator/Profiles/Runtimes/iOS 18.4.simruntime/Contents/Resources/RuntimeRoot/System/Library/AccessibilityBundles/SpringBoardFoundation.axbundle> (not loaded), dlopen of /Library/Developer/CoreSimulator/Volumes/iOS_22E238/Library/Developer/CoreSimulator/Profiles/Runtimes/iOS 18.4.simruntime/Contents/Resources/RuntimeRoot/System/Library/AccessibilityBundles/SpringBoardFoundation.axbundle/SpringBoardFoundation mode 0x115 no handle
2025-09-22 23:30:06.235 Db TimedancersMeditation[33623:29eee] [com.apple.defaults:User Defaults] found no value for key LogUINavigationController in CFPrefsSearchListSource<0x600002c13400> (Domain: com.apple.UIKit, Container: (null))
2025-09-22 23:30:06.242 I  TimedancersMeditation[33623:29eee] [com.apple.Accessibility:AXRuntimeNotifications] Attempting to send notification:  (1000) <private>
2025-09-22 23:30:06.245 I  TimedancersMeditation[33623:29eee] [com.apple.Accessibility:AXRuntimeNotifications] Attempting to send notification:  (1000) <private>
2025-09-22 23:30:06.246 Db TimedancersMeditation[33623:29f1e] [com.apple.CFBundle:loading] dlfcn load framework CFBundle 0x600003b2c1c0 </Library/Developer/CoreSimulator/Volumes/iOS_22E238/Library/Developer/CoreSimulator/Profiles/Runtimes/iOS 18.4.simruntime/Contents/Resources/RuntimeRoot/System/Library/AccessibilityBundles/SpringBoardFoundation.axbundle> (framework, not loaded), dlopen of /Library/Developer/CoreSimulator/Volumes/iOS_22E238/Library/Developer/CoreSimulator/Profiles/Runtimes/iOS 18.4.simruntime/Contents/Resources/RuntimeRoot/System/Library/AccessibilityBundles/SpringBoardFoundation.axbundle/SpringBoardFoundation mode 0x109 returns handle 0x7728a21
2025-09-22 23:30:06.246 Db TimedancersMeditation[33623:29f1e] [com.apple.defaults:User Defaults] found no value for key UseNewAXBundleLoader in CFPrefsSearchListSource<0x600002c02200> (Domain: com.apple.Accessibility, Container: /Users/russellbrown/Library/Developer/CoreSimulator/Devices/A90F393D-72AC-4F90-BBE5-9C3B184A3157/data)
2025-09-22 23:30:06.246 Db TimedancersMeditation[33623:29f1e] [com.apple.defaults:User Defaults] found no value for key UseNewAXBundleLoader in CFPrefsSearchListSource<0x600002c04f00> (Domain: com.apple.Accessibility, Container: (null))
2025-09-22 23:30:06.247 Db TimedancersMeditation[33623:29eee] [com.apple.defaults:User Defaults] looked up value (
    "en-US"
) for key AppleLanguages in CFPrefsPlistSource<0x600002c00c00> (Domain: kCFPreferencesAnyApplication, User: kCFPreferencesCurrentUser, ByHost: No, Container: /Users/russellbrown/Library/Developer/CoreSimulator/Devices/A90F393D-72AC-4F90-BBE5-9C3B184A3157/data, Contents Need Refresh: No) via CFPrefsSearchListSource<0x600002c00300> (Domain: org.timedancers.meditation, Container: (null))
2025-09-22 23:30:06.247 Db TimedancersMeditation[33623:29eee] [com.apple.defaults:User Defaults] found no value for key NSLayoutManagerUseCompositeCopy in CFPrefsSearchListSource<0x600002c00300> (Domain: org.timedancers.meditation, Container: (null))
2025-09-22 23:30:06.247 Db TimedancersMeditation[33623:29eee] [com.apple.defaults:User Defaults] found no value for key NSDebugBidi in CFPrefsSearchListSource<0x600002c00300> (Domain: org.timedancers.meditation, Container: (null))
2025-09-22 23:30:06.247 Db TimedancersMeditation[33623:29eee] [com.apple.defaults:User Defaults] found no value for key NSCorrectionUnderlineBehavior in CFPrefsSearchListSource<0x600002c00300> (Domain: org.timedancers.meditation, Container: (null))
2025-09-22 23:30:06.247 Db TimedancersMeditation[33623:29f1e] [com.apple.CFBundle:loading] dlfcn check load bundle CFBundle 0x600003b24620 </Library/Developer/CoreSimulator/Volumes/iOS_22E238/Library/Developer/CoreSimulator/Profiles/Runtimes/iOS 18.4.simruntime/Contents/Resources/RuntimeRoot/System/Library/AccessibilityBundles/WebKitLegacy.axbundle> (not loaded), dlopen of /Library/Developer/CoreSimulator/Volumes/iOS_22E238/Library/Developer/CoreSimulator/Profiles/Runtimes/iOS 18.4.simruntime/Contents/Resources/RuntimeRoot/System/Library/AccessibilityBundles/WebKitLegacy.axbundle/WebKitLegacy mode 0x115 no handle
2025-09-22 23:30:06.255 Db TimedancersMeditation[33623:29eee] [com.apple.defaults:User Defaults] found no value for key CGContextHighlight2xScaledImages in CFPrefsPlistSource<0x600002c00780> (Domain: org.timedancers.meditation, User: kCFPreferencesCurrentUser, ByHost: No, Container: (null), Contents Need Refresh: No)
2025-09-22 23:30:06.256 Db TimedancersMeditation[33623:29eee] [com.apple.defaults:User Defaults] found no value for key CGContextHighlight2xScaledImages in CFPrefsPlistSource<0x600002c00780> (Domain: org.timedancers.meditation, User: kCFPreferencesCurrentUser, ByHost: No, Container: (null), Contents Need Refresh: No)
2025-09-22 23:30:06.256 Db TimedancersMeditation[33623:29eee] [com.apple.defaults:User Defaults] found no value for key CGContextHighlight2xScaledImages in CFPrefsPlistSource<0x600002c00a80> (Domain: kCFPreferencesAnyApplication, User: kCFPreferencesCurrentUser, ByHost: No, Container: (null), Contents Need Refresh: No)
2025-09-22 23:30:06.256 Db TimedancersMeditation[33623:29eee] [com.apple.defaults:User Defaults] found no value for key CGContextHighlight2xScaledImages in CFPrefsPlistSource<0x600002c00a80> (Domain: kCFPreferencesAnyApplication, User: kCFPreferencesCurrentUser, ByHost: No, Container: (null), Contents Need Refresh: No)
2025-09-22 23:30:06.256 Db TimedancersMeditation[33623:29eee] [com.apple.defaults:User Defaults] found no value for key CGContextTrackImageDrawing in CFPrefsPlistSource<0x600002c00780> (Domain: org.timedancers.meditation, User: kCFPreferencesCurrentUser, ByHost: No, Container: (null), Contents Need Refresh: No)
2025-09-22 23:30:06.256 Db TimedancersMeditation[33623:29eee] [com.apple.defaults:User Defaults] found no value for key CGContextTrackImageDrawing in CFPrefsPlistSource<0x600002c00780> (Domain: org.timedancers.meditation, User: kCFPreferencesCurrentUser, ByHost: No, Container: (null), Contents Need Refresh: No)
2025-09-22 23:30:06.256 Db TimedancersMeditation[33623:29eee] [com.apple.defaults:User Defaults] found no value for key CGContextTrackImageDrawing in CFPrefsPlistSource<0x600002c00a80> (Domain: kCFPreferencesAnyApplication, User: kCFPreferencesCurrentUser, ByHost: No, Container: (null), Contents Need Refresh: No)
2025-09-22 23:30:06.256 Db TimedancersMeditation[33623:29eee] [com.apple.defaults:User Defaults] found no value for key CGContextTrackImageDrawing in CFPrefsPlistSource<0x600002c00a80> (Domain: kCFPreferencesAnyApplication, User: kCFPreferencesCurrentUser, ByHost: No, Container: (null), Contents Need Refresh: No)
2025-09-22 23:30:06.257 Db TimedancersMeditation[33623:29f1e] [com.apple.CFBundle:loading] dlfcn load framework CFBundle 0x600003b24620 </Library/Developer/CoreSimulator/Volumes/iOS_22E238/Library/Developer/CoreSimulator/Profiles/Runtimes/iOS 18.4.simruntime/Contents/Resources/RuntimeRoot/System/Library/AccessibilityBundles/WebKitLegacy.axbundle> (framework, not loaded), dlopen of /Library/Developer/CoreSimulator/Volumes/iOS_22E238/Library/Developer/CoreSimulator/Profiles/Runtimes/iOS 18.4.simruntime/Contents/Resources/RuntimeRoot/System/Library/AccessibilityBundles/WebKitLegacy.axbundle/WebKitLegacy mode 0x109 returns handle 0x77294b1
2025-09-22 23:30:06.258 Db TimedancersMeditation[33623:29eee] [com.apple.BackBoard:EventDelivery] flushing changes: {
    contentsMask: 0x8; keyCommandsRegistrations: [environment: keyboardFocus; token: 0x6B4CD084; keyCommands: 30];
}
2025-09-22 23:30:06.258 Db TimedancersMeditation[33623:29f1e] [com.apple.defaults:User Defaults] found no value for key UseNewAXBundleLoader in CFPrefsSearchListSource<0x600002c02200> (Domain: com.apple.Accessibility, Container: /Users/russellbrown/Library/Developer/CoreSimulator/Devices/A90F393D-72AC-4F90-BBE5-9C3B184A3157/data)
2025-09-22 23:30:06.258 Db TimedancersMeditation[33623:29f1e] [com.apple.defaults:User Defaults] found no value for key UseNewAXBundleLoader in CFPrefsSearchListSource<0x600002c04f00> (Domain: com.apple.Accessibility, Container: (null))
2025-09-22 23:30:06.260 Db TimedancersMeditation[33623:29f1e] [com.apple.CFBundle:loading] dlfcn check load bundle CFBundle 0x600003b4a3e0 </Library/Developer/CoreSimulator/Volumes/iOS_22E238/Library/Developer/CoreSimulator/Profiles/Runtimes/iOS 18.4.simruntime/Contents/Resources/RuntimeRoot/System/Library/AccessibilityBundles/StoreKitFramework.axbundle> (not loaded), dlopen of /Library/Developer/CoreSimulator/Volumes/iOS_22E238/Library/Developer/CoreSimulator/Profiles/Runtimes/iOS 18.4.simruntime/Contents/Resources/RuntimeRoot/System/Library/AccessibilityBundles/StoreKitFramework.axbundle/StoreKitFramework mode 0x115 no handle
2025-09-22 23:30:06.260 Db TimedancersMeditation[33623:29eee] [com.apple.defaults:User Defaults] found no value for key LogUpdateCycle.Stalls in CFPrefsSearchListSource<0x600002c13400> (Domain: com.apple.UIKit, Container: (null))
2025-09-22 23:30:06.266 Db TimedancersMeditation[33623:29eee] [com.apple.defaults:User Defaults] found no value for key UseNewAXBundleLoader in CFPrefsSearchListSource<0x600002c02200> (Domain: com.apple.Accessibility, Container: /Users/russellbrown/Library/Developer/CoreSimulator/Devices/A90F393D-72AC-4F90-BBE5-9C3B184A3157/data)
2025-09-22 23:30:06.266 Db TimedancersMeditation[33623:29eee] [com.apple.defaults:User Defaults] found no value for key UseNewAXBundleLoader in CFPrefsSearchListSource<0x600002c04f00> (Domain: com.apple.Accessibility, Container: (null))
2025-09-22 23:30:06.266 Db TimedancersMeditation[33623:29f1e] [com.apple.CFBundle:loading] dlfcn load framework CFBundle 0x600003b4a3e0 </Library/Developer/CoreSimulator/Volumes/iOS_22E238/Library/Developer/CoreSimulator/Profiles/Runtimes/iOS 18.4.simruntime/Contents/Resources/RuntimeRoot/System/Library/AccessibilityBundles/StoreKitFramework.axbundle> (framework, not loaded), dlopen of /Library/Developer/CoreSimulator/Volumes/iOS_22E238/Library/Developer/CoreSimulator/Profiles/Runtimes/iOS 18.4.simruntime/Contents/Resources/RuntimeRoot/System/Library/AccessibilityBundles/StoreKitFramework.axbundle/StoreKitFramework mode 0x109 returns handle 0x7729801
2025-09-22 23:30:06.266 Db TimedancersMeditation[33623:29f1e] [com.apple.defaults:User Defaults] found no value for key UseNewAXBundleLoader in CFPrefsSearchListSource<0x600002c02200> (Domain: com.apple.Accessibility, Container: /Users/russellbrown/Library/Developer/CoreSimulator/Devices/A90F393D-72AC-4F90-BBE5-9C3B184A3157/data)
2025-09-22 23:30:06.266 Db TimedancersMeditation[33623:29f1e] [com.apple.defaults:User Defaults] found no value for key UseNewAXBundleLoader in CFPrefsSearchListSource<0x600002c04f00> (Domain: com.apple.Accessibility, Container: (null))
2025-09-22 23:30:06.267 Db TimedancersMeditation[33623:29eee] [com.apple.defaults:User Defaults] found no value for key UseNewAXBundleLoader in CFPrefsSearchListSource<0x600002c02200> (Domain: com.apple.Accessibility, Container: /Users/russellbrown/Library/Developer/CoreSimulator/Devices/A90F393D-72AC-4F90-BBE5-9C3B184A3157/data)
2025-09-22 23:30:06.267 Db TimedancersMeditation[33623:29eee] [com.apple.defaults:User Defaults] found no value for key UseNewAXBundleLoader in CFPrefsSearchListSource<0x600002c04f00> (Domain: com.apple.Accessibility, Container: (null))
2025-09-22 23:30:06.267 Db TimedancersMeditation[33623:29f1e] [com.apple.CFBundle:loading] dlfcn check load bundle CFBundle 0x600003b08e00 </Library/Developer/CoreSimulator/Volumes/iOS_22E238/Library/Developer/CoreSimulator/Profiles/Runtimes/iOS 18.4.simruntime/Contents/Resources/RuntimeRoot/System/Library/AccessibilityBundles/MediaPlayerFramework.axbundle> (not loaded), dlopen of /Library/Developer/CoreSimulator/Volumes/iOS_22E238/Library/Developer/CoreSimulator/Profiles/Runtimes/iOS 18.4.simruntime/Contents/Resources/RuntimeRoot/System/Library/AccessibilityBundles/MediaPlayerFramework.axbundle/MediaPlayerFramework mode 0x115 no handle
2025-09-22 23:30:06.267 Db TimedancersMeditation[33623:29eee] [com.apple.defaults:User Defaults] found no value for key UseNewAXBundleLoader in CFPrefsSearchListSource<0x600002c02200> (Domain: com.apple.Accessibility, Container: /Users/russellbrown/Library/Developer/CoreSimulator/Devices/A90F393D-72AC-4F90-BBE5-9C3B184A3157/data)
2025-09-22 23:30:06.273 Db TimedancersMeditation[33623:29eee] [com.apple.defaults:User Defaults] found no value for key UseNewAXBundleLoader in CFPrefsSearchListSource<0x600002c04f00> (Domain: com.apple.Accessibility, Container: (null))
2025-09-22 23:30:06.273 I  TimedancersMeditation[33623:29eee] [com.apple.Accessibility:AXRuntimeNotifications] Attempting to send notification:  (1001) <private>
2025-09-22 23:30:06.273 Db TimedancersMeditation[33623:29f1e] [com.apple.CFBundle:loading] dlfcn load framework CFBundle 0x600003b08e00 </Library/Developer/CoreSimulator/Volumes/iOS_22E238/Library/Developer/CoreSimulator/Profiles/Runtimes/iOS 18.4.simruntime/Contents/Resources/RuntimeRoot/System/Library/AccessibilityBundles/MediaPlayerFramework.axbundle> (framework, not loaded), dlopen of /Library/Developer/CoreSimulator/Volumes/iOS_22E238/Library/Developer/CoreSimulator/Profiles/Runtimes/iOS 18.4.simruntime/Contents/Resources/RuntimeRoot/System/Library/AccessibilityBundles/MediaPlayerFramework.axbundle/MediaPlayerFramework mode 0x109 returns handle 0x7729b21
2025-09-22 23:30:06.273 Db TimedancersMeditation[33623:29eee] [com.apple.defaults:User Defaults] found no value for key UseNewAXBundleLoader in CFPrefsSearchListSource<0x600002c02200> (Domain: com.apple.Accessibility, Container: /Users/russellbrown/Library/Developer/CoreSimulator/Devices/A90F393D-72AC-4F90-BBE5-9C3B184A3157/data)
2025-09-22 23:30:06.273 Db TimedancersMeditation[33623:29eee] [com.apple.defaults:User Defaults] found no value for key UseNewAXBundleLoader in CFPrefsSearchListSource<0x600002c04f00> (Domain: com.apple.Accessibility, Container: (null))
2025-09-22 23:30:06.274 Db TimedancersMeditation[33623:29f1e] [com.apple.defaults:User Defaults] found no value for key UseNewAXBundleLoader in CFPrefsSearchListSource<0x600002c02200> (Domain: com.apple.Accessibility, Container: /Users/russellbrown/Library/Developer/CoreSimulator/Devices/A90F393D-72AC-4F90-BBE5-9C3B184A3157/data)
2025-09-22 23:30:06.274 Db TimedancersMeditation[33623:29f1e] [com.apple.defaults:User Defaults] found no value for key UseNewAXBundleLoader in CFPrefsSearchListSource<0x600002c04f00> (Domain: com.apple.Accessibility, Container: (null))
2025-09-22 23:30:06.274 Db TimedancersMeditation[33623:29eee] [com.apple.defaults:User Defaults] found no value for key UseNewAXBundleLoader in CFPrefsSearchListSource<0x600002c02200> (Domain: com.apple.Accessibility, Container: /Users/russellbrown/Library/Developer/CoreSimulator/Devices/A90F393D-72AC-4F90-BBE5-9C3B184A3157/data)
2025-09-22 23:30:06.274 Db TimedancersMeditation[33623:29eee] [com.apple.defaults:User Defaults] found no value for key UseNewAXBundleLoader in CFPrefsSearchListSource<0x600002c04f00> (Domain: com.apple.Accessibility, Container: (null))
