2025-09-22 23:30:06.105 Db TimedancersMeditation[33623:29f1e] [com.apple.CFBundle:loading] dlfcn load framework CFBundle 0x600003b0e3e0 </Library/Developer/CoreSimulator/Volumes/iOS_22E238/Library/Developer/CoreSimulator/Profiles/Runtimes/iOS 18.4.simruntime/Contents/Resources/RuntimeRoot/System/Library/AccessibilityBundles/PhotosFramework.axbundle> (framework, not loaded), dlopen of /Library/Developer/CoreSimulator/Volumes/iOS_22E238/Library/Developer/CoreSimulator/Profiles/Runtimes/iOS 18.4.simruntime/Contents/Resources/RuntimeRoot/System/Library/AccessibilityBundles/PhotosFramework.axbundle/PhotosFramework mode 0x109 returns handle 0x772e151
2025-09-22 23:30:06.105 Db TimedancersMeditation[33623:29f1e] [com.apple.defaults:User Defaults] found no value for key UseNewAXBundleLoader in CFPrefsSearchListSource<0x600002c02200> (Domain: com.apple.Accessibility, Container: /Users/russellbrown/Library/Developer/CoreSimulator/Devices/A90F393D-72AC-4F90-BBE5-9C3B184A3157/data)
2025-09-22 23:30:06.105 Db TimedancersMeditation[33623:29f1e] [com.apple.defaults:User Defaults] found no value for key UseNewAXBundleLoader in CFPrefsSearchListSource<0x600002c04f00> (Domain: com.apple.Accessibility, Container: (null))
2025-09-22 23:30:06.105 Db TimedancersMeditation[33623:29eee] [com.apple.defaults:User Defaults] found no value for key UseNewAXBundleLoader in CFPrefsSearchListSource<0x600002c02200> (Domain: com.apple.Accessibility, Container: /Users/russellbrown/Library/Developer/CoreSimulator/Devices/A90F393D-72AC-4F90-BBE5-9C3B184A3157/data)
2025-09-22 23:30:06.106 Db TimedancersMeditation[33623:29eee] [com.apple.defaults:User Defaults] found no value for key UseNewAXBundleLoader in CFPrefsSearchListSource<0x600002c04f00> (Domain: com.apple.Accessibility, Container: (null))
2025-09-22 23:30:06.107 Db TimedancersMeditation[33623:29f1e] [com.apple.CFBundle:loading] dlfcn check load bundle CFBundle 0x600003b20000 </Library/Developer/CoreSimulator/Volumes/iOS_22E238/Library/Developer/CoreSimulator/Profiles/Runtimes/iOS 18.4.simruntime/Contents/Resources/RuntimeRoot/System/Library/AccessibilityBundles/AVFoundation.axbundle> (not loaded), dlopen of /Library/Developer/CoreSimulator/Volumes/iOS_22E238/Library/Developer/CoreSimulator/Profiles/Runtimes/iOS 18.4.simruntime/Contents/Resources/RuntimeRoot/System/Library/AccessibilityBundles/AVFoundation.axbundle/AVFoundation mode 0x115 no handle
2025-09-22 23:30:06.108 I  TimedancersMeditation[33623:29f42] [dev.expo.modules:expo]  Creating JS object for module 'ExpoLinearGradient'
2025-09-22 23:30:06.109 I  TimedancersMeditation[33623:29f42] [com.facebook.react.log:javascript] SafeAreaView has been deprecated and will be removed in a future release. Please use 'react-native-safe-area-context' instead. See https://github.com/th3rdwave/react-native-safe-area-context
2025-09-22 23:30:06.116 Db TimedancersMeditation[33623:29f1e] [com.apple.CFBundle:loading] dlfcn load framework CFBundle 0x600003b20000 </Library/Developer/CoreSimulator/Volumes/iOS_22E238/Library/Developer/CoreSimulator/Profiles/Runtimes/iOS 18.4.simruntime/Contents/Resources/RuntimeRoot/System/Library/AccessibilityBundles/AVFoundation.axbundle> (framework, not loaded), dlopen of /Library/Developer/CoreSimulator/Volumes/iOS_22E238/Library/Developer/CoreSimulator/Profiles/Runtimes/iOS 18.4.simruntime/Contents/Resources/RuntimeRoot/System/Library/AccessibilityBundles/AVFoundation.axbundle/AVFoundation mode 0x109 returns handle 0x772e491
2025-09-22 23:30:06.116 Db TimedancersMeditation[33623:29f1e] [com.apple.defaults:User Defaults] found no value for key UseNewAXBundleLoader in CFPrefsSearchListSource<0x600002c02200> (Domain: com.apple.Accessibility, Container: /Users/russellbrown/Library/Developer/CoreSimulator/Devices/A90F393D-72AC-4F90-BBE5-9C3B184A3157/data)
2025-09-22 23:30:06.116 Db TimedancersMeditation[33623:29f1e] [com.apple.defaults:User Defaults] found no value for key UseNewAXBundleLoader in CFPrefsSearchListSource<0x600002c04f00> (Domain: com.apple.Accessibility, Container: (null))
2025-09-22 23:30:06.116 Db TimedancersMeditation[33623:29eee] [com.apple.defaults:User Defaults] found no value for key UseNewAXBundleLoader in CFPrefsSearchListSource<0x600002c02200> (Domain: com.apple.Accessibility, Container: /Users/russellbrown/Library/Developer/CoreSimulator/Devices/A90F393D-72AC-4F90-BBE5-9C3B184A3157/data)
2025-09-22 23:30:06.116 Db TimedancersMeditation[33623:29eee] [com.apple.defaults:User Defaults] found no value for key UseNewAXBundleLoader in CFPrefsSearchListSource<0x600002c04f00> (Domain: com.apple.Accessibility, Container: (null))
2025-09-22 23:30:06.117 Db TimedancersMeditation[33623:29f1e] [com.apple.CFBundle:loading] dlfcn check load bundle CFBundle 0x600003b0df80 </Library/Developer/CoreSimulator/Volumes/iOS_22E238/Library/Developer/CoreSimulator/Profiles/Runtimes/iOS 18.4.simruntime/Contents/Resources/RuntimeRoot/System/Library/AccessibilityBundles/HelpKit.axbundle> (not loaded), dlopen of /Library/Developer/CoreSimulator/Volumes/iOS_22E238/Library/Developer/CoreSimulator/Profiles/Runtimes/iOS 18.4.simruntime/Contents/Resources/RuntimeRoot/System/Library/AccessibilityBundles/HelpKit.axbundle/HelpKit mode 0x115 no handle
2025-09-22 23:30:06.117 Db TimedancersMeditation[33623:29eee] [com.apple.defaults:User Defaults] CFPrefsManagedSource<0x600002c36a00> (Domain: com.apple.coremedia, User: kCFPreferencesCurrentUser, ByHost: Yes, Container: (null), Contents Need Refresh: No) loaded: an empty base plist and no additional changes from the base plist
2025-09-22 23:30:06.122 Db TimedancersMeditation[33623:29eee] [com.apple.defaults:User Defaults] CFPrefsManagedSource<0x600002c36a80> (Domain: com.apple.coremedia, User: kCFPreferencesAnyUser, ByHost: Yes, Container: (null), Contents Need Refresh: No) loaded: an empty base plist and no additional changes from the base plist
2025-09-22 23:30:06.122 Db TimedancersMeditation[33623:29eee] [com.apple.defaults:User Defaults] CFPrefsPlistSource<0x600002c36980> (Domain: com.apple.coremedia, User: kCFPreferencesCurrentUser, ByHost: No, Container: (null), Contents Need Refresh: No) loaded: an empty base plist and no additional changes from the base plist
2025-09-22 23:30:06.122 Db TimedancersMeditation[33623:29eee] [com.apple.defaults:User Defaults] CFPrefsPlistSource<0x600002c36c00> (Domain: com.apple.coremedia, User: kCFPreferencesCurrentUser, ByHost: No, Container: /Users/russellbrown/Library/Developer/CoreSimulator/Devices/A90F393D-72AC-4F90-BBE5-9C3B184A3157/data, Contents Need Refresh: No) loaded: an empty base plist and no additional changes from the base plist
2025-09-22 23:30:06.122 Db TimedancersMeditation[33623:29eee] [com.apple.defaults:User Defaults] CFPrefsPlistSource<0x600002c36d00> (Domain: com.apple.coremedia, User: kCFPreferencesCurrentUser, ByHost: Yes, Container: (null), Contents Need Refresh: No) loaded: an empty base plist and no additional changes from the base plist
2025-09-22 23:30:06.122 Db TimedancersMeditation[33623:29eee] [com.apple.defaults:User Defaults] found no value for key fig_notes in CFPrefsSearchListSource<0x600002c36900> (Domain: com.apple.coremedia, Container: (null))
2025-09-22 23:30:06.122 Db TimedancersMeditation[33623:29eee] [com.apple.defaults:User Defaults] found no value for key automatic_fig_notes in CFPrefsSearchListSource<0x600002c36900> (Domain: com.apple.coremedia, Container: (null))
2025-09-22 23:30:06.123 Db TimedancersMeditation[33623:29eee] [com.apple.defaults:User Defaults] CFPrefsManagedSource<0x600002c83600> (Domain: com.apple.avfoundation, User: kCFPreferencesCurrentUser, ByHost: Yes, Container: (null), Contents Need Refresh: No) loaded: an empty base plist and no additional changes from the base plist
2025-09-22 23:30:06.123 Db TimedancersMeditation[33623:29eee] [com.apple.defaults:User Defaults] CFPrefsManagedSource<0x600002c83680> (Domain: com.apple.avfoundation, User: kCFPreferencesAnyUser, ByHost: Yes, Container: (null), Contents Need Refresh: No) loaded: an empty base plist and no additional changes from the base plist
2025-09-22 23:30:06.123 Db TimedancersMeditation[33623:29eee] [com.apple.defaults:User Defaults] CFPrefsPlistSource<0x600002c83580> (Domain: com.apple.avfoundation, User: kCFPreferencesCurrentUser, ByHost: No, Container: (null), Contents Need Refresh: No) loaded: an empty base plist and no additional changes from the base plist
2025-09-22 23:30:06.123 Db TimedancersMeditation[33623:29eee] [com.apple.defaults:User Defaults] CFPrefsPlistSource<0x600002c83800> (Domain: com.apple.avfoundation, User: kCFPreferencesCurrentUser, ByHost: No, Container: /Users/russellbrown/Library/Developer/CoreSimulator/Devices/A90F393D-72AC-4F90-BBE5-9C3B184A3157/data, Contents Need Refresh: No) loaded: an empty base plist and no additional changes from the base plist
2025-09-22 23:30:06.123 Db TimedancersMeditation[33623:29eee] [com.apple.defaults:User Defaults] CFPrefsPlistSource<0x600002c83900> (Domain: com.apple.avfoundation, User: kCFPreferencesCurrentUser, ByHost: Yes, Container: (null), Contents Need Refresh: No) loaded: an empty base plist and no additional changes from the base plist
2025-09-22 23:30:06.123 Db TimedancersMeditation[33623:29eee] [com.apple.defaults:User Defaults] found no value for key avplayer_trace in CFPrefsSearchListSource<0x600002c83500> (Domain: com.apple.avfoundation, Container: (null))
2025-09-22 23:30:06.123 Db TimedancersMeditation[33623:29eee] [com.apple.defaults:User Defaults] found no value for key avplayer_trace in CFPrefsSearchListSource<0x600002c83500> (Domain: com.apple.avfoundation, Container: (null))
2025-09-22 23:30:06.124 Db TimedancersMeditation[33623:29f1e] [com.apple.CFBundle:loading] dlfcn load framework CFBundle 0x600003b0df80 </Library/Developer/CoreSimulator/Volumes/iOS_22E238/Library/Developer/CoreSimulator/Profiles/Runtimes/iOS 18.4.simruntime/Contents/Resources/RuntimeRoot/System/Library/AccessibilityBundles/HelpKit.axbundle> (framework, not loaded), dlopen of /Library/Developer/CoreSimulator/Volumes/iOS_22E238/Library/Developer/CoreSimulator/Profiles/Runtimes/iOS 18.4.simruntime/Contents/Resources/RuntimeRoot/System/Library/AccessibilityBundles/HelpKit.axbundle/HelpKit mode 0x109 returns handle 0x772e7c1
2025-09-22 23:30:06.125 Db TimedancersMeditation[33623:29f1e] [com.apple.defaults:User Defaults] found no value for key UseNewAXBundleLoader in CFPrefsSearchListSource<0x600002c02200> (Domain: com.apple.Accessibility, Container: /Users/russellbrown/Library/Developer/CoreSimulator/Devices/A90F393D-72AC-4F90-BBE5-9C3B184A3157/data)
2025-09-22 23:30:06.125 Db TimedancersMeditation[33623:29f1e] [com.apple.defaults:User Defaults] found no value for key UseNewAXBundleLoader in CFPrefsSearchListSource<0x600002c04f00> (Domain: com.apple.Accessibility, Container: (null))
2025-09-22 23:30:06.125 Db TimedancersMeditation[33623:29eee] [com.apple.defaults:User Defaults] found no value for key UseNewAXBundleLoader in CFPrefsSearchListSource<0x600002c02200> (Domain: com.apple.Accessibility, Container: /Users/russellbrown/Library/Developer/CoreSimulator/Devices/A90F393D-72AC-4F90-BBE5-9C3B184A3157/data)
2025-09-22 23:30:06.125 Db TimedancersMeditation[33623:29eee] [com.apple.defaults:User Defaults] found no value for key UseNewAXBundleLoader in CFPrefsSearchListSource<0x600002c04f00> (Domain: com.apple.Accessibility, Container: (null))
2025-09-22 23:30:06.126 Db TimedancersMeditation[33623:29f1e] [com.apple.CFBundle:loading] dlfcn check load bundle CFBundle 0x600003b08d20 </Library/Developer/CoreSimulator/Volumes/iOS_22E238/Library/Developer/CoreSimulator/Profiles/Runtimes/iOS 18.4.simruntime/Contents/Resources/RuntimeRoot/System/Library/AccessibilityBundles/SpringBoardUIServices.axbundle> (not loaded), dlopen of /Library/Developer/CoreSimulator/Volumes/iOS_22E238/Library/Developer/CoreSimulator/Profiles/Runtimes/iOS 18.4.simruntime/Contents/Resources/RuntimeRoot/System/Library/AccessibilityBundles/SpringBoardUIServices.axbundle/SpringBoardUIServices mode 0x115 no handle
2025-09-22 23:30:06.126 I  TimedancersMeditation[33623:29f42] [dev.expo.modules:expo]  Creating JS object for module 'ExpoFontLoader'
2025-09-22 23:30:06.131 Db TimedancersMeditation[33623:29f42] [com.apple.defaults:User Defaults] found no value for key NSTallLocalizedStrings in CFPrefsSearchListSource<0x600002c00300> (Domain: org.timedancers.meditation, Container: (null))
2025-09-22 23:30:06.134 Db TimedancersMeditation[33623:29f42] [com.apple.defaults:User Defaults] looked up value (
    "en-US"
) for key AppleLanguages in CFPrefsPlistSource<0x600002c00c00> (Domain: kCFPreferencesAnyApplication, User: kCFPreferencesCurrentUser, ByHost: No, Container: /Users/russellbrown/Library/Developer/CoreSimulator/Devices/A90F393D-72AC-4F90-BBE5-9C3B184A3157/data, Contents Need Refresh: No) via CFPrefsSearchListSource<0x600002c00300> (Domain: org.timedancers.meditation, Container: (null))
2025-09-22 23:30:06.134 Db TimedancersMeditation[33623:29f42] [com.apple.defaults:User Defaults] looked up value (
    "en-US"
) for key AppleLanguages in CFPrefsPlistSource<0x600002c00c00> (Domain: kCFPreferencesAnyApplication, User: kCFPreferencesCurrentUser, ByHost: No, Container: /Users/russellbrown/Library/Developer/CoreSimulator/Devices/A90F393D-72AC-4F90-BBE5-9C3B184A3157/data, Contents Need Refresh: No) via CFPrefsSearchListSource<0x600002c00300> (Domain: org.timedancers.meditation, Container: (null))
2025-09-22 23:30:06.134 Db TimedancersMeditation[33623:29f42] [com.apple.defaults:User Defaults] found no value for key NSUsesScreenFonts in CFPrefsSearchListSource<0x600002c00300> (Domain: org.timedancers.meditation, Container: (null))
2025-09-22 23:30:06.134 Db TimedancersMeditation[33623:29f42] [com.apple.defaults:User Defaults] found no value for key NSIgnoresViewTransformations in CFPrefsSearchListSource<0x600002c00300> (Domain: org.timedancers.meditation, Container: (null))
2025-09-22 23:30:06.134 Db TimedancersMeditation[33623:29f42] [com.apple.defaults:User Defaults] found no value for key NSTextShowsInvisibleCharacters in CFPrefsSearchListSource<0x600002c00300> (Domain: org.timedancers.meditation, Container: (null))
2025-09-22 23:30:06.134 Db TimedancersMeditation[33623:29f42] [com.apple.defaults:User Defaults] found no value for key NSTextShowsControlCharacters in CFPrefsSearchListSource<0x600002c00300> (Domain: org.timedancers.meditation, Container: (null))
2025-09-22 23:30:06.134 Db TimedancersMeditation[33623:29f42] [com.apple.defaults:User Defaults] found no value for key NSTextAllowsNonContiguousLayout in CFPrefsSearchListSource<0x600002c00300> (Domain: org.timedancers.meditation, Container: (null))
2025-09-22 23:30:06.134 Db TimedancersMeditation[33623:29f42] [com.apple.defaults:User Defaults] found no value for key NSTextBackgroundLayoutEnabled in CFPrefsSearchListSource<0x600002c00300> (Domain: org.timedancers.meditation, Container: (null))
2025-09-22 23:30:06.134 Db TimedancersMeditation[33623:29f42] [com.apple.defaults:User Defaults] found no value for key NSLayoutManagerForcesShowPackedGlyphs in CFPrefsSearchListSource<0x600002c00300> (Domain: org.timedancers.meditation, Container: (null))
2025-09-22 23:30:06.134 Db TimedancersMeditation[33623:29f42] [com.apple.defaults:User Defaults] found no value for key NSTypesetterBehavior in CFPrefsSearchListSource<0x600002c00300> (Domain: org.timedancers.meditation, Container: (null))
2025-09-22 23:30:06.134 Db TimedancersMeditation[33623:29f42] [com.apple.defaults:User Defaults] found no value for key NSTypesetterCompatibilityLevel in CFPrefsSearchListSource<0x600002c00300> (Domain: org.timedancers.meditation, Container: (null))
2025-09-22 23:30:06.134 Db TimedancersMeditation[33623:29f42] [com.apple.defaults:User Defaults] found no value for key NSStringDrawingTypesetterBehavior in CFPrefsSearchListSource<0x600002c00300> (Domain: org.timedancers.meditation, Container: (null))
2025-09-22 23:30:06.134 Db TimedancersMeditation[33623:29f42] [com.apple.defaults:User Defaults] setting new value 1 for key NSHyphenatesAsLastResort in CFPrefsSource<0x6000017012c0> (Domain: Volatile, User: , ByHost: No, Container: , Contents Need Refresh: No)
2025-09-22 23:30:06.134 Db TimedancersMeditation[33623:29f42] [com.apple.defaults:User Defaults] setting new value 1 for key NSUsesCFStringTokenizerForLineBreaks in CFPrefsSource<0x6000017012c0> (Domain: Volatile, User: , ByHost: No, Container: , Contents Need Refresh: No)
2025-09-22 23:30:06.134 Db TimedancersMeditation[33623:29f42] [com.apple.defaults:User Defaults] setting new value 1 for key NSUsesTextStylesForLineBreaks in CFPrefsSource<0x6000017012c0> (Domain: Volatile, User: , ByHost: No, Container: , Contents Need Refresh: No)
2025-09-22 23:30:06.134 Db TimedancersMeditation[33623:29f42] [com.apple.defaults:User Defaults] found no value for key NSUsesDefaultHyphenation in CFPrefsSearchListSource<0x600002c00300> (Domain: org.timedancers.meditation, Container: (null))
2025-09-22 23:30:06.135 Db TimedancersMeditation[33623:29f42] [com.apple.defaults:User Defaults] found no value for key NSAlwaysFixAttributesLazily in CFPrefsSearchListSource<0x600002c00300> (Domain: org.timedancers.meditation, Container: (null))
2025-09-22 23:30:06.136 Db TimedancersMeditation[33623:29f42] [com.apple.defaults:User Defaults] found no value for key AppleLanguages in CFPrefsPlistSource<0x600002c00a80> (Domain: kCFPreferencesAnyApplication, User: kCFPreferencesCurrentUser, ByHost: No, Container: (null), Contents Need Refresh: No)
2025-09-22 23:30:06.136 Db TimedancersMeditation[33623:29f42] [com.apple.defaults:User Defaults] found no value for key AppleLanguages in CFPrefsPlistSource<0x600002c00a80> (Domain: kCFPreferencesAnyApplication, User: kCFPreferencesCurrentUser, ByHost: No, Container: (null), Contents Need Refresh: No)
2025-09-22 23:30:06.137 Db TimedancersMeditation[33623:29f42] [com.apple.defaults:User Defaults] found no value for key NSGlyphGeneratorConcreteClassName in CFPrefsSearchListSource<0x600002c00300> (Domain: org.timedancers.meditation, Container: (null))
2025-09-22 23:30:06.138 Db TimedancersMeditation[33623:29f42] [com.apple.defaults:User Defaults] found no value for key _NSRaiseWithRecursiveLayoutRequest in CFPrefsSearchListSource<0x600002c00300> (Domain: org.timedancers.meditation, Container: (null))
2025-09-22 23:30:06.138 Db TimedancersMeditation[33623:29f42] [com.apple.defaults:User Defaults] found no value for key _NSAllowsScreenFontKerning in CFPrefsSearchListSource<0x600002c00300> (Domain: org.timedancers.meditation, Container: (null))
2025-09-22 23:30:06.138 Db TimedancersMeditation[33623:29f1e] [com.apple.CFBundle:loading] dlfcn load framework CFBundle 0x600003b08d20 </Library/Developer/CoreSimulator/Volumes/iOS_22E238/Library/Developer/CoreSimulator/Profiles/Runtimes/iOS 18.4.simruntime/Contents/Resources/RuntimeRoot/System/Library/AccessibilityBundles/SpringBoardUIServices.axbundle> (framework, not loaded), dlopen of /Library/Developer/CoreSimulator/Volumes/iOS_22E238/Library/Developer/CoreSimulator/Profiles/Runtimes/iOS 18.4.simruntime/Contents/Resources/RuntimeRoot/System/Library/AccessibilityBundles/SpringBoardUIServices.axbundle/SpringBoardUIServices mode 0x109 returns handle 0x772eac1
2025-09-22 23:30:06.138 Db TimedancersMeditation[33623:29f42] [com.apple.defaults:User Defaults] found no value for key AppleSystemUIFontDefaultTrack in CFPrefsPlistSource<0x600002c00a80> (Domain: kCFPreferencesAnyApplication, User: kCFPreferencesCurrentUser, ByHost: No, Container: (null), Contents Need Refresh: No)
2025-09-22 23:30:06.138 Db TimedancersMeditation[33623:29f42] [com.apple.defaults:User Defaults] looked up value (
    "en-US"
) for key AppleLanguages in CFPrefsPlistSource<0x600002c00c00> (Domain: kCFPreferencesAnyApplication, User: kCFPreferencesCurrentUser, ByHost: No, Container: /Users/russellbrown/Library/Developer/CoreSimulator/Devices/A90F393D-72AC-4F90-BBE5-9C3B184A3157/data, Contents Need Refresh: No) via CFPrefsSearchListSource<0x600002c00300> (Domain: org.timedancers.meditation, Container: (null))
2025-09-22 23:30:06.139 Db TimedancersMeditation[33623:29f1e] [com.apple.defaults:User Defaults] found no value for key UseNewAXBundleLoader in CFPrefsSearchListSource<0x600002c02200> (Domain: com.apple.Accessibility, Container: /Users/russellbrown/Library/Developer/CoreSimulator/Devices/A90F393D-72AC-4F90-BBE5-9C3B184A3157/data)
2025-09-22 23:30:06.139 Db TimedancersMeditation[33623:29f1e] [com.apple.defaults:User Defaults] found no value for key UseNewAXBundleLoader in CFPrefsSearchListSource<0x600002c04f00> (Domain: com.apple.Accessibility, Container: (null))
2025-09-22 23:30:06.139 Db TimedancersMeditation[33623:29eee] [com.apple.defaults:User Defaults] found no value for key UseNewAXBundleLoader in CFPrefsSearchListSource<0x600002c02200> (Domain: com.apple.Accessibility, Container: /Users/russellbrown/Library/Developer/CoreSimulator/Devices/A90F393D-72AC-4F90-BBE5-9C3B184A3157/data)
2025-09-22 23:30:06.139 Db TimedancersMeditation[33623:29eee] [com.apple.defaults:User Defaults] found no value for key UseNewAXBundleLoader in CFPrefsSearchListSource<0x600002c04f00> (Domain: com.apple.Accessibility, Container: (null))
2025-09-22 23:30:06.142 Db TimedancersMeditation[33623:29f1e] [com.apple.CFBundle:loading] dlfcn check load bundle CFBundle 0x600003b45b20 </Library/Developer/CoreSimulator/Volumes/iOS_22E238/Library/Developer/CoreSimulator/Profiles/Runtimes/iOS 18.4.simruntime/Contents/Resources/RuntimeRoot/System/Library/AccessibilityBundles/SafariSharedUI.axbundle> (not loaded), dlopen of /Library/Developer/CoreSimulator/Volumes/iOS_22E238/Library/Developer/CoreSimulator/Profiles/Runtimes/iOS 18.4.simruntime/Contents/Resources/RuntimeRoot/System/Library/AccessibilityBundles/SafariSharedUI.axbundle/SafariSharedUI mode 0x115 no handle
2025-09-22 23:30:06.145 I  TimedancersMeditation[33623:29f42] [dev.expo.modules:expo]  Creating JS object for module 'ExpoAsset'
2025-09-22 23:30:06.147 I  TimedancersMeditation[33623:29f1d] [com.wix.DetoxSync:DTXJSTimerSyncResource] [DTXJSTimerSyncResource] Observing timer 2 with duration 0.00 ms
2025-09-22 23:30:06.148 I  TimedancersMeditation[33623:29f1d] [com.wix.DetoxSync:DTXJSTimerSyncResource] [DTXJSTimerSyncResource] Observing timer 3 with duration 0.00 ms
2025-09-22 23:30:06.148 I  TimedancersMeditation[33623:29f1d] [com.wix.DetoxSync:DTXJSTimerSyncResource] [DTXJSTimerSyncResource] Observing timer 4 with duration 0.00 ms
2025-09-22 23:30:06.148 I  TimedancersMeditation[33623:29f1d] [com.wix.DetoxSync:DTXJSTimerSyncResource] [DTXJSTimerSyncResource] Observing timer 5 with duration 0.00 ms
2025-09-22 23:30:06.148 I  TimedancersMeditation[33623:29f5b] [com.wix.DetoxSync:DTXJSTimerSyncResource] [DTXJSTimerSyncResource] Observing timer 6 with duration 0.00 ms
2025-09-22 23:30:06.150 I  TimedancersMeditation[33623:29f5c] [com.wix.DetoxSync:DTXJSTimerSyncResource] [DTXJSTimerSyncResource] Observing timer 7 with duration 0.00 ms
2025-09-22 23:30:06.150 I  TimedancersMeditation[33623:29f5b] [com.wix.DetoxSync:DTXJSTimerSyncResource] [DTXJSTimerSyncResource] Observing timer 8 with duration 50.00 ms
2025-09-22 23:30:06.150 I  TimedancersMeditation[33623:29f5b] [com.wix.DetoxSync:DTXJSTimerSyncResource] [DTXJSTimerSyncResource] Timer 8 completed after 0.03 ms
2025-09-22 23:30:06.150 I  TimedancersMeditation[33623:29f5b] [com.wix.DetoxSync:DTXJSTimerSyncResource] [DTXJSTimerSyncResource] Observing timer 9 with duration 50.00 ms
2025-09-22 23:30:06.150 Db TimedancersMeditation[33623:29eee] [com.apple.CFBundle:resources] Resource lookup at CFBundle 0x600003b002a0 </Users/russellbrown/Library/Developer/CoreSimulator/Devices/A90F393D-72AC-4F90-BBE5-9C3B184A3157/data/Containers/Bundle/Application/0375889F-217C-4CF1-8D2D-969ECDD180D9/TimedancersMeditation.app> (executable, loaded)
	Request       : InfoPlist type: strings
	Result        : None
2025-09-22 23:30:06.152 Db TimedancersMeditation[33623:29eee] [com.apple.CFBundle:resources] Resource lookup at CFBundle 0x600003b002a0 </Users/russellbrown/Library/Developer/CoreSimulator/Devices/A90F393D-72AC-4F90-BBE5-9C3B184A3157/data/Containers/Bundle/Application/0375889F-217C-4CF1-8D2D-969ECDD180D9/TimedancersMeditation.app> (executable, loaded)
	Request       : InfoPlist type: stringsdict
	Result        : None
2025-09-22 23:30:06.148 Db TimedancersMeditation[33623:29f1d] [com.apple.CFBundle:resources] Resource lookup at CFBundle 0x600003b002a0 </Users/russellbrown/Library/Developer/CoreSimulator/Devices/A90F393D-72AC-4F90-BBE5-9C3B184A3157/data/Containers/Bundle/Application/0375889F-217C-4CF1-8D2D-969ECDD180D9/TimedancersMeditation.app> (executable, loaded)
	Request       : InfoPlist type: strings
	Result        : None
2025-09-22 23:30:06.152 Db TimedancersMeditation[33623:29f1d] [com.apple.CFBundle:resources] Resource lookup at CFBundle 0x600003b002a0 </Users/russellbrown/Library/Developer/CoreSimulator/Devices/A90F393D-72AC-4F90-BBE5-9C3B184A3157/data/Containers/Bundle/Application/0375889F-217C-4CF1-8D2D-969ECDD180D9/TimedancersMeditation.app> (executable, loaded)
	Request       : InfoPlist type: stringsdict
	Result        : None
2025-09-22 23:30:06.152 Df TimedancersMeditation[33623:29f1d] [com.apple.FileURL:default] kExcludedFromBackupXattrName set on path: /Users/russellbrown/Library/Developer/CoreSimulator/Devices/A90F393D-72AC-4F90-BBE5-9C3B184A3157/data/Containers/Data/Application/89826CAB-A0C0-4B67-B9C2-29704FD7E0D7/Library/Application Support/org.timedancers.meditation/RCTAsyncLocalStorage_V1
2025-09-22 23:30:06.153 Db TimedancersMeditation[33623:29f1d] [com.facebook.react.log:native] Manifest does not exist - creating a new one.

(null)
2025-09-22 23:30:06.158 Db TimedancersMeditation[33623:29f42] [com.apple.defaults:User Defaults] looked up value 1 for key NSUsesTextStylesForLineBreaks in CFPrefsSource<0x6000017012c0> (Domain: Volatile, User: , ByHost: No, Container: , Contents Need Refresh: No) via CFPrefsSearchListSource<0x600002c00300> (Domain: org.timedancers.meditation, Container: (null))
2025-09-22 23:30:06.153 Db TimedancersMeditation[33623:29f1e] [com.apple.CFBundle:loading] dlfcn load framework CFBundle 0x600003b45b20 </Library/Developer/CoreSimulator/Volumes/iOS_22E238/Library/Developer/CoreSimulator/Profiles/Runtimes/iOS 18.4.simruntime/Contents/Resources/RuntimeRoot/System/Library/AccessibilityBundles/SafariSharedUI.axbundle> (framework, not loaded), dlopen of /Library/Developer/CoreSimulator/Volumes/iOS_22E238/Library/Developer/CoreSimulator/Profiles/Runtimes/iOS 18.4.simruntime/Contents/Resources/RuntimeRoot/System/Library/AccessibilityBundles/SafariSharedUI.axbundle/SafariSharedUI mode 0x109 returns handle 0x772ee01
2025-09-22 23:30:06.160 Db TimedancersMeditation[33623:29f42] [com.apple.defaults:User Defaults] looked up value 1 for key NSHyphenatesAsLastResort in CFPrefsSource<0x6000017012c0> (Domain: Volatile, User: , ByHost: No, Container: , Contents Need Refresh: No) via CFPrefsSearchListSource<0x600002c00300> (Domain: org.timedancers.meditation, Container: (null))
2025-09-22 23:30:06.160 Db TimedancersMeditation[33623:29f42] [com.apple.defaults:User Defaults] looked up value (
    "en-US"
) for key AppleLanguages in CFPrefsPlistSource<0x600002c00c00> (Domain: kCFPreferencesAnyApplication, User: kCFPreferencesCurrentUser, ByHost: No, Container: /Users/russellbrown/Library/Developer/CoreSimulator/Devices/A90F393D-72AC-4F90-BBE5-9C3B184A3157/data, Contents Need Refresh: No) via CFPrefsSearchListSource<0x600002c00300> (Domain: org.timedancers.meditation, Container: (null))
2025-09-22 23:30:06.161 Db TimedancersMeditation[33623:29f42] [com.apple.defaults:User Defaults] found no value for key NSForceHangulWordBreakPriority in CFPrefsSearchListSource<0x600002c00300> (Domain: org.timedancers.meditation, Container: (null))
2025-09-22 23:30:06.161 Db TimedancersMeditation[33623:29f42] [com.apple.defaults:User Defaults] found no value for key AppleTextBreakLocale in CFPrefsSearchListSource<0x600002c00300> (Domain: org.timedancers.meditation, Container: (null))
2025-09-22 23:30:06.161 Db TimedancersMeditation[33623:29f1e] [com.apple.defaults:User Defaults] found no value for key UseNewAXBundleLoader in CFPrefsSearchListSource<0x600002c02200> (Domain: com.apple.Accessibility, Container: /Users/russellbrown/Library/Developer/CoreSimulator/Devices/A90F393D-72AC-4F90-BBE5-9C3B184A3157/data)
2025-09-22 23:30:06.161 Db TimedancersMeditation[33623:29f1e] [com.apple.defaults:User Defaults] found no value for key UseNewAXBundleLoader in CFPrefsSearchListSource<0x600002c04f00> (Domain: com.apple.Accessibility, Container: (null))
2025-09-22 23:30:06.162 Db TimedancersMeditation[33623:29eee] [com.apple.defaults:User Defaults] found no value for key UIScrollViewForceConvertSafeAreaToContentInsetPreference in CFPrefsSearchListSource<0x600002c00300> (Domain: org.timedancers.meditation, Container: (null))
2025-09-22 23:30:06.162 Db TimedancersMeditation[33623:29f06] [com.apple.defaults:User Defaults] found no value for key ImageIO_TrustSystemPathURLs in CFPrefsSearchListSource<0x600002c00300> (Domain: org.timedancers.meditation, Container: (null))
2025-09-22 23:30:06.162 Db TimedancersMeditation[33623:29f06] [com.apple.defaults:User Defaults] found no value for key ImageIO_TrustSystemPathURLs in CFPrefsPlistSource<0x600002c05b80> (Domain: com.apple.ImageIO, User: kCFPreferencesCurrentUser, ByHost: No, Container: (null), Contents Need Refresh: No)
2025-09-22 23:30:06.163 Db TimedancersMeditation[33623:29f1e] [com.apple.CFBundle:loading] dlfcn check load bundle CFBundle 0x600003b14460 </Library/Developer/CoreSimulator/Volumes/iOS_22E238/Library/Developer/CoreSimulator/Profiles/Runtimes/iOS 18.4.simruntime/Contents/Resources/RuntimeRoot/System/Library/AccessibilityBundles/MapKitSwiftUI.axbundle> (not loaded), dlopen of /Library/Developer/CoreSimulator/Volumes/iOS_22E238/Library/Developer/CoreSimulator/Profiles/Runtimes/iOS 18.4.simruntime/Contents/Resources/RuntimeRoot/System/Library/AccessibilityBundles/MapKitSwiftUI.axbundle/MapKitSwiftUI mode 0x115 no handle
2025-09-22 23:30:06.167 I  TimedancersMeditation[33623:29f06] [com.wix.DetoxSync:DTXJSTimerSyncResource] [DTXJSTimerSyncResource] Observing timer 10 with duration 50.00 ms
2025-09-22 23:30:06.167 I  TimedancersMeditation[33623:29f06] [com.wix.DetoxSync:DTXJSTimerSyncResource] [DTXJSTimerSyncResource] Observing timer 11 with duration 0.00 ms
2025-09-22 23:30:06.169 I  TimedancersMeditation[33623:29f06] [com.wix.DetoxSync:DTXJSTimerSyncResource] [DTXJSTimerSyncResource] Observing timer 12 with duration 0.00 ms
2025-09-22 23:30:06.169 I  TimedancersMeditation[33623:29f42] [dev.expo.modules:expo]  Creating JS object for module 'ExpoAudio'
2025-09-22 23:30:06.170 I  TimedancersMeditation[33623:29f42] [dev.expo.modules:expo]  Creating JS object for module 'ExpoApplication'
2025-09-22 23:30:06.170 I  TimedancersMeditation[33623:29f42] [dev.expo.modules:expo]  Creating JS object for module 'NotificationsServerRegistrationModule'
2025-09-22 23:30:06.170 I  TimedancersMeditation[33623:29f42] [dev.expo.modules:expo]  Creating JS object for module 'ExpoPushTokenManager'
2025-09-22 23:30:06.170 I  TimedancersMeditation[33623:29f42] [dev.expo.modules:expo]  Creating JS object for module 'ExpoBadgeModule'
2025-09-22 23:30:06.170 I  TimedancersMeditation[33623:29f42] [dev.expo.modules:expo]  Creating JS object for module 'ExpoNotificationsEmitter'
2025-09-22 23:30:06.170 I  TimedancersMeditation[33623:29f42] [dev.expo.modules:expo]  Creating JS object for module 'ExpoNotificationsHandlerModule'
2025-09-22 23:30:06.171 Db TimedancersMeditation[33623:29f1e] [com.apple.CFBundle:loading] dlfcn load framework CFBundle 0x600003b14460 </Library/Developer/CoreSimulator/Volumes/iOS_22E238/Library/Developer/CoreSimulator/Profiles/Runtimes/iOS 18.4.simruntime/Contents/Resources/RuntimeRoot/System/Library/AccessibilityBundles/MapKitSwiftUI.axbundle> (framework, not loaded), dlopen of /Library/Developer/CoreSimulator/Volumes/iOS_22E238/Library/Developer/CoreSimulator/Profiles/Runtimes/iOS 18.4.simruntime/Contents/Resources/RuntimeRoot/System/Library/AccessibilityBundles/MapKitSwiftUI.axbundle/MapKitSwiftUI mode 0x109 returns handle 0x772f471
2025-09-22 23:30:06.172 Db TimedancersMeditation[33623:29f1e] [com.apple.defaults:User Defaults] found no value for key UseNewAXBundleLoader in CFPrefsSearchListSource<0x600002c02200> (Domain: com.apple.Accessibility, Container: /Users/russellbrown/Library/Developer/CoreSimulator/Devices/A90F393D-72AC-4F90-BBE5-9C3B184A3157/data)
2025-09-22 23:30:06.172 Db TimedancersMeditation[33623:29f1e] [com.apple.defaults:User Defaults] found no value for key UseNewAXBundleLoader in CFPrefsSearchListSource<0x600002c04f00> (Domain: com.apple.Accessibility, Container: (null))
2025-09-22 23:30:06.173 A  TimedancersMeditation[33623:29f41] (Security) SecItemCopyMatching_ios
2025-09-22 23:30:06.173 Db TimedancersMeditation[33623:29eee] [com.apple.defaults:User Defaults] found no value for key AuditInspectionModeEnabled in CFPrefsSearchListSource<0x600002c04f00> (Domain: com.apple.Accessibility, Container: (null))
2025-09-22 23:30:06.173 Df TimedancersMeditation[33623:29f41] [com.apple.securityd:secitemratelimit] Not internal release, disabling SIRL
2025-09-22 23:30:06.173 Db TimedancersMeditation[33623:29eee] [com.apple.Accessibility:AXSupportCommon] CF Read: domain = com.apple.Accessibility, preference = AuditInspectionModeEnabled, appID = (null) result = (null) (-1 - empty, 0 - false, 1 - true)
2025-09-22 23:30:06.173 Db TimedancersMeditation[33623:29eee] [com.apple.defaults:User Defaults] found no value for key AuditInspectionModeEnabled in CFPrefsPlistSource<0x600002c05280> (Domain: com.apple.Accessibility, User: kCFPreferencesCurrentUser, ByHost: No, Container: /Users/russellbrown/Library/Developer/CoreSimulator/Devices/A90F393D-72AC-4F90-BBE5-9C3B184A3157/data, Contents Need Refresh: No)
2025-09-22 23:30:06.179 Db TimedancersMeditation[33623:29f42] [com.apple.defaults:User Defaults] found no value for key assetinspectorloader_trace in CFPrefsSearchListSource<0x600002c83500> (Domain: com.apple.avfoundation, Container: (null))
2025-09-22 23:30:06.174 Df TimedancersMeditation[33623:29f41] [com.apple.securityd:thread-local-client-debug] SecSecurityClientGet new thread!
2025-09-22 23:30:06.174 Db TimedancersMeditation[33623:29f1e] [com.apple.CFBundle:loading] dlfcn check load bundle CFBundle 0x600003b1cee0 </Library/Developer/CoreSimulator/Volumes/iOS_22E238/Library/Developer/CoreSimulator/Profiles/Runtimes/iOS 18.4.simruntime/Contents/Resources/RuntimeRoot/System/Library/AccessibilityBundles/IntentsUI.axbundle> (not loaded), dlopen of /Library/Developer/CoreSimulator/Volumes/iOS_22E238/Library/Developer/CoreSimulator/Profiles/Runtimes/iOS 18.4.simruntime/Contents/Resources/RuntimeRoot/System/Library/AccessibilityBundles/IntentsUI.axbundle/IntentsUI mode 0x115 no handle
2025-09-22 23:30:06.179 Db TimedancersMeditation[33623:29f42] [com.apple.defaults:User Defaults] found no value for key assetinspectorloader_trace in CFPrefsSearchListSource<0x600002c83500> (Domain: com.apple.avfoundation, Container: (null))
2025-09-22 23:30:06.179 Df TimedancersMeditation[33623:29f41] [com.apple.xpc:connection] [0x600003d0c780] activating connection: mach=true listener=false peer=false name=com.apple.securityd
2025-09-22 23:30:06.179 Db TimedancersMeditation[33623:29f41] [com.apple.securityd:xpc] Adding securityd connection to pool, total now 1
2025-09-22 23:30:06.180 Db TimedancersMeditation[33623:29f42] [com.apple.defaults:User Defaults] found no value for key logurls in CFPrefsSearchListSource<0x600002c36900> (Domain: com.apple.coremedia, Container: (null))
2025-09-22 23:30:06.180 Db TimedancersMeditation[33623:29eee] [com.apple.defaults:User Defaults] found no value for key CGImageMarkAllowTemplateMethodInteger in CFPrefsPlistSource<0x600002c00780> (Domain: org.timedancers.meditation, User: kCFPreferencesCurrentUser, ByHost: No, Container: (null), Contents Need Refresh: No)
2025-09-22 23:30:06.185 Db TimedancersMeditation[33623:29eee] [com.apple.defaults:User Defaults] found no value for key CGImageMarkAllowTemplateMethodInteger in CFPrefsPlistSource<0x600002c00780> (Domain: org.timedancers.meditation, User: kCFPreferencesCurrentUser, ByHost: No, Container: (null), Contents Need Refresh: No)
2025-09-22 23:30:06.185 Db TimedancersMeditation[33623:29eee] [com.apple.defaults:User Defaults] found no value for key CGImageMarkAllowTemplateMethodInteger in CFPrefsPlistSource<0x600002c00a80> (Domain: kCFPreferencesAnyApplication, User: kCFPreferencesCurrentUser, ByHost: No, Container: (null), Contents Need Refresh: No)
2025-09-22 23:30:06.185 Db TimedancersMeditation[33623:29eee] [com.apple.defaults:User Defaults] found no value for key CGImageMarkAllowTemplateMethodInteger in CFPrefsPlistSource<0x600002c00a80> (Domain: kCFPreferencesAnyApplication, User: kCFPreferencesCurrentUser, ByHost: No, Container: (null), Contents Need Refresh: No)
2025-09-22 23:30:06.186 Db TimedancersMeditation[33623:29eee] [com.apple.defaults:User Defaults] found no value for key UIBarsApplyChromelessEverywhere in CFPrefsSearchListSource<0x600002c00300> (Domain: org.timedancers.meditation, Container: (null))
2025-09-22 23:30:06.186 Db TimedancersMeditation[33623:29f1e] [com.apple.CFBundle:loading] dlfcn load framework CFBundle 0x600003b1cee0 </Library/Developer/CoreSimulator/Volumes/iOS_22E238/Library/Developer/CoreSimulator/Profiles/Runtimes/iOS 18.4.simruntime/Contents/Resources/RuntimeRoot/System/Library/AccessibilityBundles/IntentsUI.axbundle> (framework, not loaded), dlopen of /Library/Developer/CoreSimulator/Volumes/iOS_22E238/Library/Developer/CoreSimulator/Profiles/Runtimes/iOS 18.4.simruntime/Contents/Resources/RuntimeRoot/System/Library/AccessibilityBundles/IntentsUI.axbundle/IntentsUI mode 0x109 returns handle 0x772f791
2025-09-22 23:30:06.187 Df TimedancersMeditation[33623:29eee] [PrototypeTools:domain] Not observing PTDefaults on customer install.
2025-09-22 23:30:06.187 Db TimedancersMeditation[33623:29f1e] [com.apple.defaults:User Defaults] found no value for key UseNewAXBundleLoader in CFPrefsSearchListSource<0x600002c02200> (Domain: com.apple.Accessibility, Container: /Users/russellbrown/Library/Developer/CoreSimulator/Devices/A90F393D-72AC-4F90-BBE5-9C3B184A3157/data)
2025-09-22 23:30:06.187 Db TimedancersMeditation[33623:29f1e] [com.apple.defaults:User Defaults] found no value for key UseNewAXBundleLoader in CFPrefsSearchListSource<0x600002c04f00> (Domain: com.apple.Accessibility, Container: (null))
2025-09-22 23:30:06.187 Df TimedancersMeditation[33623:29f42] [com.apple.coremedia:] <<< URLAsset >>> FigAssetCreateWithURL: Called for asset 0x600001880fc0 by client [], url [0x600002665d40] <redacted> createFlags 0x8 optionsDict (null)
2025-09-22 23:30:06.187 Db TimedancersMeditation[33623:29eee] [com.apple.defaults:User Defaults] found no value for key FloatingTabBarExtendBarHeight in CFPrefsSearchListSource<0x600002c13400> (Domain: com.apple.UIKit, Container: (null))
2025-09-22 23:30:06.187 Db TimedancersMeditation[33623:29f42] [com.apple.defaults:User Defaults] found no value for key figostransactionutilities_trace in CFPrefsSearchListSource<0x600002c36900> (Domain: com.apple.coremedia, Container: (null))
2025-09-22 23:30:06.187 Db TimedancersMeditation[33623:29f42] [com.apple.defaults:User Defaults] found no value for key figostransactionutilities_trace in CFPrefsSearchListSource<0x600002c36900> (Domain: com.apple.coremedia, Container: (null))
2025-09-22 23:30:06.187 Db TimedancersMeditation[33623:29eee] [com.apple.defaults:User Defaults] found no value for key BarUseDynamicType in CFPrefsSearchListSource<0x600002c13400> (Domain: com.apple.UIKit, Container: (null))
2025-09-22 23:30:06.188 Df TimedancersMeditation[33623:29f42] [com.apple.coremedia:playback-memory] <<< FigOSTransactionsUtilities >>> FigOSTransactionCreateWithProcessName: [Fig Transaction] Added transaction weak reference holder <0x6000002344c0>: 1758580206 URLAsset withURL 33623:TimedancersMeditation  2927828587994453800
2025-09-22 23:30:06.188 Db TimedancersMeditation[33623:29eee] [com.apple.defaults:User Defaults] found no value for key DetectTextLayoutIssues in CFPrefsSearchListSource<0x600002c13400> (Domain: com.apple.UIKit, Container: (null))
2025-09-22 23:30:06.188 Db TimedancersMeditation[33623:29f1e] [com.apple.CFBundle:loading] dlfcn check load bundle CFBundle 0x600003b08620 </Library/Developer/CoreSimulator/Volumes/iOS_22E238/Library/Developer/CoreSimulator/Profiles/Runtimes/iOS 18.4.simruntime/Contents/Resources/RuntimeRoot/System/Library/AccessibilityBundles/RemoteUIFramework.axbundle> (not loaded), dlopen of /Library/Developer/CoreSimulator/Volumes/iOS_22E238/Library/Developer/CoreSimulator/Profiles/Runtimes/iOS 18.4.simruntime/Contents/Resources/RuntimeRoot/System/Library/AccessibilityBundles/RemoteUIFramework.axbundle/RemoteUIFramework mode 0x115 no handle
2025-09-22 23:30:06.188 Db TimedancersMeditation[33623:29eee] [com.apple.defaults:User Defaults] found no value for key NSLanguageAwareLineSpacingAdjustmentsON in CFPrefsSearchListSource<0x600002c00300> (Domain: org.timedancers.meditation, Container: (null))
2025-09-22 23:30:06.191 Db TimedancersMeditation[33623:29f42] [com.apple.defaults:User Defaults] found no value for key curl_handling_trace in CFPrefsSearchListSource<0x600002c36900> (Domain: com.apple.coremedia, Container: (null))
2025-09-22 23:30:06.194 Db TimedancersMeditation[33623:29f42] [com.apple.defaults:User Defaults] found no value for key curl_handling_trace in CFPrefsSearchListSource<0x600002c36900> (Domain: com.apple.coremedia, Container: (null))
2025-09-22 23:30:06.194 Db TimedancersMeditation[33623:29eee] [com.apple.defaults:User Defaults] found no value for key BarAppearanceVersion in CFPrefsSearchListSource<0x600002c00300> (Domain: org.timedancers.meditation, Container: (null))
2025-09-22 23:30:06.194 Db TimedancersMeditation[33623:29eee] [com.apple.defaults:User Defaults] found no value for key BarAppearanceVersion in CFPrefsSearchListSource<0x600002c13400> (Domain: com.apple.UIKit, Container: (null))
2025-09-22 23:30:06.194 Db TimedancersMeditation[33623:29eee] [com.apple.defaults:User Defaults] found no value for key BarAppearanceVersionOverride in CFPrefsSearchListSource<0x600002c13400> (Domain: com.apple.UIKit, Container: (null))
2025-09-22 23:30:06.194 Df TimedancersMeditation[33623:29f42] [com.apple.coremedia:] <<<< FigCustomURLHandling >>>> FigCustomURLLoaderCreate: newLoader: 0x60000291c000
2025-09-22 23:30:06.194 Df TimedancersMeditation[33623:29f42] [com.apple.coremedia:] <<<< FigCustomURLHandling >>>> FigCustomURLHandlerCreate: newHandler: com.apple.avfoundation.customurl.cfurlconnection.0x600002c8f580 options: {
    "CURLHOption_OKToLogURLs" = 0;
}
2025-09-22 23:30:06.195 Df TimedancersMeditation[33623:29f42] [com.apple.coremedia:] <<<< FigCustomURLHandling >>>> curll_installHandler: 0x60000291c020: handler: 0x600002c8f580 priority: 100
2025-09-22 23:30:06.195 Df TimedancersMeditation[33623:29f42] [com.apple.coremedia:] <<<< FigCustomURLHandling >>>> FigCustomURLHandlerCreate: newHandler: com.apple.avfoundation.authkeychain.0x600002c8f680 options: {
    "CURLHOption_OKToLogURLs" = 0;
}
2025-09-22 23:30:06.195 Df TimedancersMeditation[33623:29f42] [com.apple.coremedia:] <<<< FigCustomURLHandling >>>> curll_installHandler: 0x60000291c020: handler: 0x600002c8f680 priority: 800
2025-09-22 23:30:06.195 Db TimedancersMeditation[33623:29f1e] [com.apple.CFBundle:loading] dlfcn load framework CFBundle 0x600003b08620 </Library/Developer/CoreSimulator/Volumes/iOS_22E238/Library/Developer/CoreSimulator/Profiles/Runtimes/iOS 18.4.simruntime/Contents/Resources/RuntimeRoot/System/Library/AccessibilityBundles/RemoteUIFramework.axbundle> (framework, not loaded), dlopen of /Library/Developer/CoreSimulator/Volumes/iOS_22E238/Library/Developer/CoreSimulator/Profiles/Runtimes/iOS 18.4.simruntime/Contents/Resources/RuntimeRoot/System/Library/AccessibilityBundles/RemoteUIFramework.axbundle/RemoteUIFramework mode 0x109 returns handle 0x772faa1
2025-09-22 23:30:06.195 Db TimedancersMeditation[33623:29f42] [com.apple.defaults:User Defaults] found no value for key avplayeritem_trace in CFPrefsSearchListSource<0x600002c83500> (Domain: com.apple.avfoundation, Container: (null))
2025-09-22 23:30:06.195 Db TimedancersMeditation[33623:29f42] [com.apple.defaults:User Defaults] found no value for key avplayeritem_trace in CFPrefsSearchListSource<0x600002c83500> (Domain: com.apple.avfoundation, Container: (null))
2025-09-22 23:30:06.195 Db TimedancersMeditation[33623:29eee] [com.apple.defaults:User Defaults] found no value for key UIForceFluidParallaxEnabled in CFPrefsSearchListSource<0x600002c13400> (Domain: com.apple.UIKit, Container: (null))
2025-09-22 23:30:06.195 Db TimedancersMeditation[33623:29eee] [com.apple.defaults:User Defaults] found no value for key UIForceFluidParallaxEnabled in CFPrefsSearchListSource<0x600002c00300> (Domain: org.timedancers.meditation, Container: (null))
2025-09-22 23:30:06.195 Db TimedancersMeditation[33623:29f42] [com.apple.defaults:User Defaults] found no value for key timebase_trace in CFPrefsSearchListSource<0x600002c36900> (Domain: com.apple.coremedia, Container: (null))
2025-09-22 23:30:06.195 Db TimedancersMeditation[33623:29f42] [com.apple.defaults:User Defaults] found no value for key timebase_trace in CFPrefsSearchListSource<0x600002c36900> (Domain: com.apple.coremedia, Container: (null))
2025-09-22 23:30:06.195 Df TimedancersMeditation[33623:29f5c] [com.apple.UIKit:BackgroundTask] Ending background task with UIBackgroundTaskIdentifier: 2
2025-09-22 23:30:06.196 Df TimedancersMeditation[33623:29f5c] [com.apple.UIKit:BackgroundTask] Ending task with identifier 2 and description: <_UIBackgroundTaskInfo: 0x6000017f4900>: taskID = 2, taskName = Persistent SceneSession Map Update, creationTime = 3634 (elapsed = 0), _expireHandler: <__NSGlobalBlock__: 0x1e77e4f28>
2025-09-22 23:30:06.196 Db TimedancersMeditation[33623:29eee] [com.apple.defaults:User Defaults] found no value for key UIViewControllerContainersShouldForwardContentScrollView in CFPrefsSearchListSource<0x600002c00300> (Domain: org.timedancers.meditation, Container: (null))
2025-09-22 23:30:06.196 Df TimedancersMeditation[33623:29f5c] [com.apple.UIKit:BackgroundTask] Decrementing reference count for assertion <BKSProcessAssertion: 0x60000211f890> (used by background task with identifier 2: <_UIBackgroundTaskInfo: 0x6000017f4900>: taskID = 2, taskName = Persistent SceneSession Map Update, creationTime = 3634 (elapsed = 0))
2025-09-22 23:30:06.196 Db TimedancersMeditation[33623:29f1e] [com.apple.defaults:User Defaults] found no value for key UseNewAXBundleLoader in CFPrefsSearchListSource<0x600002c02200> (Domain: com.apple.Accessibility, Container: /Users/russellbrown/Library/Developer/CoreSimulator/Devices/A90F393D-72AC-4F90-BBE5-9C3B184A3157/data)
2025-09-22 23:30:06.196 Db TimedancersMeditation[33623:29eee] [com.apple.defaults:User Defaults] found no value for key AssistiveTouchScannerEnabled in CFPrefsSearchListSource<0x600002c04f00> (Domain: com.apple.Accessibility, Container: (null))
2025-09-22 23:30:06.196 Db TimedancersMeditation[33623:29eee] [com.apple.Accessibility:AXSupportCommon] CF Read: domain = com.apple.Accessibility, preference = AssistiveTouchScannerEnabled, appID = (null) result = (null) (-1 - empty, 0 - false, 1 - true)
2025-09-22 23:30:06.196 Db TimedancersMeditation[33623:29eee] [com.apple.defaults:User Defaults] found no value for key AssistiveTouchScannerEnabled in CFPrefsPlistSource<0x600002c05280> (Domain: com.apple.Accessibility, User: kCFPreferencesCurrentUser, ByHost: No, Container: /Users/russellbrown/Library/Developer/CoreSimulator/Devices/A90F393D-72AC-4F90-BBE5-9C3B184A3157/data, Contents Need Refresh: No)
2025-09-22 23:30:06.196 Df TimedancersMeditation[33623:29f5c] [com.apple.UIKit:BackgroundTask] Will invalidate assertion: <BKSProcessAssertion: 0x60000211f890> for task identifier: 2
2025-09-22 23:30:06.196 Db TimedancersMeditation[33623:29eee] [com.apple.defaults:User Defaults] found no value for key ForceLargeTitlesOn in CFPrefsSearchListSource<0x600002c13400> (Domain: com.apple.UIKit, Container: (null))
2025-09-22 23:30:06.196 Db TimedancersMeditation[33623:29f1e] [com.apple.defaults:User Defaults] found no value for key UseNewAXBundleLoader in CFPrefsSearchListSource<0x600002c04f00> (Domain: com.apple.Accessibility, Container: (null))
2025-09-22 23:30:06.197 Db TimedancersMeditation[33623:29f1e] [com.apple.CFBundle:loading] dlfcn check load bundle CFBundle 0x600003b0dc00 </Library/Developer/CoreSimulator/Volumes/iOS_22E238/Library/Developer/CoreSimulator/Profiles/Runtimes/iOS 18.4.simruntime/Contents/Resources/RuntimeRoot/System/Library/AccessibilityBundles/TemplateKit.axbundle> (not loaded), dlopen of /Library/Developer/CoreSimulator/Volumes/iOS_22E238/Library/Developer/CoreSimulator/Profiles/Runtimes/iOS 18.4.simruntime/Contents/Resources/RuntimeRoot/System/Library/AccessibilityBundles/TemplateKit.axbundle/TemplateKit mode 0x115 no handle
2025-09-22 23:30:06.197 Db TimedancersMeditation[33623:29eee] [com.apple.defaults:User Defaults] found no value for key NavigationBarBackButtonShowsContextMenu in CFPrefsSearchListSource<0x600002c13400> (Domain: com.apple.UIKit, Container: (null))
2025-09-22 23:30:06.197 Db TimedancersMeditation[33623:29eee] [com.apple.CFBundle:strings] Bundle: CFBundle 0x600003b0c540 </Library/Developer/CoreSimulator/Volumes/iOS_22E238/Library/Developer/CoreSimulator/Profiles/Runtimes/iOS 18.4.simruntime/Contents/Resources/RuntimeRoot/System/Library/PrivateFrameworks/UIKitCore.framework> (not loaded), key: CONTEXT_MENU_LOADING, value: Loading, table: Localizable, localizationNames: (null), result: Loading
