2025-09-22 23:24:01.118 Db TimedancersMeditation[28238:24314] [com.apple.network:connection] nw_endpoint_flow_attach_protocols [C3 Hostname#89059d03:8082 in_progress parent-flow (satisfied (Path is satisfied), interface: en0[802.11], expensive, uses wifi)] stopping after adding persistent application protocols
2025-09-22 23:24:01.118 Db TimedancersMeditation[28238:24314] [com.apple.network:connection] nw_endpoint_flow_setup_protocols [C3 Hostname#89059d03:8082 in_progress parent-flow (satisfied (Path is satisfied), interface: en0[802.11], expensive, uses wifi)] persistent protocol stack, starting
2025-09-22 23:24:01.118 Df TimedancersMeditation[28238:24314] [com.apple.network:connection] [C3 Hostname#89059d03:8082 in_progress parent-flow (satisfied (Path is satisfied), interface: en0[802.11], expensive, uses wifi)] event: flow:start_connect @0.002s
2025-09-22 23:24:01.118 Db TimedancersMeditation[28238:2431e] [com.apple.runningboard:message] PERF: [app<org.timedancers.meditation((null))>:28238] Received message from runningboardd: async_didChangeInheritances:completion:
2025-09-22 23:24:01.118 A  TimedancersMeditation[28238:2431e] (RunningBoardServices) didChangeInheritances
2025-09-22 23:24:01.118 Df TimedancersMeditation[28238:24314] [com.apple.network:connection] nw_connection_report_state_with_handler_on_nw_queue [C3] reporting state preparing
2025-09-22 23:24:01.118 Db TimedancersMeditation[28238:2431e] [com.apple.runningboard:connection] didChangeInheritances: <RBSInheritanceChangeSet| gained:{(
    <RBSInheritance| environment:UIScene:com.apple.frontboard.systemappservices/FBSceneManager:sceneID%3Aorg.timedancers.meditation-default name:com.apple.frontboard.visibility origID:23637-28219-1943 payload 8577887644472462007>
)} lost:(null)>
2025-09-22 23:24:01.118 I  TimedancersMeditation[28238:24314] [com.apple.network:connection] nw_endpoint_flow_connect [C3 Hostname#89059d03:8082 in_progress parent-flow (satisfied (Path is satisfied), interface: en0[802.11], expensive, uses wifi)] connect bottom protocol
2025-09-22 23:24:01.118 Db TimedancersMeditation[28238:24314] [com.apple.network:connection] nw_endpoint_flow_start_child [C3 Hostname#89059d03:8082 in_progress parent-flow (satisfied (Path is satisfied), interface: en0[802.11], expensive, uses wifi)] creating and starting child handler
2025-09-22 23:24:01.119 Db TimedancersMeditation[28238:24314] [com.apple.network:] nw_endpoint_proxy_handler_should_use_proxy Looking up proxy for hostname: localhost, ifindex: 0
2025-09-22 23:24:01.119 Db TimedancersMeditation[28238:24314] [com.apple.SystemConfiguration:SCPreferences] create <SCPreferences 0x107816fa0 [0x1e6ebb4f0]> {name = SCDynamicStoreCopyProxiesWithOptions, id = /Library/Managed Preferences/mobile/com.apple.SystemConfiguration.plist, path = /Library/Managed Preferences/mobile/com.apple.SystemConfiguration.plist}
2025-09-22 23:24:01.119 Db TimedancersMeditation[28238:24314] [com.apple.SystemConfiguration:SCPreferences] SCPreferences() access: /Library/Managed Preferences/mobile/com.apple.SystemConfiguration.plist, size=0
2025-09-22 23:24:01.119 Df TimedancersMeditation[28238:242e1] [com.apple.UIKit:AppLifecycle] sceneOfRecord: sceneID: sceneID:org.timedancers.meditation-default  persistentID: DA55323F-A1AF-40A6-A9EF-1156DEE75376
2025-09-22 23:24:01.119 Db TimedancersMeditation[28238:24314] [com.apple.SystemConfiguration:SCPreferences] release <SCPreferences 0x107816fa0 [0x1e6ebb4f0]> {name = SCDynamicStoreCopyProxiesWithOptions, id = /Library/Managed Preferences/mobile/com.apple.SystemConfiguration.plist, path = /Library/Managed Preferences/mobile/com.apple.SystemConfiguration.plist, accessed}
2025-09-22 23:24:01.119 Db TimedancersMeditation[28238:242e1] [com.apple.BacklightServices:scenes] 0x600000c448d0 environment updated:sceneID:org.timedancers.meditation-default
  delta:{ visualState:0 date:0 active:0 seed:0 }
  diff:<FBSSceneSettingsDiff: 0x60000172af00; UIApplicationSceneSettings> {
    subclassSettings = <BSSettingsDiff: 0x600000ce6a30> {
        scenePresenterRenderIdentifierForSnapshotting = 72e9d89f6e204135;
        hostContextIdentifierForSnapshotting = 3fcda606;
    };
}
  new:(null) (null)
  old:(null) (null)
  new:(null)
2025-09-22 23:24:01.119 Db TimedancersMeditation[28238:242e1] [com.apple.BaseBoard:Common] [BSBlockSentinel:FBSScene] signaled! 1 of 2
2025-09-22 23:24:01.119 Df TimedancersMeditation[28238:24314] [com.apple.network:connection] [C3 Hostname#89059d03:8082 in_progress parent-flow (satisfied (Path is satisfied), interface: en0[802.11], expensive, uses wifi)] event: flow:start_child @0.003s
2025-09-22 23:24:01.120 I  TimedancersMeditation[28238:24314] [com.apple.network:connection] nw_endpoint_handler_start [C3.1 Hostname#89059d03:8082 initial path ((null))]
2025-09-22 23:24:01.120 Df TimedancersMeditation[28238:242e1] [com.apple.UIKit:AppLifecycle] sceneOfRecord: sceneID: sceneID:org.timedancers.meditation-default  persistentID: DA55323F-A1AF-40A6-A9EF-1156DEE75376
2025-09-22 23:24:01.120 Db TimedancersMeditation[28238:24314] [com.apple.network:connection] nw_endpoint_flow_receive_report [C3 Hostname#89059d03:8082 in_progress parent-flow (satisfied (Path is satisfied), interface: en0[802.11], expensive, uses wifi)] received child report: [C3.1 Hostname#89059d03:8082 initial path ((null))]
2025-09-22 23:24:01.120 Db TimedancersMeditation[28238:242e1] [com.apple.BacklightServices:scenes] 0x600000c448d0 environment updated:sceneID:org.timedancers.meditation-default
  delta:{ visualState:0 date:0 active:0 seed:0 }
  diff:<FBSSceneSettingsDiff: 0x600001806140; UIApplicationSceneSettings> {
    settings = <BSKeyedSettingsDiff: 0x600000c6ec70> {
        _UISceneRenderingEnvironmentSettings = <BSKeyedSettingsDiff: 0x600000c6ed60> {
            systemDisplayIdentifier = C25759FF-EAE8-4589-954A-89050FFC3820;
        };
        _UISystemShellSceneHostingEnvironmentSettings = <BSKeyedSettingsDiff: 0x600000c6ebe0> {
            systemShellHostingSpaceIdentifier = SB-display-<embedded>;
        };
    };
}
  new:(null) (null)
  old:(null) (null)
  new:(null)
2025-09-22 23:24:01.120 Db TimedancersMeditation[28238:242e1] [com.apple.BaseBoard:Common] [BSBlockSentinel:FBSScene] signaled! 1 of 2
2025-09-22 23:24:01.120 Df TimedancersMeditation[28238:24314] [com.apple.network:connection] [C3.1 Hostname#89059d03:8082 initial path ((null))] event: path:start @0.004s
2025-09-22 23:24:01.120 Db TimedancersMeditation[28238:24314] [com.apple.network:connection] nw_endpoint_handler_path_change [C3.1 Hostname#89059d03:8082 waiting path (satisfied (Path is satisfied), interface: en0[802.11], expensive, uses wifi)]
2025-09-22 23:24:01.120 Db TimedancersMeditation[28238:24314] [com.apple.networkextension:] ne_tracker_check_is_hostname_blocked() proceeding with the in_the_app check for hostname: localhost
2025-09-22 23:24:01.120 Db TimedancersMeditation[28238:24314] [com.apple.CFBundle:resources] Resource lookup at CFBundle 0x600003b081c0 </Users/russellbrown/Library/Developer/CoreSimulator/Devices/A90F393D-72AC-4F90-BBE5-9C3B184A3157/data/Containers/Bundle/Application/10B363D7-ADB7-42DA-8098-63DCD30F7BA7/TimedancersMeditation.app> (executable, loaded)
	Request       : InfoPlist type: strings
	Result        : None
2025-09-22 23:24:01.120 Db TimedancersMeditation[28238:24314] [com.apple.CFBundle:resources] Resource lookup at CFBundle 0x600003b081c0 </Users/russellbrown/Library/Developer/CoreSimulator/Devices/A90F393D-72AC-4F90-BBE5-9C3B184A3157/data/Containers/Bundle/Application/10B363D7-ADB7-42DA-8098-63DCD30F7BA7/TimedancersMeditation.app> (executable, loaded)
	Request       : InfoPlist type: stringsdict
	Result        : None
2025-09-22 23:24:01.120 Db TimedancersMeditation[28238:24314] [com.apple.networkextension:] ne_tracker_check_is_hostname_blocked(): hostname localhost is not a tracker. Returning: ne_tracker_status_none
2025-09-22 23:24:01.120 Db TimedancersMeditation[28238:24314] [com.apple.network:connection] nw_endpoint_flow_receive_report [C3 Hostname#89059d03:8082 in_progress parent-flow (satisfied (Path is satisfied), interface: en0[802.11], expensive, uses wifi)] received child report: [C3.1 Hostname#89059d03:8082 waiting path (satisfied (Path is satisfied), interface: en0[802.11], expensive, uses wifi)]
2025-09-22 23:24:01.120 Df TimedancersMeditation[28238:24314] [com.apple.network:connection] [C3.1 Hostname#89059d03:8082 waiting path (satisfied (Path is satisfied), interface: en0[802.11], expensive, uses wifi)] event: path:satisfied @0.004s, uuid: C28212CF-566A-4CFB-A474-13B7FCBF84F8
2025-09-22 23:24:01.120 Db TimedancersMeditation[28238:24314] [com.apple.network:] nw_endpoint_proxy_handler_should_use_proxy Looking up proxy for hostname: localhost, ifindex: 0
2025-09-22 23:24:01.120 Db TimedancersMeditation[28238:24314] [com.apple.SystemConfiguration:SCPreferences] create <SCPreferences 0x102b3edb0 [0x1e6ebb4f0]> {name = SCDynamicStoreCopyProxiesWithOptions, id = /Library/Managed Preferences/mobile/com.apple.SystemConfiguration.plist, path = /Library/Managed Preferences/mobile/com.apple.SystemConfiguration.plist}
2025-09-22 23:24:01.120 Db TimedancersMeditation[28238:24314] [com.apple.SystemConfiguration:SCPreferences] SCPreferences() access: /Library/Managed Preferences/mobile/com.apple.SystemConfiguration.plist, size=0
2025-09-22 23:24:01.120 Db TimedancersMeditation[28238:24314] [com.apple.SystemConfiguration:SCPreferences] release <SCPreferences 0x102b3edb0 [0x1e6ebb4f0]> {name = SCDynamicStoreCopyProxiesWithOptions, id = /Library/Managed Preferences/mobile/com.apple.SystemConfiguration.plist, path = /Library/Managed Preferences/mobile/com.apple.SystemConfiguration.plist, accessed}
2025-09-22 23:24:01.120 Db TimedancersMeditation[28238:24314] [com.apple.network:connection] -[NWConcrete_nw_endpoint_resolver startWithHandler:] [C3.1 Hostname#89059d03:8082 waiting resolver (satisfied (Path is satisfied), interface: en0[802.11], expensive, uses wifi)]
2025-09-22 23:24:01.120 Db TimedancersMeditation[28238:24314] [com.apple.network:connection] nw_endpoint_flow_receive_report [C3 Hostname#89059d03:8082 in_progress parent-flow (satisfied (Path is satisfied), interface: en0[802.11], expensive, uses wifi)] received child report: [C3.1 Hostname#89059d03:8082 in_progress resolver (satisfied (Path is satisfied), interface: en0[802.11], expensive, uses wifi)]
2025-09-22 23:24:01.120 Df TimedancersMeditation[28238:24314] [com.apple.network:connection] [C3.1 Hostname#89059d03:8082 in_progress resolver (satisfied (Path is satisfied), interface: en0[802.11], expensive, uses wifi)] event: resolver:start_dns @0.004s
2025-09-22 23:24:01.121 Db TimedancersMeditation[28238:24314] [com.apple.networkextension:] ne_tracker_check_is_hostname_blocked() proceeding with the in_the_app check for hostname: localhost
2025-09-22 23:24:01.121 Db TimedancersMeditation[28238:24314] [com.apple.CFBundle:resources] Resource lookup at CFBundle 0x600003b081c0 </Users/russellbrown/Library/Developer/CoreSimulator/Devices/A90F393D-72AC-4F90-BBE5-9C3B184A3157/data/Containers/Bundle/Application/10B363D7-ADB7-42DA-8098-63DCD30F7BA7/TimedancersMeditation.app> (executable, loaded)
	Request       : InfoPlist type: strings
	Result        : None
2025-09-22 23:24:01.121 Db TimedancersMeditation[28238:24314] [com.apple.CFBundle:resources] Resource lookup at CFBundle 0x600003b081c0 </Users/russellbrown/Library/Developer/CoreSimulator/Devices/A90F393D-72AC-4F90-BBE5-9C3B184A3157/data/Containers/Bundle/Application/10B363D7-ADB7-42DA-8098-63DCD30F7BA7/TimedancersMeditation.app> (executable, loaded)
	Request       : InfoPlist type: stringsdict
	Result        : None
2025-09-22 23:24:01.121 Db TimedancersMeditation[28238:24314] [com.apple.networkextension:] ne_tracker_check_is_hostname_blocked(): hostname localhost is not a tracker. Returning: ne_tracker_status_none
2025-09-22 23:24:01.121 I  TimedancersMeditation[28238:24314] [com.apple.network:connection] nw_resolver_create_dns_service_locked [C3.1] Starting host resolution Hostname#89059d03:8082, flags 0xc000d000 proto 0
2025-09-22 23:24:01.121 Df TimedancersMeditation[28238:24314] [com.apple.CFNetwork:Default] Task <4910A94D-285D-48FA-8AC0-AB436B880105>.<2> setting up Connection 3
2025-09-22 23:24:01.121 Db TimedancersMeditation[28238:24314] [com.apple.network:activity] Returning should log: 0 for activity cfnetwork:foreground_task
2025-09-22 23:24:01.121 I  TimedancersMeditation[28238:24314] [com.apple.network:connection] nw_connection_create_with_id [C4] create connection to Hostname#89059d03:8081
2025-09-22 23:24:01.121 Df TimedancersMeditation[28238:24314] [com.apple.CFNetwork:Default] Connection 4: starting, TC(0x0)
2025-09-22 23:24:01.121 Df TimedancersMeditation[28238:24314] [com.apple.network:connection] [C4 74D17FDB-4ACD-4E25-B9EA-73F5C9F50DA1 Hostname#89059d03:8081 tcp, url: http://localhost:8081/status, definite, attribution: developer, context: com.apple.CFNetwork.NSURLSession.{509BE553-87CA-4552-A27C-24974D754E8F}{(null)}{Y}{2}{0x0} (private), proc: A3E2F401-DEA3-304B-AA25-D962D687F5D0] start
2025-09-22 23:24:01.121 I  TimedancersMeditation[28238:24314] [com.apple.network:connection] nw_endpoint_handler_start [C4 Hostname#89059d03:8081 initial parent-flow ((null))]
2025-09-22 23:24:01.121 Df TimedancersMeditation[28238:24314] [com.apple.network:connection] [C4 Hostname#89059d03:8081 initial parent-flow ((null))] event: path:start @0.000s
2025-09-22 23:24:01.121 Db TimedancersMeditation[28238:24314] [com.apple.network:connection] nw_endpoint_handler_path_change [C4 Hostname#89059d03:8081 waiting parent-flow (satisfied (Path is satisfied), interface: en0[802.11], expensive, uses wifi)]
2025-09-22 23:24:01.121 Db TimedancersMeditation[28238:24314] [com.apple.networkextension:] ne_tracker_check_is_hostname_blocked() proceeding with the in_the_app check for hostname: localhost
2025-09-22 23:24:01.121 Db TimedancersMeditation[28238:24314] [com.apple.CFBundle:resources] Resource lookup at CFBundle 0x600003b081c0 </Users/russellbrown/Library/Developer/CoreSimulator/Devices/A90F393D-72AC-4F90-BBE5-9C3B184A3157/data/Containers/Bundle/Application/10B363D7-ADB7-42DA-8098-63DCD30F7BA7/TimedancersMeditation.app> (executable, loaded)
	Request       : InfoPlist type: strings
	Result        : None
2025-09-22 23:24:01.121 Db TimedancersMeditation[28238:24314] [com.apple.CFBundle:resources] Resource lookup at CFBundle 0x600003b081c0 </Users/russellbrown/Library/Developer/CoreSimulator/Devices/A90F393D-72AC-4F90-BBE5-9C3B184A3157/data/Containers/Bundle/Application/10B363D7-ADB7-42DA-8098-63DCD30F7BA7/TimedancersMeditation.app> (executable, loaded)
	Request       : InfoPlist type: stringsdict
	Result        : None
2025-09-22 23:24:01.121 Db TimedancersMeditation[28238:24314] [com.apple.networkextension:] ne_tracker_check_is_hostname_blocked(): hostname localhost is not a tracker. Returning: ne_tracker_status_none
2025-09-22 23:24:01.121 Df TimedancersMeditation[28238:24314] [com.apple.network:connection] [C4 Hostname#89059d03:8081 waiting parent-flow (satisfied (Path is satisfied), interface: en0[802.11], expensive, uses wifi)] event: path:satisfied @0.000s, uuid: 390F0855-6A47-4124-B1EA-DC28B516263D
2025-09-22 23:24:01.121 I  TimedancersMeditation[28238:24314] [com.apple.network:connection] nw_connection_endpoint_report_on_nw_queue_block_invoke [C4 Hostname#89059d03:8081 waiting parent-flow (satisfied (Path is satisfied), interface: en0[802.11], expensive, uses wifi)] skipping state update
2025-09-22 23:24:01.121 Db TimedancersMeditation[28238:24314] [com.apple.network:] nw_endpoint_proxy_handler_should_use_proxy Looking up proxy for hostname: localhost, ifindex: 0
2025-09-22 23:24:01.121 Db TimedancersMeditation[28238:24314] [com.apple.SystemConfiguration:SCPreferences] create <SCPreferences 0x107813f40 [0x1e6ebb4f0]> {name = SCDynamicStoreCopyProxiesWithOptions, id = /Library/Managed Preferences/mobile/com.apple.SystemConfiguration.plist, path = /Library/Managed Preferences/mobile/com.apple.SystemConfiguration.plist}
2025-09-22 23:24:01.121 Db TimedancersMeditation[28238:24314] [com.apple.SystemConfiguration:SCPreferences] SCPreferences() access: /Library/Managed Preferences/mobile/com.apple.SystemConfiguration.plist, size=0
2025-09-22 23:24:01.121 Db TimedancersMeditation[28238:24314] [com.apple.SystemConfiguration:SCPreferences] release <SCPreferences 0x107813f40 [0x1e6ebb4f0]> {name = SCDynamicStoreCopyProxiesWithOptions, id = /Library/Managed Preferences/mobile/com.apple.SystemConfiguration.plist, path = /Library/Managed Preferences/mobile/com.apple.SystemConfiguration.plist, accessed}
2025-09-22 23:24:01.121 Db TimedancersMeditation[28238:24314] [com.apple.network:connection] nw_endpoint_flow_attach_protocols [C4 Hostname#89059d03:8081 in_progress parent-flow (satisfied (Path is satisfied), interface: en0[802.11], expensive, uses wifi)]
2025-09-22 23:24:01.121 Db TimedancersMeditation[28238:24314] [com.apple.network:connection] nw_endpoint_flow_attach_protocols [C4 Hostname#89059d03:8081 in_progress parent-flow (satisfied (Path is satisfied), interface: en0[802.11], expensive, uses wifi)] stopping after adding persistent application protocols
2025-09-22 23:24:01.121 Db TimedancersMeditation[28238:24314] [com.apple.network:connection] nw_endpoint_flow_setup_protocols [C4 Hostname#89059d03:8081 in_progress parent-flow (satisfied (Path is satisfied), interface: en0[802.11], expensive, uses wifi)] persistent protocol stack, starting
2025-09-22 23:24:01.121 Df TimedancersMeditation[28238:24314] [com.apple.network:connection] [C4 Hostname#89059d03:8081 in_progress parent-flow (satisfied (Path is satisfied), interface: en0[802.11], expensive, uses wifi)] event: flow:start_connect @0.000s
2025-09-22 23:24:01.121 Df TimedancersMeditation[28238:24314] [com.apple.network:connection] nw_connection_report_state_with_handler_on_nw_queue [C4] reporting state preparing
2025-09-22 23:24:01.121 I  TimedancersMeditation[28238:24314] [com.apple.network:connection] nw_endpoint_flow_connect [C4 Hostname#89059d03:8081 in_progress parent-flow (satisfied (Path is satisfied), interface: en0[802.11], expensive, uses wifi)] connect bottom protocol
2025-09-22 23:24:01.121 Db TimedancersMeditation[28238:24314] [com.apple.network:connection] nw_endpoint_flow_start_child [C4 Hostname#89059d03:8081 in_progress parent-flow (satisfied (Path is satisfied), interface: en0[802.11], expensive, uses wifi)] creating and starting child handler
2025-09-22 23:24:01.121 Db TimedancersMeditation[28238:24314] [com.apple.network:] nw_endpoint_proxy_handler_should_use_proxy Looking up proxy for hostname: localhost, ifindex: 0
2025-09-22 23:24:01.121 Db TimedancersMeditation[28238:24314] [com.apple.SystemConfiguration:SCPreferences] create <SCPreferences 0x106f25a80 [0x1e6ebb4f0]> {name = SCDynamicStoreCopyProxiesWithOptions, id = /Library/Managed Preferences/mobile/com.apple.SystemConfiguration.plist, path = /Library/Managed Preferences/mobile/com.apple.SystemConfiguration.plist}
2025-09-22 23:24:01.121 Db TimedancersMeditation[28238:24314] [com.apple.SystemConfiguration:SCPreferences] SCPreferences() access: /Library/Managed Preferences/mobile/com.apple.SystemConfiguration.plist, size=0
2025-09-22 23:24:01.121 Db TimedancersMeditation[28238:24314] [com.apple.SystemConfiguration:SCPreferences] release <SCPreferences 0x106f25a80 [0x1e6ebb4f0]> {name = SCDynamicStoreCopyProxiesWithOptions, id = /Library/Managed Preferences/mobile/com.apple.SystemConfiguration.plist, path = /Library/Managed Preferences/mobile/com.apple.SystemConfiguration.plist, accessed}
2025-09-22 23:24:01.121 Df TimedancersMeditation[28238:24314] [com.apple.network:connection] [C4 Hostname#89059d03:8081 in_progress parent-flow (satisfied (Path is satisfied), interface: en0[802.11], expensive, uses wifi)] event: flow:start_child @0.000s
2025-09-22 23:24:01.121 I  TimedancersMeditation[28238:24314] [com.apple.network:connection] nw_endpoint_handler_start [C4.1 Hostname#89059d03:8081 initial path ((null))]
2025-09-22 23:24:01.122 Db TimedancersMeditation[28238:24314] [com.apple.network:connection] nw_endpoint_flow_receive_report [C4 Hostname#89059d03:8081 in_progress parent-flow (satisfied (Path is satisfied), interface: en0[802.11], expensive, uses wifi)] received child report: [C4.1 Hostname#89059d03:8081 initial path ((null))]
2025-09-22 23:24:01.122 Df TimedancersMeditation[28238:24314] [com.apple.network:connection] [C4.1 Hostname#89059d03:8081 initial path ((null))] event: path:start @0.000s
2025-09-22 23:24:01.122 Db TimedancersMeditation[28238:24314] [com.apple.network:connection] nw_endpoint_handler_path_change [C4.1 Hostname#89059d03:8081 waiting path (satisfied (Path is satisfied), interface: en0[802.11], expensive, uses wifi)]
2025-09-22 23:24:01.122 Db TimedancersMeditation[28238:24314] [com.apple.networkextension:] ne_tracker_check_is_hostname_blocked() proceeding with the in_the_app check for hostname: localhost
2025-09-22 23:24:01.122 Db TimedancersMeditation[28238:24314] [com.apple.CFBundle:resources] Resource lookup at CFBundle 0x600003b081c0 </Users/russellbrown/Library/Developer/CoreSimulator/Devices/A90F393D-72AC-4F90-BBE5-9C3B184A3157/data/Containers/Bundle/Application/10B363D7-ADB7-42DA-8098-63DCD30F7BA7/TimedancersMeditation.app> (executable, loaded)
	Request       : InfoPlist type: strings
	Result        : None
2025-09-22 23:24:01.122 Db TimedancersMeditation[28238:24314] [com.apple.CFBundle:resources] Resource lookup at CFBundle 0x600003b081c0 </Users/russellbrown/Library/Developer/CoreSimulator/Devices/A90F393D-72AC-4F90-BBE5-9C3B184A3157/data/Containers/Bundle/Application/10B363D7-ADB7-42DA-8098-63DCD30F7BA7/TimedancersMeditation.app> (executable, loaded)
	Request       : InfoPlist type: stringsdict
	Result        : None
2025-09-22 23:24:01.122 Db TimedancersMeditation[28238:24314] [com.apple.networkextension:] ne_tracker_check_is_hostname_blocked(): hostname localhost is not a tracker. Returning: ne_tracker_status_none
2025-09-22 23:24:01.122 Db TimedancersMeditation[28238:24314] [com.apple.network:connection] nw_endpoint_flow_receive_report [C4 Hostname#89059d03:8081 in_progress parent-flow (satisfied (Path is satisfied), interface: en0[802.11], expensive, uses wifi)] received child report: [C4.1 Hostname#89059d03:8081 waiting path (satisfied (Path is satisfied), interface: en0[802.11], expensive, uses wifi)]
2025-09-22 23:24:01.122 Df TimedancersMeditation[28238:24314] [com.apple.network:connection] [C4.1 Hostname#89059d03:8081 waiting path (satisfied (Path is satisfied), interface: en0[802.11], expensive, uses wifi)] event: path:satisfied @0.000s, uuid: 390F0855-6A47-4124-B1EA-DC28B516263D
2025-09-22 23:24:01.122 Db TimedancersMeditation[28238:24314] [com.apple.network:] nw_endpoint_proxy_handler_should_use_proxy Looking up proxy for hostname: localhost, ifindex: 0
2025-09-22 23:24:01.122 Db TimedancersMeditation[28238:24314] [com.apple.SystemConfiguration:SCPreferences] create <SCPreferences 0x102b3edb0 [0x1e6ebb4f0]> {name = SCDynamicStoreCopyProxiesWithOptions, id = /Library/Managed Preferences/mobile/com.apple.SystemConfiguration.plist, path = /Library/Managed Preferences/mobile/com.apple.SystemConfiguration.plist}
2025-09-22 23:24:01.122 Db TimedancersMeditation[28238:24314] [com.apple.SystemConfiguration:SCPreferences] SCPreferences() access: /Library/Managed Preferences/mobile/com.apple.SystemConfiguration.plist, size=0
2025-09-22 23:24:01.122 Db TimedancersMeditation[28238:24314] [com.apple.SystemConfiguration:SCPreferences] release <SCPreferences 0x102b3edb0 [0x1e6ebb4f0]> {name = SCDynamicStoreCopyProxiesWithOptions, id = /Library/Managed Preferences/mobile/com.apple.SystemConfiguration.plist, path = /Library/Managed Preferences/mobile/com.apple.SystemConfiguration.plist, accessed}
2025-09-22 23:24:01.122 Db TimedancersMeditation[28238:24314] [com.apple.network:connection] -[NWConcrete_nw_endpoint_resolver startWithHandler:] [C4.1 Hostname#89059d03:8081 waiting resolver (satisfied (Path is satisfied), interface: en0[802.11], expensive, uses wifi)]
2025-09-22 23:24:01.122 Db TimedancersMeditation[28238:24314] [com.apple.network:connection] nw_endpoint_flow_receive_report [C4 Hostname#89059d03:8081 in_progress parent-flow (satisfied (Path is satisfied), interface: en0[802.11], expensive, uses wifi)] received child report: [C4.1 Hostname#89059d03:8081 in_progress resolver (satisfied (Path is satisfied), interface: en0[802.11], expensive, uses wifi)]
2025-09-22 23:24:01.122 Df TimedancersMeditation[28238:24314] [com.apple.network:connection] [C4.1 Hostname#89059d03:8081 in_progress resolver (satisfied (Path is satisfied), interface: en0[802.11], expensive, uses wifi)] event: resolver:start_dns @0.000s
2025-09-22 23:24:01.122 Db TimedancersMeditation[28238:24314] [com.apple.networkextension:] ne_tracker_check_is_hostname_blocked() proceeding with the in_the_app check for hostname: localhost
2025-09-22 23:24:01.122 Db TimedancersMeditation[28238:24314] [com.apple.CFBundle:resources] Resource lookup at CFBundle 0x600003b081c0 </Users/russellbrown/Library/Developer/CoreSimulator/Devices/A90F393D-72AC-4F90-BBE5-9C3B184A3157/data/Containers/Bundle/Application/10B363D7-ADB7-42DA-8098-63DCD30F7BA7/TimedancersMeditation.app> (executable, loaded)
	Request       : InfoPlist type: strings
	Result        : None
2025-09-22 23:24:01.122 Db TimedancersMeditation[28238:24314] [com.apple.CFBundle:resources] Resource lookup at CFBundle 0x600003b081c0 </Users/russellbrown/Library/Developer/CoreSimulator/Devices/A90F393D-72AC-4F90-BBE5-9C3B184A3157/data/Containers/Bundle/Application/10B363D7-ADB7-42DA-8098-63DCD30F7BA7/TimedancersMeditation.app> (executable, loaded)
	Request       : InfoPlist type: stringsdict
	Result        : None
2025-09-22 23:24:01.122 Db TimedancersMeditation[28238:24314] [com.apple.networkextension:] ne_tracker_check_is_hostname_blocked(): hostname localhost is not a tracker. Returning: ne_tracker_status_none
2025-09-22 23:24:01.122 I  TimedancersMeditation[28238:24314] [com.apple.network:connection] nw_resolver_create_dns_service_locked [C4.1] Starting host resolution Hostname#89059d03:8081, flags 0xc000d000 proto 0
2025-09-22 23:24:01.122 Df TimedancersMeditation[28238:24314] [com.apple.CFNetwork:Default] Task <1D23AFCF-70E0-4330-B466-F7D7571B4C9E>.<3> setting up Connection 4
2025-09-22 23:24:01.122 Db TimedancersMeditation[28238:24314] [com.apple.network:activity] Returning should log: 0 for activity cfnetwork:foreground_task
2025-09-22 23:24:01.122 I  TimedancersMeditation[28238:24314] [com.apple.network:connection] nw_connection_create_with_id [C5] create connection to Hostname#89059d03:19000
2025-09-22 23:24:01.122 Df TimedancersMeditation[28238:24314] [com.apple.CFNetwork:Default] Connection 5: starting, TC(0x0)
2025-09-22 23:24:01.122 Df TimedancersMeditation[28238:24314] [com.apple.network:connection] [C5 BA3F1A64-544D-48A1-926B-3148CECDB533 Hostname#89059d03:19000 tcp, url: http://localhost:19000/status, definite, attribution: developer, context: com.apple.CFNetwork.NSURLSession.{509BE553-87CA-4552-A27C-24974D754E8F}{(null)}{Y}{2}{0x0} (private), proc: A3E2F401-DEA3-304B-AA25-D962D687F5D0] start
2025-09-22 23:24:01.122 I  TimedancersMeditation[28238:24314] [com.apple.network:connection] nw_endpoint_handler_start [C5 Hostname#89059d03:19000 initial parent-flow ((null))]
2025-09-22 23:24:01.122 Df TimedancersMeditation[28238:24314] [com.apple.network:connection] [C5 Hostname#89059d03:19000 initial parent-flow ((null))] event: path:start @0.000s
2025-09-22 23:24:01.122 Db TimedancersMeditation[28238:24314] [com.apple.network:connection] nw_endpoint_handler_path_change [C5 Hostname#89059d03:19000 waiting parent-flow (satisfied (Path is satisfied), interface: en0[802.11], expensive, uses wifi)]
2025-09-22 23:24:01.122 Db TimedancersMeditation[28238:24314] [com.apple.networkextension:] ne_tracker_check_is_hostname_blocked() proceeding with the in_the_app check for hostname: localhost
2025-09-22 23:24:01.122 Db TimedancersMeditation[28238:24314] [com.apple.CFBundle:resources] Resource lookup at CFBundle 0x600003b081c0 </Users/russellbrown/Library/Developer/CoreSimulator/Devices/A90F393D-72AC-4F90-BBE5-9C3B184A3157/data/Containers/Bundle/Application/10B363D7-ADB7-42DA-8098-63DCD30F7BA7/TimedancersMeditation.app> (executable, loaded)
	Request       : InfoPlist type: strings
	Result        : None
2025-09-22 23:24:01.122 Db TimedancersMeditation[28238:24314] [com.apple.CFBundle:resources] Resource lookup at CFBundle 0x600003b081c0 </Users/russellbrown/Library/Developer/CoreSimulator/Devices/A90F393D-72AC-4F90-BBE5-9C3B184A3157/data/Containers/Bundle/Application/10B363D7-ADB7-42DA-8098-63DCD30F7BA7/TimedancersMeditation.app> (executable, loaded)
	Request       : InfoPlist type: stringsdict
	Result        : None
2025-09-22 23:24:01.122 Db TimedancersMeditation[28238:24314] [com.apple.networkextension:] ne_tracker_check_is_hostname_blocked(): hostname localhost is not a tracker. Returning: ne_tracker_status_none
2025-09-22 23:24:01.122 Df TimedancersMeditation[28238:24314] [com.apple.network:connection] [C5 Hostname#89059d03:19000 waiting parent-flow (satisfied (Path is satisfied), interface: en0[802.11], expensive, uses wifi)] event: path:satisfied @0.000s, uuid: 10DD732D-AC42-44E7-A21A-B5FD8E635A64
2025-09-22 23:24:01.122 I  TimedancersMeditation[28238:24314] [com.apple.network:connection] nw_connection_endpoint_report_on_nw_queue_block_invoke [C5 Hostname#89059d03:19000 waiting parent-flow (satisfied (Path is satisfied), interface: en0[802.11], expensive, uses wifi)] skipping state update
2025-09-22 23:24:01.122 Db TimedancersMeditation[28238:24314] [com.apple.network:] nw_endpoint_proxy_handler_should_use_proxy Looking up proxy for hostname: localhost, ifindex: 0
2025-09-22 23:24:01.122 Db TimedancersMeditation[28238:24314] [com.apple.SystemConfiguration:SCPreferences] create <SCPreferences 0x102b43700 [0x1e6ebb4f0]> {name = SCDynamicStoreCopyProxiesWithOptions, id = /Library/Managed Preferences/mobile/com.apple.SystemConfiguration.plist, path = /Library/Managed Preferences/mobile/com.apple.SystemConfiguration.plist}
2025-09-22 23:24:01.122 Db TimedancersMeditation[28238:24314] [com.apple.SystemConfiguration:SCPreferences] SCPreferences() access: /Library/Managed Preferences/mobile/com.apple.SystemConfiguration.plist, size=0
2025-09-22 23:24:01.122 Db TimedancersMeditation[28238:24314] [com.apple.SystemConfiguration:SCPreferences] release <SCPreferences 0x102b43700 [0x1e6ebb4f0]> {name = SCDynamicStoreCopyProxiesWithOptions, id = /Library/Managed Preferences/mobile/com.apple.SystemConfiguration.plist, path = /Library/Managed Preferences/mobile/com.apple.SystemConfiguration.plist, accessed}
2025-09-22 23:24:01.122 Db TimedancersMeditation[28238:24314] [com.apple.network:connection] nw_endpoint_flow_attach_protocols [C5 Hostname#89059d03:19000 in_progress parent-flow (satisfied (Path is satisfied), interface: en0[802.11], expensive, uses wifi)]
2025-09-22 23:24:01.122 Db TimedancersMeditation[28238:24314] [com.apple.network:connection] nw_endpoint_flow_attach_protocols [C5 Hostname#89059d03:19000 in_progress parent-flow (satisfied (Path is satisfied), interface: en0[802.11], expensive, uses wifi)] stopping after adding persistent application protocols
2025-09-22 23:24:01.122 Db TimedancersMeditation[28238:24314] [com.apple.network:connection] nw_endpoint_flow_setup_protocols [C5 Hostname#89059d03:19000 in_progress parent-flow (satisfied (Path is satisfied), interface: en0[802.11], expensive, uses wifi)] persistent protocol stack, starting
2025-09-22 23:24:01.122 Df TimedancersMeditation[28238:24314] [com.apple.network:connection] [C5 Hostname#89059d03:19000 in_progress parent-flow (satisfied (Path is satisfied), interface: en0[802.11], expensive, uses wifi)] event: flow:start_connect @0.000s
2025-09-22 23:24:01.122 Df TimedancersMeditation[28238:24314] [com.apple.network:connection] nw_connection_report_state_with_handler_on_nw_queue [C5] reporting state preparing
2025-09-22 23:24:01.123 I  TimedancersMeditation[28238:24314] [com.apple.network:connection] nw_endpoint_flow_connect [C5 Hostname#89059d03:19000 in_progress parent-flow (satisfied (Path is satisfied), interface: en0[802.11], expensive, uses wifi)] connect bottom protocol
2025-09-22 23:24:01.123 Db TimedancersMeditation[28238:24314] [com.apple.network:connection] nw_endpoint_flow_start_child [C5 Hostname#89059d03:19000 in_progress parent-flow (satisfied (Path is satisfied), interface: en0[802.11], expensive, uses wifi)] creating and starting child handler
2025-09-22 23:24:01.123 Db TimedancersMeditation[28238:24314] [com.apple.network:] nw_endpoint_proxy_handler_should_use_proxy Looking up proxy for hostname: localhost, ifindex: 0
2025-09-22 23:24:01.123 Db TimedancersMeditation[28238:24314] [com.apple.SystemConfiguration:SCPreferences] create <SCPreferences 0x106f24f00 [0x1e6ebb4f0]> {name = SCDynamicStoreCopyProxiesWithOptions, id = /Library/Managed Preferences/mobile/com.apple.SystemConfiguration.plist, path = /Library/Managed Preferences/mobile/com.apple.SystemConfiguration.plist}
2025-09-22 23:24:01.123 Db TimedancersMeditation[28238:24314] [com.apple.SystemConfiguration:SCPreferences] SCPreferences() access: /Library/Managed Preferences/mobile/com.apple.SystemConfiguration.plist, size=0
2025-09-22 23:24:01.123 Db TimedancersMeditation[28238:24314] [com.apple.SystemConfiguration:SCPreferences] release <SCPreferences 0x106f24f00 [0x1e6ebb4f0]> {name = SCDynamicStoreCopyProxiesWithOptions, id = /Library/Managed Preferences/mobile/com.apple.SystemConfiguration.plist, path = /Library/Managed Preferences/mobile/com.apple.SystemConfiguration.plist, accessed}
2025-09-22 23:24:01.123 Df TimedancersMeditation[28238:24314] [com.apple.network:connection] [C5 Hostname#89059d03:19000 in_progress parent-flow (satisfied (Path is satisfied), interface: en0[802.11], expensive, uses wifi)] event: flow:start_child @0.000s
2025-09-22 23:24:01.123 I  TimedancersMeditation[28238:24314] [com.apple.network:connection] nw_endpoint_handler_start [C5.1 Hostname#89059d03:19000 initial path ((null))]
2025-09-22 23:24:01.123 Db TimedancersMeditation[28238:24314] [com.apple.network:connection] nw_endpoint_flow_receive_report [C5 Hostname#89059d03:19000 in_progress parent-flow (satisfied (Path is satisfied), interface: en0[802.11], expensive, uses wifi)] received child report: [C5.1 Hostname#89059d03:19000 initial path ((null))]
2025-09-22 23:24:01.123 Df TimedancersMeditation[28238:24314] [com.apple.network:connection] [C5.1 Hostname#89059d03:19000 initial path ((null))] event: path:start @0.000s
2025-09-22 23:24:01.123 Db TimedancersMeditation[28238:24314] [com.apple.network:connection] nw_endpoint_handler_path_change [C5.1 Hostname#89059d03:19000 waiting path (satisfied (Path is satisfied), interface: en0[802.11], expensive, uses wifi)]
2025-09-22 23:24:01.123 Db TimedancersMeditation[28238:24314] [com.apple.networkextension:] ne_tracker_check_is_hostname_blocked() proceeding with the in_the_app check for hostname: localhost
2025-09-22 23:24:01.123 Db TimedancersMeditation[28238:24314] [com.apple.CFBundle:resources] Resource lookup at CFBundle 0x600003b081c0 </Users/russellbrown/Library/Developer/CoreSimulator/Devices/A90F393D-72AC-4F90-BBE5-9C3B184A3157/data/Containers/Bundle/Application/10B363D7-ADB7-42DA-8098-63DCD30F7BA7/TimedancersMeditation.app> (executable, loaded)
	Request       : InfoPlist type: strings
	Result        : None
2025-09-22 23:24:01.123 Db TimedancersMeditation[28238:24314] [com.apple.CFBundle:resources] Resource lookup at CFBundle 0x600003b081c0 </Users/russellbrown/Library/Developer/CoreSimulator/Devices/A90F393D-72AC-4F90-BBE5-9C3B184A3157/data/Containers/Bundle/Application/10B363D7-ADB7-42DA-8098-63DCD30F7BA7/TimedancersMeditation.app> (executable, loaded)
	Request       : InfoPlist type: stringsdict
	Result        : None
2025-09-22 23:24:01.123 Db TimedancersMeditation[28238:24314] [com.apple.networkextension:] ne_tracker_check_is_hostname_blocked(): hostname localhost is not a tracker. Returning: ne_tracker_status_none
2025-09-22 23:24:01.123 Db TimedancersMeditation[28238:24314] [com.apple.network:connection] nw_endpoint_flow_receive_report [C5 Hostname#89059d03:19000 in_progress parent-flow (satisfied (Path is satisfied), interface: en0[802.11], expensive, uses wifi)] received child report: [C5.1 Hostname#89059d03:19000 waiting path (satisfied (Path is satisfied), interface: en0[802.11], expensive, uses wifi)]
2025-09-22 23:24:01.123 Df TimedancersMeditation[28238:24314] [com.apple.network:connection] [C5.1 Hostname#89059d03:19000 waiting path (satisfied (Path is satisfied), interface: en0[802.11], expensive, uses wifi)] event: path:satisfied @0.000s, uuid: 10DD732D-AC42-44E7-A21A-B5FD8E635A64
2025-09-22 23:24:01.123 Db TimedancersMeditation[28238:24314] [com.apple.network:] nw_endpoint_proxy_handler_should_use_proxy Looking up proxy for hostname: localhost, ifindex: 0
2025-09-22 23:24:01.123 Db TimedancersMeditation[28238:24314] [com.apple.SystemConfiguration:SCPreferences] create <SCPreferences 0x102b43700 [0x1e6ebb4f0]> {name = SCDynamicStoreCopyProxiesWithOptions, id = /Library/Managed Preferences/mobile/com.apple.SystemConfiguration.plist, path = /Library/Managed Preferences/mobile/com.apple.SystemConfiguration.plist}
2025-09-22 23:24:01.123 Db TimedancersMeditation[28238:24314] [com.apple.SystemConfiguration:SCPreferences] SCPreferences() access: /Library/Managed Preferences/mobile/com.apple.SystemConfiguration.plist, size=0
2025-09-22 23:24:01.123 Db TimedancersMeditation[28238:24314] [com.apple.SystemConfiguration:SCPreferences] release <SCPreferences 0x102b43700 [0x1e6ebb4f0]> {name = SCDynamicStoreCopyProxiesWithOptions, id = /Library/Managed Preferences/mobile/com.apple.SystemConfiguration.plist, path = /Library/Managed Preferences/mobile/com.apple.SystemConfiguration.plist, accessed}
2025-09-22 23:24:01.123 Db TimedancersMeditation[28238:24314] [com.apple.network:connection] -[NWConcrete_nw_endpoint_resolver startWithHandler:] [C5.1 Hostname#89059d03:19000 waiting resolver (satisfied (Path is satisfied), interface: en0[802.11], expensive, uses wifi)]
2025-09-22 23:24:01.123 Db TimedancersMeditation[28238:24314] [com.apple.network:connection] nw_endpoint_flow_receive_report [C5 Hostname#89059d03:19000 in_progress parent-flow (satisfied (Path is satisfied), interface: en0[802.11], expensive, uses wifi)] received child report: [C5.1 Hostname#89059d03:19000 in_progress resolver (satisfied (Path is satisfied), interface: en0[802.11], expensive, uses wifi)]
2025-09-22 23:24:01.123 Df TimedancersMeditation[28238:24314] [com.apple.network:connection] [C5.1 Hostname#89059d03:19000 in_progress resolver (satisfied (Path is satisfied), interface: en0[802.11], expensive, uses wifi)] event: resolver:start_dns @0.000s
2025-09-22 23:24:01.123 Db TimedancersMeditation[28238:2431e] [com.apple.BaseBoard:Common] [BSBlockSentinel:FBSScene] signaled! 2 of 2
2025-09-22 23:24:01.123 Db TimedancersMeditation[28238:2431e] [com.apple.BaseBoard:Common] [BSBlockSentinel:FBSScene] dealloc
2025-09-22 23:24:01.123 Db TimedancersMeditation[28238:2431e] [com.apple.BaseBoard:Common] [BSBlockSentinel:FBSScene] signaled! 2 of 2
2025-09-22 23:24:01.123 Db TimedancersMeditation[28238:24314] [com.apple.networkextension:] ne_tracker_check_is_hostname_blocked() proceeding with the in_the_app check for hostname: localhost
2025-09-22 23:24:01.123 Db TimedancersMeditation[28238:2431e] [com.apple.BaseBoard:Common] [BSBlockSentinel:FBSScene] dealloc
2025-09-22 23:24:01.123 Db TimedancersMeditation[28238:24314] [com.apple.CFBundle:resources] Resource lookup at CFBundle 0x600003b081c0 </Users/russellbrown/Library/Developer/CoreSimulator/Devices/A90F393D-72AC-4F90-BBE5-9C3B184A3157/data/Containers/Bundle/Application/10B363D7-ADB7-42DA-8098-63DCD30F7BA7/TimedancersMeditation.app> (executable, loaded)
	Request       : InfoPlist type: strings
	Result        : None
2025-09-22 23:24:01.123 Db TimedancersMeditation[28238:24314] [com.apple.CFBundle:resources] Resource lookup at CFBundle 0x600003b081c0 </Users/russellbrown/Library/Developer/CoreSimulator/Devices/A90F393D-72AC-4F90-BBE5-9C3B184A3157/data/Containers/Bundle/Application/10B363D7-ADB7-42DA-8098-63DCD30F7BA7/TimedancersMeditation.app> (executable, loaded)
	Request       : InfoPlist type: stringsdict
	Result        : None
2025-09-22 23:24:01.123 Db TimedancersMeditation[28238:24314] [com.apple.networkextension:] ne_tracker_check_is_hostname_blocked(): hostname localhost is not a tracker. Returning: ne_tracker_status_none
2025-09-22 23:24:01.123 I  TimedancersMeditation[28238:24314] [com.apple.network:connection] nw_resolver_create_dns_service_locked [C5.1] Starting host resolution Hostname#89059d03:19000, flags 0xc000d000 proto 0
2025-09-22 23:24:01.123 Df TimedancersMeditation[28238:24314] [com.apple.CFNetwork:Default] Task <1A18B6C1-8468-4270-B93F-646800DE2F53>.<6> setting up Connection 5
2025-09-22 23:24:01.123 Db TimedancersMeditation[28238:24314] [com.apple.network:activity] Returning should log: 0 for activity cfnetwork:foreground_task
2025-09-22 23:24:01.123 I  TimedancersMeditation[28238:24314] [com.apple.network:connection] nw_connection_create_with_id [C6] create connection to Hostname#89059d03:8085
2025-09-22 23:24:01.123 Df TimedancersMeditation[28238:24314] [com.apple.CFNetwork:Default] Connection 6: starting, TC(0x0)
2025-09-22 23:24:01.123 Df TimedancersMeditation[28238:24314] [com.apple.network:connection] [C6 83AF69CF-D88F-40BE-AFCD-9D6CCBF70E98 Hostname#89059d03:8085 tcp, url: http://localhost:8085/status, definite, attribution: developer, context: com.apple.CFNetwork.NSURLSession.{509BE553-87CA-4552-A27C-24974D754E8F}{(null)}{Y}{2}{0x0} (private), proc: A3E2F401-DEA3-304B-AA25-D962D687F5D0] start
2025-09-22 23:24:01.123 I  TimedancersMeditation[28238:24314] [com.apple.network:connection] nw_endpoint_handler_start [C6 Hostname#89059d03:8085 initial parent-flow ((null))]
2025-09-22 23:24:01.123 Df TimedancersMeditation[28238:24314] [com.apple.network:connection] [C6 Hostname#89059d03:8085 initial parent-flow ((null))] event: path:start @0.000s
2025-09-22 23:24:01.123 Db TimedancersMeditation[28238:24314] [com.apple.network:connection] nw_endpoint_handler_path_change [C6 Hostname#89059d03:8085 waiting parent-flow (satisfied (Path is satisfied), interface: en0[802.11], expensive, uses wifi)]
2025-09-22 23:24:01.123 Db TimedancersMeditation[28238:24314] [com.apple.networkextension:] ne_tracker_check_is_hostname_blocked() proceeding with the in_the_app check for hostname: localhost
2025-09-22 23:24:01.123 Db TimedancersMeditation[28238:24314] [com.apple.CFBundle:resources] Resource lookup at CFBundle 0x600003b081c0 </Users/russellbrown/Library/Developer/CoreSimulator/Devices/A90F393D-72AC-4F90-BBE5-9C3B184A3157/data/Containers/Bundle/Application/10B363D7-ADB7-42DA-8098-63DCD30F7BA7/TimedancersMeditation.app> (executable, loaded)
	Request       : InfoPlist type: strings
	Result        : None
2025-09-22 23:24:01.123 Db TimedancersMeditation[28238:24314] [com.apple.CFBundle:resources] Resource lookup at CFBundle 0x600003b081c0 </Users/russellbrown/Library/Developer/CoreSimulator/Devices/A90F393D-72AC-4F90-BBE5-9C3B184A3157/data/Containers/Bundle/Application/10B363D7-ADB7-42DA-8098-63DCD30F7BA7/TimedancersMeditation.app> (executable, loaded)
	Request       : InfoPlist type: stringsdict
	Result        : None
2025-09-22 23:24:01.123 Db TimedancersMeditation[28238:24314] [com.apple.networkextension:] ne_tracker_check_is_hostname_blocked(): hostname localhost is not a tracker. Returning: ne_tracker_status_none
2025-09-22 23:24:01.123 Df TimedancersMeditation[28238:24314] [com.apple.network:connection] [C6 Hostname#89059d03:8085 waiting parent-flow (satisfied (Path is satisfied), interface: en0[802.11], expensive, uses wifi)] event: path:satisfied @0.000s, uuid: 72BF11C0-8351-4727-BEEB-03DBF5155937
2025-09-22 23:24:01.123 I  TimedancersMeditation[28238:24314] [com.apple.network:connection] nw_connection_endpoint_report_on_nw_queue_block_invoke [C6 Hostname#89059d03:8085 waiting parent-flow (satisfied (Path is satisfied), interface: en0[802.11], expensive, uses wifi)] skipping state update
2025-09-22 23:24:01.123 Db TimedancersMeditation[28238:24314] [com.apple.network:] nw_endpoint_proxy_handler_should_use_proxy Looking up proxy for hostname: localhost, ifindex: 0
2025-09-22 23:24:01.123 Db TimedancersMeditation[28238:24314] [com.apple.SystemConfiguration:SCPreferences] create <SCPreferences 0x102b10c90 [0x1e6ebb4f0]> {name = SCDynamicStoreCopyProxiesWithOptions, id = /Library/Managed Preferences/mobile/com.apple.SystemConfiguration.plist, path = /Library/Managed Preferences/mobile/com.apple.SystemConfiguration.plist}
2025-09-22 23:24:01.123 Db TimedancersMeditation[28238:24314] [com.apple.SystemConfiguration:SCPreferences] SCPreferences() access: /Library/Managed Preferences/mobile/com.apple.SystemConfiguration.plist, size=0
2025-09-22 23:24:01.123 Db TimedancersMeditation[28238:24314] [com.apple.SystemConfiguration:SCPreferences] release <SCPreferences 0x102b10c90 [0x1e6ebb4f0]> {name = SCDynamicStoreCopyProxiesWithOptions, id = /Library/Managed Preferences/mobile/com.apple.SystemConfiguration.plist, path = /Library/Managed Preferences/mobile/com.apple.SystemConfiguration.plist, accessed}
2025-09-22 23:24:01.124 Db TimedancersMeditation[28238:24314] [com.apple.network:connection] nw_endpoint_flow_attach_protocols [C6 Hostname#89059d03:8085 in_progress parent-flow (satisfied (Path is satisfied), interface: en0[802.11], expensive, uses wifi)]
2025-09-22 23:24:01.124 Db TimedancersMeditation[28238:24314] [com.apple.network:connection] nw_endpoint_flow_attach_protocols [C6 Hostname#89059d03:8085 in_progress parent-flow (satisfied (Path is satisfied), interface: en0[802.11], expensive, uses wifi)] stopping after adding persistent application protocols
2025-09-22 23:24:01.124 Db TimedancersMeditation[28238:24314] [com.apple.network:connection] nw_endpoint_flow_setup_protocols [C6 Hostname#89059d03:8085 in_progress parent-flow (satisfied (Path is satisfied), interface: en0[802.11], expensive, uses wifi)] persistent protocol stack, starting
2025-09-22 23:24:01.124 Df TimedancersMeditation[28238:24314] [com.apple.network:connection] [C6 Hostname#89059d03:8085 in_progress parent-flow (satisfied (Path is satisfied), interface: en0[802.11], expensive, uses wifi)] event: flow:start_connect @0.000s
2025-09-22 23:24:01.124 Df TimedancersMeditation[28238:24314] [com.apple.network:connection] nw_connection_report_state_with_handler_on_nw_queue [C6] reporting state preparing
2025-09-22 23:24:01.124 I  TimedancersMeditation[28238:24314] [com.apple.network:connection] nw_endpoint_flow_connect [C6 Hostname#89059d03:8085 in_progress parent-flow (satisfied (Path is satisfied), interface: en0[802.11], expensive, uses wifi)] connect bottom protocol
2025-09-22 23:24:01.124 Db TimedancersMeditation[28238:24314] [com.apple.network:connection] nw_endpoint_flow_start_child [C6 Hostname#89059d03:8085 in_progress parent-flow (satisfied (Path is satisfied), interface: en0[802.11], expensive, uses wifi)] creating and starting child handler
2025-09-22 23:24:01.124 Db TimedancersMeditation[28238:24314] [com.apple.network:] nw_endpoint_proxy_handler_should_use_proxy Looking up proxy for hostname: localhost, ifindex: 0
2025-09-22 23:24:01.124 Db TimedancersMeditation[28238:24314] [com.apple.SystemConfiguration:SCPreferences] create <SCPreferences 0x107813f40 [0x1e6ebb4f0]> {name = SCDynamicStoreCopyProxiesWithOptions, id = /Library/Managed Preferences/mobile/com.apple.SystemConfiguration.plist, path = /Library/Managed Preferences/mobile/com.apple.SystemConfiguration.plist}
2025-09-22 23:24:01.124 Db TimedancersMeditation[28238:24314] [com.apple.SystemConfiguration:SCPreferences] SCPreferences() access: /Library/Managed Preferences/mobile/com.apple.SystemConfiguration.plist, size=0
2025-09-22 23:24:01.124 Db TimedancersMeditation[28238:24314] [com.apple.SystemConfiguration:SCPreferences] release <SCPreferences 0x107813f40 [0x1e6ebb4f0]> {name = SCDynamicStoreCopyProxiesWithOptions, id = /Library/Managed Preferences/mobile/com.apple.SystemConfiguration.plist, path = /Library/Managed Preferences/mobile/com.apple.SystemConfiguration.plist, accessed}
2025-09-22 23:24:01.124 Df TimedancersMeditation[28238:24314] [com.apple.network:connection] [C6 Hostname#89059d03:8085 in_progress parent-flow (satisfied (Path is satisfied), interface: en0[802.11], expensive, uses wifi)] event: flow:start_child @0.000s
2025-09-22 23:24:01.124 I  TimedancersMeditation[28238:24314] [com.apple.network:connection] nw_endpoint_handler_start [C6.1 Hostname#89059d03:8085 initial path ((null))]
2025-09-22 23:24:01.124 Db TimedancersMeditation[28238:24314] [com.apple.network:connection] nw_endpoint_flow_receive_report [C6 Hostname#89059d03:8085 in_progress parent-flow (satisfied (Path is satisfied), interface: en0[802.11], expensive, uses wifi)] received child report: [C6.1 Hostname#89059d03:8085 initial path ((null))]
2025-09-22 23:24:01.124 Df TimedancersMeditation[28238:24314] [com.apple.network:connection] [C6.1 Hostname#89059d03:8085 initial path ((null))] event: path:start @0.000s
2025-09-22 23:24:01.124 Db TimedancersMeditation[28238:24314] [com.apple.network:connection] nw_endpoint_handler_path_change [C6.1 Hostname#89059d03:8085 waiting path (satisfied (Path is satisfied), interface: en0[802.11], expensive, uses wifi)]
2025-09-22 23:24:01.124 Db TimedancersMeditation[28238:24314] [com.apple.networkextension:] ne_tracker_check_is_hostname_blocked() proceeding with the in_the_app check for hostname: localhost
